Component: ARM Compiler 5.06 update 7 (build 960) Tool: armlink [4d3601]

==============================================================================

Section Cross References

    startup_stm32f405xx.o(RESET) refers to startup_stm32f405xx.o(STACK) for __initial_sp
    startup_stm32f405xx.o(RESET) refers to startup_stm32f405xx.o(.text) for Reset_Handler
    startup_stm32f405xx.o(RESET) refers to stm32f4xx_it.o(i.NMI_Handler) for NMI_Handler
    startup_stm32f405xx.o(RESET) refers to stm32f4xx_it.o(i.HardFault_Handler) for HardFault_Handler
    startup_stm32f405xx.o(RESET) refers to stm32f4xx_it.o(i.MemManage_Handler) for MemManage_Handler
    startup_stm32f405xx.o(RESET) refers to stm32f4xx_it.o(i.BusFault_Handler) for BusFault_Handler
    startup_stm32f405xx.o(RESET) refers to stm32f4xx_it.o(i.UsageFault_Handler) for UsageFault_Handler
    startup_stm32f405xx.o(RESET) refers to stm32f4xx_it.o(i.SVC_Handler) for SVC_Handler
    startup_stm32f405xx.o(RESET) refers to stm32f4xx_it.o(i.DebugMon_Handler) for DebugMon_Handler
    startup_stm32f405xx.o(RESET) refers to stm32f4xx_it.o(i.PendSV_Handler) for PendSV_Handler
    startup_stm32f405xx.o(RESET) refers to stm32f4xx_it.o(i.SysTick_Handler) for SysTick_Handler
    startup_stm32f405xx.o(RESET) refers to stm32f4xx_it.o(i.DMA1_Stream3_IRQHandler) for DMA1_Stream3_IRQHandler
    startup_stm32f405xx.o(RESET) refers to stm32f4xx_it.o(i.ADC_IRQHandler) for ADC_IRQHandler
    startup_stm32f405xx.o(RESET) refers to stm32f4xx_it.o(i.TIM1_BRK_TIM9_IRQHandler) for TIM1_BRK_TIM9_IRQHandler
    startup_stm32f405xx.o(RESET) refers to stm32f4xx_it.o(i.USART3_IRQHandler) for USART3_IRQHandler
    startup_stm32f405xx.o(RESET) refers to stm32f4xx_it.o(i.TIM5_IRQHandler) for TIM5_IRQHandler
    startup_stm32f405xx.o(.text) refers to system_stm32f4xx.o(i.SystemInit) for SystemInit
    startup_stm32f405xx.o(.text) refers to entry.o(.ARM.Collect$$$$00000000) for __main
    main.o(i.HAL_TIM_PeriodElapsedCallback) refers to bsp_system_time.o(i.system_timer_tick) for system_timer_tick
    main.o(i.SystemClock_Config) refers to memseta.o(.text) for __aeabi_memclr4
    main.o(i.SystemClock_Config) refers to stm32f4xx_hal_rcc.o(i.HAL_RCC_OscConfig) for HAL_RCC_OscConfig
    main.o(i.SystemClock_Config) refers to stm32f4xx_hal_rcc.o(i.HAL_RCC_ClockConfig) for HAL_RCC_ClockConfig
    main.o(i.main) refers to stm32f4xx_hal.o(i.HAL_Init) for HAL_Init
    main.o(i.main) refers to main.o(i.SystemClock_Config) for SystemClock_Config
    main.o(i.main) refers to gpio.o(i.MX_GPIO_Init) for MX_GPIO_Init
    main.o(i.main) refers to dma.o(i.MX_DMA_Init) for MX_DMA_Init
    main.o(i.main) refers to can.o(i.MX_CAN1_Init) for MX_CAN1_Init
    main.o(i.main) refers to tim.o(i.MX_TIM1_Init) for MX_TIM1_Init
    main.o(i.main) refers to adc.o(i.MX_ADC1_Init) for MX_ADC1_Init
    main.o(i.main) refers to adc.o(i.MX_ADC2_Init) for MX_ADC2_Init
    main.o(i.main) refers to iwdg.o(i.MX_IWDG_Init) for MX_IWDG_Init
    main.o(i.main) refers to tim.o(i.MX_TIM5_Init) for MX_TIM5_Init
    main.o(i.main) refers to usart.o(i.MX_USART3_UART_Init) for MX_USART3_UART_Init
    main.o(i.main) refers to adc.o(i.MX_ADC3_Init) for MX_ADC3_Init
    main.o(i.main) refers to bsp.o(i.bsp_Init) for bsp_Init
    main.o(i.main) refers to bsp.o(i.hal_fast_loop) for hal_fast_loop
    main.o(i.main) refers to bsp_system_time.o(i.get_system_time_ms) for get_system_time_ms
    main.o(i.main) refers to bsp.o(i.hal_1hz_loop) for hal_1hz_loop
    main.o(i.main) refers to bsp.o(i.hal_2hz_loop) for hal_2hz_loop
    main.o(i.main) refers to bsp.o(i.hal_10hz_loop) for hal_10hz_loop
    main.o(i.main) refers to bsp.o(i.hal_50hz_loop) for hal_50hz_loop
    main.o(i.main) refers to bsp.o(i.hal_100hz_loop) for hal_100hz_loop
    main.o(i.main) refers to bsp.o(i.hal_1000hz_loop) for hal_1000hz_loop
    main.o(i.main) refers to main.o(.data) for .data
    main.o(.data) refers to tim.o(.bss) for htim5
    gpio.o(i.MX_GPIO_Init) refers to memseta.o(.text) for __aeabi_memclr4
    gpio.o(i.MX_GPIO_Init) refers to stm32f4xx_hal_gpio.o(i.HAL_GPIO_WritePin) for HAL_GPIO_WritePin
    gpio.o(i.MX_GPIO_Init) refers to stm32f4xx_hal_gpio.o(i.HAL_GPIO_Init) for HAL_GPIO_Init
    adc.o(i.HAL_ADC_MspDeInit) refers to stm32f4xx_hal_gpio.o(i.HAL_GPIO_DeInit) for HAL_GPIO_DeInit
    adc.o(i.HAL_ADC_MspInit) refers to memseta.o(.text) for __aeabi_memclr4
    adc.o(i.HAL_ADC_MspInit) refers to stm32f4xx_hal_gpio.o(i.HAL_GPIO_Init) for HAL_GPIO_Init
    adc.o(i.HAL_ADC_MspInit) refers to stm32f4xx_hal_cortex.o(i.HAL_NVIC_SetPriority) for HAL_NVIC_SetPriority
    adc.o(i.HAL_ADC_MspInit) refers to stm32f4xx_hal_cortex.o(i.HAL_NVIC_EnableIRQ) for HAL_NVIC_EnableIRQ
    adc.o(i.MX_ADC1_Init) refers to memseta.o(.text) for __aeabi_memclr4
    adc.o(i.MX_ADC1_Init) refers to stm32f4xx_hal_adc.o(i.HAL_ADC_Init) for HAL_ADC_Init
    adc.o(i.MX_ADC1_Init) refers to main.o(i.Error_Handler) for Error_Handler
[...]
    Removing stm32f4xx_hal_tim_ex.o(.revsh_text), (4 bytes).
    Removing stm32f4xx_hal_tim_ex.o(.rrx_text), (6 bytes).
    Removing stm32f4xx_hal_tim_ex.o(i.HAL_TIMEx_CommutHalfCpltCallback), (2 bytes).
    Removing stm32f4xx_hal_tim_ex.o(i.HAL_TIMEx_ConfigCommutEvent), (112 bytes).
    Removing stm32f4xx_hal_tim_ex.o(i.HAL_TIMEx_ConfigCommutEvent_DMA), (144 bytes).
    Removing stm32f4xx_hal_tim_ex.o(i.HAL_TIMEx_ConfigCommutEvent_IT), (112 bytes).
    Removing stm32f4xx_hal_tim_ex.o(i.HAL_TIMEx_GetChannelNState), (34 bytes).
    Removing stm32f4xx_hal_tim_ex.o(i.HAL_TIMEx_HallSensor_DeInit), (76 bytes).
    Removing stm32f4xx_hal_tim_ex.o(i.HAL_TIMEx_HallSensor_GetState), (6 bytes).
    Removing stm32f4xx_hal_tim_ex.o(i.HAL_TIMEx_HallSensor_Init), (208 bytes).
    Removing stm32f4xx_hal_tim_ex.o(i.HAL_TIMEx_HallSensor_MspDeInit), (2 bytes).
    Removing stm32f4xx_hal_tim_ex.o(i.HAL_TIMEx_HallSensor_MspInit), (2 bytes).
    Removing stm32f4xx_hal_tim_ex.o(i.HAL_TIMEx_HallSensor_Start), (168 bytes).
    Removing stm32f4xx_hal_tim_ex.o(i.HAL_TIMEx_HallSensor_Start_DMA), (224 bytes).
    Removing stm32f4xx_hal_tim_ex.o(i.HAL_TIMEx_HallSensor_Start_IT), (180 bytes).
    Removing stm32f4xx_hal_tim_ex.o(i.HAL_TIMEx_HallSensor_Stop), (58 bytes).
    Removing stm32f4xx_hal_tim_ex.o(i.HAL_TIMEx_HallSensor_Stop_DMA), (70 bytes).
    Removing stm32f4xx_hal_tim_ex.o(i.HAL_TIMEx_HallSensor_Stop_IT), (68 bytes).
    Removing stm32f4xx_hal_tim_ex.o(i.HAL_TIMEx_OCN_Start), (192 bytes).
    Removing stm32f4xx_hal_tim_ex.o(i.HAL_TIMEx_OCN_Start_DMA), (392 bytes).
    Removing stm32f4xx_hal_tim_ex.o(i.HAL_TIMEx_OCN_Start_IT), (232 bytes).
    Removing stm32f4xx_hal_tim_ex.o(i.HAL_TIMEx_OCN_Stop), (104 bytes).
    Removing stm32f4xx_hal_tim_ex.o(i.HAL_TIMEx_OCN_Stop_DMA), (168 bytes).
    Removing stm32f4xx_hal_tim_ex.o(i.HAL_TIMEx_OCN_Stop_IT), (170 bytes).
    Removing stm32f4xx_hal_tim_ex.o(i.HAL_TIMEx_OnePulseN_Start), (100 bytes).
    Removing stm32f4xx_hal_tim_ex.o(i.HAL_TIMEx_OnePulseN_Start_IT), (120 bytes).
    Removing stm32f4xx_hal_tim_ex.o(i.HAL_TIMEx_OnePulseN_Stop), (98 bytes).
    Removing stm32f4xx_hal_tim_ex.o(i.HAL_TIMEx_OnePulseN_Stop_IT), (120 bytes).
    Removing stm32f4xx_hal_tim_ex.o(i.HAL_TIMEx_PWMN_Start), (192 bytes).
    Removing stm32f4xx_hal_tim_ex.o(i.HAL_TIMEx_PWMN_Start_DMA), (392 bytes).
    Removing stm32f4xx_hal_tim_ex.o(i.HAL_TIMEx_PWMN_Start_IT), (232 bytes).
    Removing stm32f4xx_hal_tim_ex.o(i.HAL_TIMEx_PWMN_Stop), (104 bytes).
    Removing stm32f4xx_hal_tim_ex.o(i.HAL_TIMEx_PWMN_Stop_DMA), (168 bytes).
    Removing stm32f4xx_hal_tim_ex.o(i.HAL_TIMEx_PWMN_Stop_IT), (170 bytes).
    Removing stm32f4xx_hal_tim_ex.o(i.HAL_TIMEx_RemapConfig), (28 bytes).
    Removing stm32f4xx_hal_tim_ex.o(i.TIMEx_DMACommutationCplt), (16 bytes).
    Removing stm32f4xx_hal_tim_ex.o(i.TIMEx_DMACommutationHalfCplt), (16 bytes).
    Removing stm32f4xx_hal_tim_ex.o(i.TIM_CCxNChannelCmd), (26 bytes).
    Removing stm32f4xx_hal_tim_ex.o(i.TIM_DMADelayPulseNCplt), (74 bytes).
    Removing stm32f4xx_hal_tim_ex.o(i.TIM_DMAErrorCCxN), (62 bytes).
    Removing stm32f4xx_hal_uart.o(.rev16_text), (4 bytes).
    Removing stm32f4xx_hal_uart.o(.revsh_text), (4 bytes).
    Removing stm32f4xx_hal_uart.o(.rrx_text), (6 bytes).
    Removing stm32f4xx_hal_uart.o(i.HAL_HalfDuplex_EnableReceiver), (50 bytes).
    Removing stm32f4xx_hal_uart.o(i.HAL_HalfDuplex_EnableTransmitter), (50 bytes).
    Removing stm32f4xx_hal_uart.o(i.HAL_HalfDuplex_Init), (110 bytes).
    Removing stm32f4xx_hal_uart.o(i.HAL_LIN_Init), (130 bytes).
    Removing stm32f4xx_hal_uart.o(i.HAL_LIN_SendBreak), (60 bytes).
    Removing stm32f4xx_hal_uart.o(i.HAL_MultiProcessor_EnterMuteMode), (62 bytes).
    Removing stm32f4xx_hal_uart.o(i.HAL_MultiProcessor_ExitMuteMode), (62 bytes).
    Removing stm32f4xx_hal_uart.o(i.HAL_MultiProcessor_Init), (144 bytes).
    Removing stm32f4xx_hal_uart.o(i.HAL_UARTEx_GetRxEventType), (4 bytes).
    Removing stm32f4xx_hal_uart.o(i.HAL_UARTEx_ReceiveToIdle), (240 bytes).
    Removing stm32f4xx_hal_uart.o(i.HAL_UARTEx_ReceiveToIdle_DMA), (74 bytes).
    Removing stm32f4xx_hal_uart.o(i.HAL_UARTEx_ReceiveToIdle_IT), (78 bytes).
    Removing stm32f4xx_hal_uart.o(i.HAL_UART_Abort), (210 bytes).
    Removing stm32f4xx_hal_uart.o(i.HAL_UART_AbortCpltCallback), (2 bytes).
    Removing stm32f4xx_hal_uart.o(i.HAL_UART_AbortReceive), (148 bytes).
    Removing stm32f4xx_hal_uart.o(i.HAL_UART_AbortReceiveCpltCallback), (2 bytes).
    Removing stm32f4xx_hal_uart.o(i.HAL_UART_AbortReceive_IT), (152 bytes).
    Removing stm32f4xx_hal_uart.o(i.HAL_UART_AbortTransmit), (98 bytes).
    Removing stm32f4xx_hal_uart.o(i.HAL_UART_AbortTransmitCpltCallback), (2 bytes).
    Removing stm32f4xx_hal_uart.o(i.HAL_UART_AbortTransmit_IT), (104 bytes).
    Removing stm32f4xx_hal_uart.o(i.HAL_UART_Abort_IT), (244 bytes).
    Removing stm32f4xx_hal_uart.o(i.HAL_UART_DMAPause), (120 bytes).
    Removing stm32f4xx_hal_uart.o(i.HAL_UART_DMAResume), (114 bytes).
    Removing stm32f4xx_hal_uart.o(i.HAL_UART_DMAStop), (112 bytes).
    Removing stm32f4xx_hal_uart.o(i.HAL_UART_ErrorCallback), (2 bytes).
    Removing stm32f4xx_hal_uart.o(i.HAL_UART_GetError), (4 bytes).
    Removing stm32f4xx_hal_uart.o(i.HAL_UART_GetState), (10 bytes).
    Removing stm32f4xx_hal_uart.o(i.HAL_UART_MspDeInit), (2 bytes).
    Removing stm32f4xx_hal_uart.o(i.HAL_UART_MspInit), (2 bytes).
    Removing stm32f4xx_hal_uart.o(i.HAL_UART_Receive), (176 bytes).
    Removing stm32f4xx_hal_uart.o(i.HAL_UART_Receive_DMA), (28 bytes).
    Removing stm32f4xx_hal_uart.o(i.HAL_UART_RxCpltCallback), (2 bytes).
    Removing stm32f4xx_hal_uart.o(i.HAL_UART_RxHalfCpltCallback), (2 bytes).
    Removing stm32f4xx_hal_uart.o(i.HAL_UART_Transmit), (160 bytes).
    Removing stm32f4xx_hal_uart.o(i.HAL_UART_Transmit_DMA), (132 bytes).
    Removing stm32f4xx_hal_uart.o(i.HAL_UART_Transmit_IT), (50 bytes).
    Removing stm32f4xx_hal_uart.o(i.HAL_UART_TxHalfCpltCallback), (2 bytes).
    Removing stm32f4xx_hal_uart.o(i.UART_DMAError), (74 bytes).
    Removing stm32f4xx_hal_uart.o(i.UART_DMAReceiveCplt), (134 bytes).
    Removing stm32f4xx_hal_uart.o(i.UART_DMARxAbortCallback), (44 bytes).
    Removing stm32f4xx_hal_uart.o(i.UART_DMARxHalfCplt), (30 bytes).
    Removing stm32f4xx_hal_uart.o(i.UART_DMARxOnlyAbortCallback), (22 bytes).
    Removing stm32f4xx_hal_uart.o(i.UART_DMATransmitCplt), (66 bytes).
    Removing stm32f4xx_hal_uart.o(i.UART_DMATxAbortCallback), (44 bytes).
    Removing stm32f4xx_hal_uart.o(i.UART_DMATxHalfCplt), (10 bytes).
    Removing stm32f4xx_hal_uart.o(i.UART_DMATxOnlyAbortCallback), (20 bytes).
    Removing stm32f4xx_hal_uart.o(i.UART_EndTxTransfer), (28 bytes).
    Removing stm32f4xx_hal_uart.o(i.UART_Start_Receive_DMA), (160 bytes).
    Removing stm32f4xx_hal_uart.o(i.UART_WaitOnFlagUntilTimeout), (114 bytes).
    Removing system_stm32f4xx.o(.rev16_text), (4 bytes).
    Removing system_stm32f4xx.o(.revsh_text), (4 bytes).
    Removing system_stm32f4xx.o(.rrx_text), (6 bytes).
    Removing system_stm32f4xx.o(i.SystemCoreClockUpdate), (120 bytes).

545 unused section(s) (total 35716 bytes) removed from the image.

==============================================================================

Image Symbol Table

    Local Symbols

    Symbol Name                              Value     Ov Type        Size  Object(Section)

    ../Core/Src/adc.c                        0x00000000   Number         0  adc.o ABSOLUTE
    ../Core/Src/can.c                        0x00000000   Number         0  can.o ABSOLUTE
    ../Core/Src/dma.c                        0x00000000   Number         0  dma.o ABSOLUTE
    ../Core/Src/gpio.c                       0x00000000   Number         0  gpio.o ABSOLUTE
    ../Core/Src/iwdg.c                       0x00000000   Number         0  iwdg.o ABSOLUTE
    ../Core/Src/main.c                       0x00000000   Number         0  main.o ABSOLUTE
    ../Core/Src/stm32f4xx_hal_msp.c          0x00000000   Number         0  stm32f4xx_hal_msp.o ABSOLUTE
    ../Core/Src/stm32f4xx_it.c               0x00000000   Number         0  stm32f4xx_it.o ABSOLUTE
    ../Core/Src/system_stm32f4xx.c           0x00000000   Number         0  system_stm32f4xx.o ABSOLUTE
    ../Core/Src/tim.c                        0x00000000   Number         0  tim.o ABSOLUTE
    ../Core/Src/usart.c                      0x00000000   Number         0  usart.o ABSOLUTE
    ../Drivers/STM32F4xx_HAL_Driver/Src/stm32f4xx_hal.c 0x00000000   Number         0  stm32f4xx_hal.o ABSOLUTE
    ../Drivers/STM32F4xx_HAL_Driver/Src/stm32f4xx_hal_adc.c 0x00000000   Number         0  stm32f4xx_hal_adc.o ABSOLUTE
    ../Drivers/STM32F4xx_HAL_Driver/Src/stm32f4xx_hal_adc_ex.c 0x00000000   Number         0  stm32f4xx_hal_adc_ex.o ABSOLUTE
    ../Drivers/STM32F4xx_HAL_Driver/Src/stm32f4xx_hal_can.c 0x00000000   Number         0  stm32f4xx_hal_can.o ABSOLUTE
    ../Drivers/STM32F4xx_HAL_Driver/Src/stm32f4xx_hal_cortex.c 0x00000000   Number         0  stm32f4xx_hal_cortex.o ABSOLUTE
    ../Drivers/STM32F4xx_HAL_Driver/Src/stm32f4xx_hal_dma.c 0x00000000   Number         0  stm32f4xx_hal_dma.o ABSOLUTE
    ../Drivers/STM32F4xx_HAL_Driver/Src/stm32f4xx_hal_dma_ex.c 0x00000000   Number         0  stm32f4xx_hal_dma_ex.o ABSOLUTE
    ../Drivers/STM32F4xx_HAL_Driver/Src/stm32f4xx_hal_exti.c 0x00000000   Number         0  stm32f4xx_hal_exti.o ABSOLUTE
    ../Drivers/STM32F4xx_HAL_Driver/Src/stm32f4xx_hal_flash.c 0x00000000   Number         0  stm32f4xx_hal_flash.o ABSOLUTE
    ../Drivers/STM32F4xx_HAL_Driver/Src/stm32f4xx_hal_flash_ex.c 0x00000000   Number         0  stm32f4xx_hal_flash_ex.o ABSOLUTE
    ../Drivers/STM32F4xx_HAL_Driver/Src/stm32f4xx_hal_flash_ramfunc.c 0x00000000   Number         0  stm32f4xx_hal_flash_ramfunc.o ABSOLUTE
    ../Drivers/STM32F4xx_HAL_Driver/Src/stm32f4xx_hal_gpio.c 0x00000000   Number         0  stm32f4xx_hal_gpio.o ABSOLUTE
    ../Drivers/STM32F4xx_HAL_Driver/Src/stm32f4xx_hal_iwdg.c 0x00000000   Number         0  stm32f4xx_hal_iwdg.o ABSOLUTE
    ../Drivers/STM32F4xx_HAL_Driver/Src/stm32f4xx_hal_pwr.c 0x00000000   Number         0  stm32f4xx_hal_pwr.o ABSOLUTE
    ../Drivers/STM32F4xx_HAL_Driver/Src/stm32f4xx_hal_pwr_ex.c 0x00000000   Number         0  stm32f4xx_hal_pwr_ex.o ABSOLUTE
    ../Drivers/STM32F4xx_HAL_Driver/Src/stm32f4xx_hal_rcc.c 0x00000000   Number         0  stm32f4xx_hal_rcc.o ABSOLUTE
    ../Drivers/STM32F4xx_HAL_Driver/Src/stm32f4xx_hal_rcc_ex.c 0x00000000   Number         0  stm32f4xx_hal_rcc_ex.o ABSOLUTE
    ../Drivers/STM32F4xx_HAL_Driver/Src/stm32f4xx_hal_tim.c 0x00000000   Number         0  stm32f4xx_hal_tim.o ABSOLUTE
    ../Drivers/STM32F4xx_HAL_Driver/Src/stm32f4xx_hal_tim_ex.c 0x00000000   Number         0  stm32f4xx_hal_tim_ex.o ABSOLUTE
    ../Drivers/STM32F4xx_HAL_Driver/Src/stm32f4xx_hal_uart.c 0x00000000   Number         0  stm32f4xx_hal_uart.o ABSOLUTE
    ../Drivers/STM32F4xx_HAL_Driver/Src/stm32f4xx_ll_adc.c 0x00000000   Number         0  stm32f4xx_ll_adc.o ABSOLUTE
    ../clib/microlib/division.c              0x00000000   Number         0  uldiv.o ABSOLUTE
    ../clib/microlib/init/entry.s            0x00000000   Number         0  entry.o ABSOLUTE
    ../clib/microlib/init/entry.s            0x00000000   Number         0  entry2.o ABSOLUTE
    ../clib/microlib/init/entry.s            0x00000000   Number         0  entry5.o ABSOLUTE
    ../clib/microlib/init/entry.s            0x00000000   Number         0  entry7a.o ABSOLUTE
    ../clib/microlib/init/entry.s            0x00000000   Number         0  entry7b.o ABSOLUTE
    ../clib/microlib/init/entry.s            0x00000000   Number         0  entry12b.o ABSOLUTE
    ../clib/microlib/init/entry.s            0x00000000   Number         0  entry12a.o ABSOLUTE
    ../clib/microlib/init/entry.s            0x00000000   Number         0  entry11b.o ABSOLUTE
    ../clib/microlib/init/entry.s            0x00000000   Number         0  entry11a.o ABSOLUTE
    ../clib/microlib/init/entry.s            0x00000000   Number         0  entry10b.o ABSOLUTE
    ../clib/microlib/init/entry.s            0x00000000   Number         0  entry10a.o ABSOLUTE
    ../clib/microlib/init/entry.s            0x00000000   Number         0  entry9b.o ABSOLUTE
    ../clib/microlib/init/entry.s            0x00000000   Number         0  entry9a.o ABSOLUTE
    ../clib/microlib/init/entry.s            0x00000000   Number         0  entry8a.o ABSOLUTE
    ../clib/microlib/init/entry.s            0x00000000   Number         0  entry8b.o ABSOLUTE
    ../clib/microlib/longlong.c              0x00000000   Number         0  llushr.o ABSOLUTE
    ../clib/microlib/longlong.c              0x00000000   Number         0  llshl.o ABSOLUTE
    ../clib/microlib/string/memcpy.c         0x00000000   Number         0  memcpya.o ABSOLUTE
    ../clib/microlib/string/memcpy.c         0x00000000   Number         0  memcpyb.o ABSOLUTE
    ../clib/microlib/string/memset.c         0x00000000   Number         0  memseta.o ABSOLUTE
    ..\APP\app_motor_uart_parse.c            0x00000000   Number         0  app_motor_uart_parse.o ABSOLUTE
    ..\BSP\bsp.c                             0x00000000   Number         0  bsp.o ABSOLUTE
    ..\BSP\bsp_ringbuff.c                    0x00000000   Number         0  bsp_ringbuff.o ABSOLUTE
    ..\BSP\bsp_system_time.c                 0x00000000   Number         0  bsp_system_time.o ABSOLUTE
    ..\BSP\src\bsp_can.c                     0x00000000   Number         0  bsp_can.o ABSOLUTE
    ..\BSP\src\bsp_key.c                     0x00000000   Number         0  bsp_key.o ABSOLUTE
    ..\BSP\src\bsp_led.c                     0x00000000   Number         0  bsp_led.o ABSOLUTE
    ..\BSP\src\bsp_uart.c                    0x00000000   Number         0  bsp_uart.o ABSOLUTE
    ..\Core\Src\adc.c                        0x00000000   Number         0  adc.o ABSOLUTE
    ..\Core\Src\can.c                        0x00000000   Number         0  can.o ABSOLUTE
    ..\Core\Src\dma.c                        0x00000000   Number         0  dma.o ABSOLUTE
    ..\Core\Src\gpio.c                       0x00000000   Number         0  gpio.o ABSOLUTE
    ..\Core\Src\iwdg.c                       0x00000000   Number         0  iwdg.o ABSOLUTE
    ..\Core\Src\main.c                       0x00000000   Number         0  main.o ABSOLUTE
    ..\Core\Src\stm32f4xx_hal_msp.c          0x00000000   Number         0  stm32f4xx_hal_msp.o ABSOLUTE
    ..\Core\Src\stm32f4xx_it.c               0x00000000   Number         0  stm32f4xx_it.o ABSOLUTE
    ..\Core\Src\system_stm32f4xx.c           0x00000000   Number         0  system_stm32f4xx.o ABSOLUTE
    ..\Core\Src\tim.c                        0x00000000   Number         0  tim.o ABSOLUTE
    ..\Core\Src\usart.c                      0x00000000   Number         0  usart.o ABSOLUTE
    ..\Drivers\STM32F4xx_HAL_Driver\Src\stm32f4xx_hal.c 0x00000000   Number         0  stm32f4xx_hal.o ABSOLUTE
    ..\Drivers\STM32F4xx_HAL_Driver\Src\stm32f4xx_hal_adc.c 0x00000000   Number         0  stm32f4xx_hal_adc.o ABSOLUTE
    ..\Drivers\STM32F4xx_HAL_Driver\Src\stm32f4xx_hal_adc_ex.c 0x00000000   Number         0  stm32f4xx_hal_adc_ex.o ABSOLUTE
    ..\Drivers\STM32F4xx_HAL_Driver\Src\stm32f4xx_hal_can.c 0x00000000   Number         0  stm32f4xx_hal_can.o ABSOLUTE
    ..\Drivers\STM32F4xx_HAL_Driver\Src\stm32f4xx_hal_cortex.c 0x00000000   Number         0  stm32f4xx_hal_cortex.o ABSOLUTE
    ..\Drivers\STM32F4xx_HAL_Driver\Src\stm32f4xx_hal_dma.c 0x00000000   Number         0  stm32f4xx_hal_dma.o ABSOLUTE
    ..\Drivers\STM32F4xx_HAL_Driver\Src\stm32f4xx_hal_dma_ex.c 0x00000000   Number         0  stm32f4xx_hal_dma_ex.o ABSOLUTE
    ..\Drivers\STM32F4xx_HAL_Driver\Src\stm32f4xx_hal_exti.c 0x00000000   Number         0  stm32f4xx_hal_exti.o ABSOLUTE
    ..\Drivers\STM32F4xx_HAL_Driver\Src\stm32f4xx_hal_flash.c 0x00000000   Number         0  stm32f4xx_hal_flash.o ABSOLUTE
    ..\Drivers\STM32F4xx_HAL_Driver\Src\stm32f4xx_hal_flash_ex.c 0x00000000   Number         0  stm32f4xx_hal_flash_ex.o ABSOLUTE
    ..\Drivers\STM32F4xx_HAL_Driver\Src\stm32f4xx_hal_flash_ramfunc.c 0x00000000   Number         0  stm32f4xx_hal_flash_ramfunc.o ABSOLUTE
    ..\Drivers\STM32F4xx_HAL_Driver\Src\stm32f4xx_hal_gpio.c 0x00000000   Number         0  stm32f4xx_hal_gpio.o ABSOLUTE
    ..\Drivers\STM32F4xx_HAL_Driver\Src\stm32f4xx_hal_iwdg.c 0x00000000   Number         0  stm32f4xx_hal_iwdg.o ABSOLUTE
    ..\Drivers\STM32F4xx_HAL_Driver\Src\stm32f4xx_hal_pwr.c 0x00000000   Number         0  stm32f4xx_hal_pwr.o ABSOLUTE
    ..\Drivers\STM32F4xx_HAL_Driver\Src\stm32f4xx_hal_pwr_ex.c 0x00000000   Number         0  stm32f4xx_hal_pwr_ex.o ABSOLUTE
    ..\Drivers\STM32F4xx_HAL_Driver\Src\stm32f4xx_hal_rcc.c 0x00000000   Number         0  stm32f4xx_hal_rcc.o ABSOLUTE
    ..\Drivers\STM32F4xx_HAL_Driver\Src\stm32f4xx_hal_rcc_ex.c 0x00000000   Number         0  stm32f4xx_hal_rcc_ex.o ABSOLUTE
    ..\Drivers\STM32F4xx_HAL_Driver\Src\stm32f4xx_hal_tim.c 0x00000000   Number         0  stm32f4xx_hal_tim.o ABSOLUTE
    ..\Drivers\STM32F4xx_HAL_Driver\Src\stm32f4xx_hal_tim_ex.c 0x00000000   Number         0  stm32f4xx_hal_tim_ex.o ABSOLUTE
    ..\Drivers\STM32F4xx_HAL_Driver\Src\stm32f4xx_hal_uart.c 0x00000000   Number         0  stm32f4xx_hal_uart.o ABSOLUTE
    ..\\APP\\app_motor_uart_parse.c          0x00000000   Number         0  app_motor_uart_parse.o ABSOLUTE
    ..\\BSP\\bsp.c                           0x00000000   Number         0  bsp.o ABSOLUTE
    ..\\BSP\\bsp_system_time.c               0x00000000   Number         0  bsp_system_time.o ABSOLUTE
    ..\\BSP\\src\\bsp_can.c                  0x00000000   Number         0  bsp_can.o ABSOLUTE
    ..\\BSP\\src\\bsp_key.c                  0x00000000   Number         0  bsp_key.o ABSOLUTE
    ..\\BSP\\src\\bsp_led.c                  0x00000000   Number         0  bsp_led.o ABSOLUTE
    ..\\BSP\\src\\bsp_uart.c                 0x00000000   Number         0  bsp_uart.o ABSOLUTE
    dc.s                                     0x00000000   Number         0  dc.o ABSOLUTE
    handlers.s                               0x00000000   Number         0  handlers.o ABSOLUTE
    init.s                                   0x00000000   Number         0  init.o ABSOLUTE
    startup_stm32f405xx.s                    0x00000000   Number         0  startup_stm32f405xx.o ABSOLUTE
    RESET                                    0x08000000   Section      392  startup_stm32f405xx.o(RESET)
    .ARM.Collect$$$$00000000                 0x08000188   Section        0  entry.o(.ARM.Collect$$$$00000000)
    .ARM.Collect$$$$00000001                 0x08000188   Section        4  entry2.o(.ARM.Collect$$$$00000001)
    .ARM.Collect$$$$00000004                 0x0800018c   Section        4  entry5.o(.ARM.Collect$$$$00000004)
    .ARM.Collect$$$$00000008                 0x08000190   Section        0  entry7b.o(.ARM.Collect$$$$00000008)
    .ARM.Collect$$$$0000000A                 0x08000190   Section        0  entry8b.o(.ARM.Collect$$$$0000000A)
    .ARM.Collect$$$$0000000B                 0x08000190   Section        8  entry9a.o(.ARM.Collect$$$$0000000B)
    .ARM.Collect$$$$0000000E                 0x08000198   Section        4  entry12b.o(.ARM.Collect$$$$0000000E)
    .ARM.Collect$$$$0000000F                 0x0800019c   Section        0  entry10a.o(.ARM.Collect$$$$0000000F)
    .ARM.Collect$$$$00000011                 0x0800019c   Section        0  entry11a.o(.ARM.Collect$$$$00000011)
    .ARM.Collect$$$$00002712                 0x0800019c   Section        4  entry2.o(.ARM.Collect$$$$00002712)
    __lit__00000000                          0x0800019c   Data           4  entry2.o(.ARM.Collect$$$$00002712)
    .text                                    0x080001a0   Section       36  startup_stm32f405xx.o(.text)
    $v0                                      0x080001a0   Number         0  startup_stm32f405xx.o(.text)
    .text                                    0x080001c4   Section        0  uldiv.o(.text)
    .text                                    0x08000226   Section        0  memseta.o(.text)
    .text                                    0x0800024a   Section        0  llshl.o(.text)
    .text                                    0x08000268   Section        0  llushr.o(.text)
    .text                                    0x08000288   Section       36  init.o(.text)
    i.ADC_IRQHandler                         0x080002ac   Section        0  stm32f4xx_it.o(i.ADC_IRQHandler)
    i.ADC_Init                               0x080002d0   Section        0  stm32f4xx_hal_adc.o(i.ADC_Init)
    ADC_Init                                 0x080002d1   Thumb Code   284  stm32f4xx_hal_adc.o(i.ADC_Init)
    i.BSP_LED_Init                           0x080003f8   Section        0  bsp_led.o(i.BSP_LED_Init)
    i.BusFault_Handler                       0x080003fc   Section        0  stm32f4xx_it.o(i.BusFault_Handler)
    i.DMA1_Stream3_IRQHandler                0x08000400   Section        0  stm32f4xx_it.o(i.DMA1_Stream3_IRQHandler)
    i.DMA_CalcBaseAndBitshift                0x0800040c   Section        0  stm32f4xx_hal_dma.o(i.DMA_CalcBaseAndBitshift)
    DMA_CalcBaseAndBitshift                  0x0800040d   Thumb Code    34  stm32f4xx_hal_dma.o(i.DMA_CalcBaseAndBitshift)
    i.DMA_CheckFifoParam                     0x08000434   Section        0  stm32f4xx_hal_dma.o(i.DMA_CheckFifoParam)
    DMA_CheckFifoParam                       0x08000435   Thumb Code    84  stm32f4xx_hal_dma.o(i.DMA_CheckFifoParam)
    i.DebugMon_Handler                       0x08000488   Section        0  stm32f4xx_it.o(i.DebugMon_Handler)
    i.Error_Handler                          0x0800048a   Section        0  main.o(i.Error_Handler)
    i.HAL_ADCEx_InjectedConfigChannel        0x08000490   Section        0  stm32f4xx_hal_adc_ex.o(i.HAL_ADCEx_InjectedConfigChannel)
    i.HAL_ADCEx_InjectedConvCpltCallback     0x0800064c   Section        0  stm32f4xx_hal_adc_ex.o(i.HAL_ADCEx_InjectedConvCpltCallback)
    i.HAL_ADC_ConfigChannel                  0x08000650   Section        0  stm32f4xx_hal_adc.o(i.HAL_ADC_ConfigChannel)
    i.HAL_ADC_ConvCpltCallback               0x0800079c   Section        0  stm32f4xx_hal_adc.o(i.HAL_ADC_ConvCpltCallback)
    i.HAL_ADC_ErrorCallback                  0x0800079e   Section        0  stm32f4xx_hal_adc.o(i.HAL_ADC_ErrorCallback)
    i.HAL_ADC_IRQHandler                     0x080007a0   Section        0  stm32f4xx_hal_adc.o(i.HAL_ADC_IRQHandler)
    i.HAL_ADC_Init                           0x080008ce   Section        0  stm32f4xx_hal_adc.o(i.HAL_ADC_Init)
    i.HAL_ADC_LevelOutOfWindowCallback       0x08000922   Section        0  stm32f4xx_hal_adc.o(i.HAL_ADC_LevelOutOfWindowCallback)
    i.HAL_ADC_MspInit                        0x08000924   Section        0  adc.o(i.HAL_ADC_MspInit)
    i.HAL_CAN_Init                           0x08000a28   Section        0  stm32f4xx_hal_can.o(i.HAL_CAN_Init)
    i.HAL_CAN_MspInit                        0x08000b44   Section        0  can.o(i.HAL_CAN_MspInit)
    i.HAL_DMA_Abort                          0x08000bb0   Section        0  stm32f4xx_hal_dma.o(i.HAL_DMA_Abort)
    i.HAL_DMA_Abort_IT                       0x08000c42   Section        0  stm32f4xx_hal_dma.o(i.HAL_DMA_Abort_IT)
    i.HAL_DMA_DeInit                         0x08000c66   Section        0  stm32f4xx_hal_dma.o(i.HAL_DMA_DeInit)
    i.HAL_DMA_IRQHandler                     0x08000cc8   Section        0  stm32f4xx_hal_dma.o(i.HAL_DMA_IRQHandler)
    i.HAL_DMA_Init                           0x08000e68   Section        0  stm32f4xx_hal_dma.o(i.HAL_DMA_Init)
    i.HAL_GPIO_DeInit                        0x08000f3c   Section        0  stm32f4xx_hal_gpio.o(i.HAL_GPIO_DeInit)
    i.HAL_GPIO_Init                          0x080010a4   Section        0  stm32f4xx_hal_gpio.o(i.HAL_GPIO_Init)
    i.HAL_GPIO_TogglePin                     0x08001294   Section        0  stm32f4xx_hal_gpio.o(i.HAL_GPIO_TogglePin)
    i.HAL_GPIO_WritePin                      0x080012a4   Section        0  stm32f4xx_hal_gpio.o(i.HAL_GPIO_WritePin)
    i.HAL_GetTick                            0x080012b0   Section        0  stm32f4xx_hal.o(i.HAL_GetTick)
    i.HAL_IWDG_Init                          0x080012bc   Section        0  stm32f4xx_hal_iwdg.o(i.HAL_IWDG_Init)
    i.HAL_IWDG_Refresh                       0x0800131a   Section        0  stm32f4xx_hal_iwdg.o(i.HAL_IWDG_Refresh)
    i.HAL_IncTick                            0x08001328   Section        0  stm32f4xx_hal.o(i.HAL_IncTick)
    i.HAL_Init                               0x08001338   Section        0  stm32f4xx_hal.o(i.HAL_Init)
    i.HAL_InitTick                           0x0800136c   Section        0  stm32f4xx_hal.o(i.HAL_InitTick)
    i.HAL_MspInit                            0x080013ac   Section        0  stm32f4xx_hal_msp.o(i.HAL_MspInit)
    i.HAL_NVIC_DisableIRQ                    0x080013dc   Section        0  stm32f4xx_hal_cortex.o(i.HAL_NVIC_DisableIRQ)
    i.HAL_NVIC_EnableIRQ                     0x080013fe   Section        0  stm32f4xx_hal_cortex.o(i.HAL_NVIC_EnableIRQ)
    i.HAL_NVIC_SetPriority                   0x08001418   Section        0  stm32f4xx_hal_cortex.o(i.HAL_NVIC_SetPriority)
    i.HAL_NVIC_SetPriorityGrouping           0x08001458   Section        0  stm32f4xx_hal_cortex.o(i.HAL_NVIC_SetPriorityGrouping)
    i.HAL_RCC_ClockConfig                    0x0800147c   Section        0  stm32f4xx_hal_rcc.o(i.HAL_RCC_ClockConfig)
    i.HAL_RCC_GetPCLK1Freq                   0x080015b0   Section        0  stm32f4xx_hal_rcc.o(i.HAL_RCC_GetPCLK1Freq)
    i.HAL_RCC_GetPCLK2Freq                   0x080015d0   Section        0  stm32f4xx_hal_rcc.o(i.HAL_RCC_GetPCLK2Freq)
    i.HAL_RCC_GetSysClockFreq                0x080015f0   Section        0  stm32f4xx_hal_rcc.o(i.HAL_RCC_GetSysClockFreq)
    i.HAL_RCC_OscConfig                      0x08001650   Section        0  stm32f4xx_hal_rcc.o(i.HAL_RCC_OscConfig)
    i.HAL_SYSTICK_Config                     0x080019bc   Section        0  stm32f4xx_hal_cortex.o(i.HAL_SYSTICK_Config)
    i.HAL_TIMEx_BreakCallback                0x080019e4   Section        0  stm32f4xx_hal_tim_ex.o(i.HAL_TIMEx_BreakCallback)
    i.HAL_TIMEx_CommutCallback               0x080019e6   Section        0  stm32f4xx_hal_tim_ex.o(i.HAL_TIMEx_CommutCallback)
    i.HAL_TIMEx_ConfigBreakDeadTime          0x080019e8   Section        0  stm32f4xx_hal_tim_ex.o(i.HAL_TIMEx_ConfigBreakDeadTime)
    i.HAL_TIMEx_MasterConfigSynchronization  0x08001a3c   Section        0  stm32f4xx_hal_tim_ex.o(i.HAL_TIMEx_MasterConfigSynchronization)
    i.HAL_TIM_Base_Init                      0x08001acc   Section        0  stm32f4xx_hal_tim.o(i.HAL_TIM_Base_Init)
    i.HAL_TIM_Base_MspInit                   0x08001b28   Section        0  tim.o(i.HAL_TIM_Base_MspInit)
    i.HAL_TIM_Base_Start_IT                  0x08001b90   Section        0  stm32f4xx_hal_tim.o(i.HAL_TIM_Base_Start_IT)
    i.HAL_TIM_ConfigClockSource              0x08001c10   Section        0  stm32f4xx_hal_tim.o(i.HAL_TIM_ConfigClockSource)
    i.HAL_TIM_IC_CaptureCallback             0x08001cec   Section        0  stm32f4xx_hal_tim.o(i.HAL_TIM_IC_CaptureCallback)
    i.HAL_TIM_IRQHandler                     0x08001cee   Section        0  stm32f4xx_hal_tim.o(i.HAL_TIM_IRQHandler)
    i.HAL_TIM_MspPostInit                    0x08001e20   Section        0  tim.o(i.HAL_TIM_MspPostInit)
    i.HAL_TIM_OC_DelayElapsedCallback        0x08001ea0   Section        0  stm32f4xx_hal_tim.o(i.HAL_TIM_OC_DelayElapsedCallback)
    i.HAL_TIM_PWM_ConfigChannel              0x08001ea2   Section        0  stm32f4xx_hal_tim.o(i.HAL_TIM_PWM_ConfigChannel)
    i.HAL_TIM_PWM_Init                       0x08001f6e   Section        0  stm32f4xx_hal_tim.o(i.HAL_TIM_PWM_Init)
    i.HAL_TIM_PWM_MspInit                    0x08001fc8   Section        0  stm32f4xx_hal_tim.o(i.HAL_TIM_PWM_MspInit)
    i.HAL_TIM_PWM_PulseFinishedCallback      0x08001fca   Section        0  stm32f4xx_hal_tim.o(i.HAL_TIM_PWM_PulseFinishedCallback)
    i.HAL_TIM_PeriodElapsedCallback          0x08001fcc   Section        0  main.o(i.HAL_TIM_PeriodElapsedCallback)
    i.HAL_TIM_TriggerCallback                0x08001fe0   Section        0  stm32f4xx_hal_tim.o(i.HAL_TIM_TriggerCallback)
    i.HAL_UARTEx_RxEventCallback             0x08001fe2   Section        0  stm32f4xx_hal_uart.o(i.HAL_UARTEx_RxEventCallback)
    i.HAL_UART_DeInit                        0x08001fe4   Section        0  stm32f4xx_hal_uart.o(i.HAL_UART_DeInit)
    i.HAL_UART_ErrorCallback                 0x0800201c   Section        0  bsp_uart.o(i.HAL_UART_ErrorCallback)
    i.HAL_UART_IRQHandler                    0x08002080   Section        0  stm32f4xx_hal_uart.o(i.HAL_UART_IRQHandler)
    i.HAL_UART_Init                          0x08002300   Section        0  stm32f4xx_hal_uart.o(i.HAL_UART_Init)
    i.HAL_UART_MspDeInit                     0x08002364   Section        0  usart.o(i.HAL_UART_MspDeInit)
    i.HAL_UART_MspInit                       0x080023a4   Section        0  usart.o(i.HAL_UART_MspInit)
    i.HAL_UART_Receive_IT                    0x08002458   Section        0  stm32f4xx_hal_uart.o(i.HAL_UART_Receive_IT)
    i.HAL_UART_RxCpltCallback                0x08002474   Section        0  bsp_uart.o(i.HAL_UART_RxCpltCallback)
    i.HAL_UART_TxCpltCallback                0x080024a4   Section        0  stm32f4xx_hal_uart.o(i.HAL_UART_TxCpltCallback)
    i.HardFault_Handler                      0x080024a6   Section        0  stm32f4xx_it.o(i.HardFault_Handler)
    i.IsKeyDownFunc                          0x080024a8   Section        0  bsp_key.o(i.IsKeyDownFunc)
    IsKeyDownFunc                            0x080024a9   Thumb Code    96  bsp_key.o(i.IsKeyDownFunc)
    i.KeyPinActive                           0x08002508   Section        0  bsp_key.o(i.KeyPinActive)
    KeyPinActive                             0x08002509   Thumb Code    38  bsp_key.o(i.KeyPinActive)
    i.LED_Flip                               0x08002534   Section        0  bsp_led.o(i.LED_Flip)
    LED_Flip                                 0x08002535   Thumb Code    22  bsp_led.o(i.LED_Flip)
    i.LED_HardwareInit                       0x08002550   Section        0  bsp_led.o(i.LED_HardwareInit)
    LED_HardwareInit                         0x08002551   Thumb Code    96  bsp_led.o(i.LED_HardwareInit)
    i.LED_Off                                0x080025b8   Section        0  bsp_led.o(i.LED_Off)
    LED_Off                                  0x080025b9   Thumb Code    34  bsp_led.o(i.LED_Off)
    i.LED_On                                 0x080025e0   Section        0  bsp_led.o(i.LED_On)
    LED_On                                   0x080025e1   Thumb Code    24  bsp_led.o(i.LED_On)
    i.MX_ADC1_Init                           0x080025fc   Section        0  adc.o(i.MX_ADC1_Init)
    i.MX_ADC2_Init                           0x080026c0   Section        0  adc.o(i.MX_ADC2_Init)
    i.MX_ADC3_Init                           0x08002780   Section        0  adc.o(i.MX_ADC3_Init)
    i.MX_CAN1_Init                           0x080027f8   Section        0  can.o(i.MX_CAN1_Init)
    i.MX_DMA_Init                            0x08002834   Section        0  dma.o(i.MX_DMA_Init)
    i.MX_GPIO_Init                           0x08002860   Section        0  gpio.o(i.MX_GPIO_Init)
    i.MX_IWDG_Init                           0x080028dc   Section        0  iwdg.o(i.MX_IWDG_Init)
    i.MX_TIM1_Init                           0x08002908   Section        0  tim.o(i.MX_TIM1_Init)
    i.MX_TIM5_Init                           0x08002a10   Section        0  tim.o(i.MX_TIM5_Init)
    i.MX_USART3_UART_Init                    0x08002a78   Section        0  usart.o(i.MX_USART3_UART_Init)
    i.MemManage_Handler                      0x08002ab0   Section        0  stm32f4xx_it.o(i.MemManage_Handler)
    i.NMI_Handler                            0x08002ab2   Section        0  stm32f4xx_it.o(i.NMI_Handler)
    i.PendSV_Handler                         0x08002ab4   Section        0  stm32f4xx_it.o(i.PendSV_Handler)
    i.SVC_Handler                            0x08002ab6   Section        0  stm32f4xx_it.o(i.SVC_Handler)
    i.SysTick_Handler                        0x08002ab8   Section        0  stm32f4xx_it.o(i.SysTick_Handler)
    i.SystemClock_Config                     0x08002abc   Section        0  main.o(i.SystemClock_Config)
    i.SystemInit                             0x08002b58   Section        0  system_stm32f4xx.o(i.SystemInit)
    i.TIM1_BRK_TIM9_IRQHandler               0x08002b68   Section        0  stm32f4xx_it.o(i.TIM1_BRK_TIM9_IRQHandler)
    i.TIM5_IRQHandler                        0x08002b74   Section        0  stm32f4xx_it.o(i.TIM5_IRQHandler)
    i.TIM_Base_SetConfig                     0x08002b80   Section        0  stm32f4xx_hal_tim.o(i.TIM_Base_SetConfig)
    i.TIM_ETR_SetConfig                      0x08002c50   Section        0  stm32f4xx_hal_tim.o(i.TIM_ETR_SetConfig)
    i.TIM_ITRx_SetConfig                     0x08002c64   Section        0  stm32f4xx_hal_tim.o(i.TIM_ITRx_SetConfig)
    TIM_ITRx_SetConfig                       0x08002c65   Thumb Code    16  stm32f4xx_hal_tim.o(i.TIM_ITRx_SetConfig)
    i.TIM_OC1_SetConfig                      0x08002c74   Section        0  stm32f4xx_hal_tim.o(i.TIM_OC1_SetConfig)
    TIM_OC1_SetConfig                        0x08002c75   Thumb Code    88  stm32f4xx_hal_tim.o(i.TIM_OC1_SetConfig)
    i.TIM_OC2_SetConfig                      0x08002cd4   Section        0  stm32f4xx_hal_tim.o(i.TIM_OC2_SetConfig)
    i.TIM_OC3_SetConfig                      0x08002d40   Section        0  stm32f4xx_hal_tim.o(i.TIM_OC3_SetConfig)
    TIM_OC3_SetConfig                        0x08002d41   Thumb Code    96  stm32f4xx_hal_tim.o(i.TIM_OC3_SetConfig)
    i.TIM_OC4_SetConfig                      0x08002da8   Section        0  stm32f4xx_hal_tim.o(i.TIM_OC4_SetConfig)
    TIM_OC4_SetConfig                        0x08002da9   Thumb Code    70  stm32f4xx_hal_tim.o(i.TIM_OC4_SetConfig)
    i.TIM_TI1_ConfigInputStage               0x08002df8   Section        0  stm32f4xx_hal_tim.o(i.TIM_TI1_ConfigInputStage)
    TIM_TI1_ConfigInputStage                 0x08002df9   Thumb Code    34  stm32f4xx_hal_tim.o(i.TIM_TI1_ConfigInputStage)
    i.TIM_TI2_ConfigInputStage               0x08002e1a   Section        0  stm32f4xx_hal_tim.o(i.TIM_TI2_ConfigInputStage)
    TIM_TI2_ConfigInputStage                 0x08002e1b   Thumb Code    36  stm32f4xx_hal_tim.o(i.TIM_TI2_ConfigInputStage)
    i.UART_DMAAbortOnError                   0x08002e3e   Section        0  stm32f4xx_hal_uart.o(i.UART_DMAAbortOnError)
    UART_DMAAbortOnError                     0x08002e3f   Thumb Code    14  stm32f4xx_hal_uart.o(i.UART_DMAAbortOnError)
    i.UART_EndRxTransfer                     0x08002e4c   Section        0  stm32f4xx_hal_uart.o(i.UART_EndRxTransfer)
    UART_EndRxTransfer                       0x08002e4d   Thumb Code    78  stm32f4xx_hal_uart.o(i.UART_EndRxTransfer)
    i.UART_Receive_IT                        0x08002e9a   Section        0  stm32f4xx_hal_uart.o(i.UART_Receive_IT)
    UART_Receive_IT                          0x08002e9b   Thumb Code   194  stm32f4xx_hal_uart.o(i.UART_Receive_IT)
    i.UART_SetConfig                         0x08002f5c   Section        0  stm32f4xx_hal_uart.o(i.UART_SetConfig)
    UART_SetConfig                           0x08002f5d   Thumb Code   258  stm32f4xx_hal_uart.o(i.UART_SetConfig)
    i.UART_Start_Receive_IT                  0x08003068   Section        0  stm32f4xx_hal_uart.o(i.UART_Start_Receive_IT)
    i.USART3_IRQHandler                      0x080030a0   Section        0  stm32f4xx_it.o(i.USART3_IRQHandler)
    i.UsageFault_Handler                     0x080030ac   Section        0  stm32f4xx_it.o(i.UsageFault_Handler)
    i.__NVIC_SetPriority                     0x080030ae   Section        0  stm32f4xx_hal_cortex.o(i.__NVIC_SetPriority)
    __NVIC_SetPriority                       0x080030af   Thumb Code    32  stm32f4xx_hal_cortex.o(i.__NVIC_SetPriority)
    i.__scatterload_copy                     0x080030ce   Section       14  handlers.o(i.__scatterload_copy)
    i.__scatterload_null                     0x080030dc   Section        2  handlers.o(i.__scatterload_null)
    i.__scatterload_zeroinit                 0x080030de   Section       14  handlers.o(i.__scatterload_zeroinit)
    i.bsp_DetectKey                          0x080030ec   Section        0  bsp_key.o(i.bsp_DetectKey)
    bsp_DetectKey                            0x080030ed   Thumb Code   168  bsp_key.o(i.bsp_DetectKey)
    i.bsp_Init                               0x08003198   Section        0  bsp.o(i.bsp_Init)
    i.bsp_InitKey                            0x080031c0   Section        0  bsp_key.o(i.bsp_InitKey)
    i.bsp_KeyScan10ms                        0x08003238   Section        0  bsp_key.o(i.bsp_KeyScan10ms)
    i.bsp_PutKey                             0x0800324c   Section        0  bsp_key.o(i.bsp_PutKey)
    i.fifo_init                              0x08003268   Section        0  bsp_ringbuff.o(i.fifo_init)
    i.fifo_push_byte                         0x08003276   Section        0  bsp_ringbuff.o(i.fifo_push_byte)
    i.get_system_time_ms                     0x080032a0   Section        0  bsp_system_time.o(i.get_system_time_ms)
    i.get_system_time_us                     0x080032b4   Section        0  bsp_system_time.o(i.get_system_time_us)
    i.hal_1000hz_loop                        0x080032e4   Section        0  bsp.o(i.hal_1000hz_loop)
    i.hal_100hz_loop                         0x080032e6   Section        0  bsp.o(i.hal_100hz_loop)
    i.hal_10hz_loop                          0x080032ea   Section        0  bsp.o(i.hal_10hz_loop)
    i.hal_1hz_loop                           0x080032ec   Section        0  bsp.o(i.hal_1hz_loop)
    i.hal_2hz_loop                           0x080032f0   Section        0  bsp.o(i.hal_2hz_loop)
    i.hal_50hz_loop                          0x0800330c   Section        0  bsp.o(i.hal_50hz_loop)
    i.hal_fast_loop                          0x0800330e   Section        0  bsp.o(i.hal_fast_loop)
    i.main                                   0x08003310   Section        0  main.o(i.main)
    i.system_timer_tick                      0x0800342c   Section        0  bsp_system_time.o(i.system_timer_tick)
    i.usart_configure                        0x08003444   Section        0  bsp_uart.o(i.usart_configure)
    .constdata                               0x0800349c   Section       16  bsp_led.o(.constdata)
    ledTable                                 0x0800349c   Data          16  bsp_led.o(.constdata)
    .constdata                               0x080034ac   Section       24  bsp_key.o(.constdata)
    s_gpio_list                              0x080034ac   Data          24  bsp_key.o(.constdata)
    .constdata                               0x080034c4   Section        8  stm32f4xx_hal_dma.o(.constdata)
    flagBitshiftOffset                       0x080034c4   Data           8  stm32f4xx_hal_dma.o(.constdata)
    .constdata                               0x080034cc   Section       16  system_stm32f4xx.o(.constdata)
    .constdata                               0x080034dc   Section        8  system_stm32f4xx.o(.constdata)
    .data                                    0x20000000   Section        4  main.o(.data)
    .data                                    0x20000008   Section       48  main.o(.data)
    .data                                    0x20000038   Section       12  bsp_led.o(.data)
    .data                                    0x20000044   Section        1  bsp_uart.o(.data)
    .data                                    0x20000048   Section        8  bsp_system_time.o(.data)
    .data                                    0x20000050   Section       12  stm32f4xx_hal.o(.data)
    .data                                    0x2000005c   Section        4  system_stm32f4xx.o(.data)
    .bss                                     0x20000060   Section      216  adc.o(.bss)
    .bss                                     0x20000138   Section       40  can.o(.bss)
    .bss                                     0x20000160   Section       12  iwdg.o(.bss)
    .bss                                     0x2000016c   Section      144  tim.o(.bss)
    .bss                                     0x200001fc   Section      168  usart.o(.bss)
    .bss                                     0x200002a4   Section       61  bsp_key.o(.bss)
    s_tBtn                                   0x200002a4   Data          48  bsp_key.o(.bss)
    s_tKey                                   0x200002d4   Data          13  bsp_key.o(.bss)
    .bss                                     0x200002e4   Section     3112  bsp_uart.o(.bss)
    STACK                                    0x20000f10   Section     1024  startup_stm32f405xx.o(STACK)

    Global Symbols

    Symbol Name                              Value     Ov Type        Size  Object(Section)

    BuildAttributes$$THM_ISAv4$E$P$D$K$B$S$7EM$VFPi3$EXTD16$VFPS$VFMA$PE$A:L22UL41UL21$X:L11$S22US41US21$IEEE1$IW$USESV6$~STKCKD$USESV7$~SHL$OSPACE$EBA8$MICROLIB$REQ8$PRES8$EABIv2 0x00000000   Number         0  anon$$obj.o ABSOLUTE
    __ARM_use_no_argv                        0x00000000   Number         0  main.o ABSOLUTE
    __arm_fini_                               - Undefined Weak Reference
    __cpp_initialize__aeabi_                  - Undefined Weak Reference
    __cxa_finalize                            - Undefined Weak Reference
    __decompress                              - Undefined Weak Reference
    _clock_init                               - Undefined Weak Reference
    _microlib_exit                            - Undefined Weak Reference
    __Vectors_Size                           0x00000188   Number         0  startup_stm32f405xx.o ABSOLUTE
    __Vectors                                0x08000000   Data           4  startup_stm32f405xx.o(RESET)
    __Vectors_End                            0x08000188   Data           0  startup_stm32f405xx.o(RESET)
    __main                                   0x08000189   Thumb Code     0  entry.o(.ARM.Collect$$$$00000000)
    _main_stk                                0x08000189   Thumb Code     0  entry2.o(.ARM.Collect$$$$00000001)
    _main_scatterload                        0x0800018d   Thumb Code     0  entry5.o(.ARM.Collect$$$$00000004)
    __main_after_scatterload                 0x08000191   Thumb Code     0  entry5.o(.ARM.Collect$$$$00000004)
    _main_clock                              0x08000191   Thumb Code     0  entry7b.o(.ARM.Collect$$$$00000008)
    _main_cpp_init                           0x08000191   Thumb Code     0  entry8b.o(.ARM.Collect$$$$0000000A)
    _main_init                               0x08000191   Thumb Code     0  entry9a.o(.ARM.Collect$$$$0000000B)
    __rt_lib_shutdown_fini                   0x08000199   Thumb Code     0  entry12b.o(.ARM.Collect$$$$0000000E)
    __rt_final_cpp                           0x0800019d   Thumb Code     0  entry10a.o(.ARM.Collect$$$$0000000F)
    __rt_final_exit                          0x0800019d   Thumb Code     0  entry11a.o(.ARM.Collect$$$$00000011)
    Reset_Handler                            0x080001a1   Thumb Code     8  startup_stm32f405xx.o(.text)
    CAN1_RX0_IRQHandler                      0x080001bb   Thumb Code     0  startup_stm32f405xx.o(.text)
    CAN1_RX1_IRQHandler                      0x080001bb   Thumb Code     0  startup_stm32f405xx.o(.text)
    CAN1_SCE_IRQHandler                      0x080001bb   Thumb Code     0  startup_stm32f405xx.o(.text)
    CAN1_TX_IRQHandler                       0x080001bb   Thumb Code     0  startup_stm32f405xx.o(.text)
    CAN2_RX0_IRQHandler                      0x080001bb   Thumb Code     0  startup_stm32f405xx.o(.text)
    CAN2_RX1_IRQHandler                      0x080001bb   Thumb Code     0  startup_stm32f405xx.o(.text)
    CAN2_SCE_IRQHandler                      0x080001bb   Thumb Code     0  startup_stm32f405xx.o(.text)
    CAN2_TX_IRQHandler                       0x080001bb   Thumb Code     0  startup_stm32f405xx.o(.text)
    DMA1_Stream0_IRQHandler                  0x080001bb   Thumb Code     0  startup_stm32f405xx.o(.text)
    DMA1_Stream1_IRQHandler                  0x080001bb   Thumb Code     0  startup_stm32f405xx.o(.text)
    DMA1_Stream2_IRQHandler                  0x080001bb   Thumb Code     0  startup_stm32f405xx.o(.text)
    DMA1_Stream4_IRQHandler                  0x080001bb   Thumb Code     0  startup_stm32f405xx.o(.text)
    DMA1_Stream5_IRQHandler                  0x080001bb   Thumb Code     0  startup_stm32f405xx.o(.text)
    DMA1_Stream6_IRQHandler                  0x080001bb   Thumb Code     0  startup_stm32f405xx.o(.text)
    DMA1_Stream7_IRQHandler                  0x080001bb   Thumb Code     0  startup_stm32f405xx.o(.text)
    DMA2_Stream0_IRQHandler                  0x080001bb   Thumb Code     0  startup_stm32f405xx.o(.text)
    DMA2_Stream1_IRQHandler                  0x080001bb   Thumb Code     0  startup_stm32f405xx.o(.text)
    DMA2_Stream2_IRQHandler                  0x080001bb   Thumb Code     0  startup_stm32f405xx.o(.text)
    DMA2_Stream3_IRQHandler                  0x080001bb   Thumb Code     0  startup_stm32f405xx.o(.text)
    DMA2_Stream4_IRQHandler                  0x080001bb   Thumb Code     0  startup_stm32f405xx.o(.text)
    DMA2_Stream5_IRQHandler                  0x080001bb   Thumb Code     0  startup_stm32f405xx.o(.text)
    DMA2_Stream6_IRQHandler                  0x080001bb   Thumb Code     0  startup_stm32f405xx.o(.text)
    DMA2_Stream7_IRQHandler                  0x080001bb   Thumb Code     0  startup_stm32f405xx.o(.text)
    EXTI0_IRQHandler                         0x080001bb   Thumb Code     0  startup_stm32f405xx.o(.text)
    EXTI15_10_IRQHandler                     0x080001bb   Thumb Code     0  startup_stm32f405xx.o(.text)
    EXTI1_IRQHandler                         0x080001bb   Thumb Code     0  startup_stm32f405xx.o(.text)
    EXTI2_IRQHandler                         0x080001bb   Thumb Code     0  startup_stm32f405xx.o(.text)
    EXTI3_IRQHandler                         0x080001bb   Thumb Code     0  startup_stm32f405xx.o(.text)
    EXTI4_IRQHandler                         0x080001bb   Thumb Code     0  startup_stm32f405xx.o(.text)
    EXTI9_5_IRQHandler                       0x080001bb   Thumb Code     0  startup_stm32f405xx.o(.text)
    FLASH_IRQHandler                         0x080001bb   Thumb Code     0  startup_stm32f405xx.o(.text)
    FMC_IRQHandler                           0x080001bb   Thumb Code     0  startup_stm32f405xx.o(.text)
    FPU_IRQHandler                           0x080001bb   Thumb Code     0  startup_stm32f405xx.o(.text)
    HASH_RNG_IRQHandler                      0x080001bb   Thumb Code     0  startup_stm32f405xx.o(.text)
    I2C1_ER_IRQHandler                       0x080001bb   Thumb Code     0  startup_stm32f405xx.o(.text)
    I2C1_EV_IRQHandler                       0x080001bb   Thumb Code     0  startup_stm32f405xx.o(.text)
    I2C2_ER_IRQHandler                       0x080001bb   Thumb Code     0  startup_stm32f405xx.o(.text)
    I2C2_EV_IRQHandler                       0x080001bb   Thumb Code     0  startup_stm32f405xx.o(.text)
    I2C3_ER_IRQHandler                       0x080001bb   Thumb Code     0  startup_stm32f405xx.o(.text)
    I2C3_EV_IRQHandler                       0x080001bb   Thumb Code     0  startup_stm32f405xx.o(.text)
    OTG_FS_IRQHandler                        0x080001bb   Thumb Code     0  startup_stm32f405xx.o(.text)
    OTG_FS_WKUP_IRQHandler                   0x080001bb   Thumb Code     0  startup_stm32f405xx.o(.text)
    OTG_HS_EP1_IN_IRQHandler                 0x080001bb   Thumb Code     0  startup_stm32f405xx.o(.text)
    OTG_HS_EP1_OUT_IRQHandler                0x080001bb   Thumb Code     0  startup_stm32f405xx.o(.text)
    OTG_HS_IRQHandler                        0x080001bb   Thumb Code     0  startup_stm32f405xx.o(.text)
    OTG_HS_WKUP_IRQHandler                   0x080001bb   Thumb Code     0  startup_stm32f405xx.o(.text)
    PVD_IRQHandler                           0x080001bb   Thumb Code     0  startup_stm32f405xx.o(.text)
    RCC_IRQHandler                           0x080001bb   Thumb Code     0  startup_stm32f405xx.o(.text)
    RTC_Alarm_IRQHandler                     0x080001bb   Thumb Code     0  startup_stm32f405xx.o(.text)
    RTC_WKUP_IRQHandler                      0x080001bb   Thumb Code     0  startup_stm32f405xx.o(.text)
    SDIO_IRQHandler                          0x080001bb   Thumb Code     0  startup_stm32f405xx.o(.text)
    SPI1_IRQHandler                          0x080001bb   Thumb Code     0  startup_stm32f405xx.o(.text)
    SPI2_IRQHandler                          0x080001bb   Thumb Code     0  startup_stm32f405xx.o(.text)
    SPI3_IRQHandler                          0x080001bb   Thumb Code     0  startup_stm32f405xx.o(.text)
    TAMP_STAMP_IRQHandler                    0x080001bb   Thumb Code     0  startup_stm32f405xx.o(.text)
    TIM1_CC_IRQHandler                       0x080001bb   Thumb Code     0  startup_stm32f405xx.o(.text)
    TIM1_TRG_COM_TIM11_IRQHandler            0x080001bb   Thumb Code     0  startup_stm32f405xx.o(.text)
    TIM1_UP_TIM10_IRQHandler                 0x080001bb   Thumb Code     0  startup_stm32f405xx.o(.text)
    TIM2_IRQHandler                          0x080001bb   Thumb Code     0  startup_stm32f405xx.o(.text)
    TIM3_IRQHandler                          0x080001bb   Thumb Code     0  startup_stm32f405xx.o(.text)
    TIM4_IRQHandler                          0x080001bb   Thumb Code     0  startup_stm32f405xx.o(.text)
    TIM6_DAC_IRQHandler                      0x080001bb   Thumb Code     0  startup_stm32f405xx.o(.text)
    TIM7_IRQHandler                          0x080001bb   Thumb Code     0  startup_stm32f405xx.o(.text)
    TIM8_BRK_TIM12_IRQHandler                0x080001bb   Thumb Code     0  startup_stm32f405xx.o(.text)
    TIM8_CC_IRQHandler                       0x080001bb   Thumb Code     0  startup_stm32f405xx.o(.text)
    TIM8_TRG_COM_TIM14_IRQHandler            0x080001bb   Thumb Code     0  startup_stm32f405xx.o(.text)
    TIM8_UP_TIM13_IRQHandler                 0x080001bb   Thumb Code     0  startup_stm32f405xx.o(.text)
    UART4_IRQHandler                         0x080001bb   Thumb Code     0  startup_stm32f405xx.o(.text)
    UART5_IRQHandler                         0x080001bb   Thumb Code     0  startup_stm32f405xx.o(.text)
    USART1_IRQHandler                        0x080001bb   Thumb Code     0  startup_stm32f405xx.o(.text)
    USART2_IRQHandler                        0x080001bb   Thumb Code     0  startup_stm32f405xx.o(.text)
    USART6_IRQHandler                        0x080001bb   Thumb Code     0  startup_stm32f405xx.o(.text)
    WWDG_IRQHandler                          0x080001bb   Thumb Code     0  startup_stm32f405xx.o(.text)
    __aeabi_uldivmod                         0x080001c5   Thumb Code    98  uldiv.o(.text)
    __aeabi_memset                           0x08000227   Thumb Code    14  memseta.o(.text)
    __aeabi_memset4                          0x08000227   Thumb Code     0  memseta.o(.text)
    __aeabi_memset8                          0x08000227   Thumb Code     0  memseta.o(.text)
    __aeabi_memclr                           0x08000235   Thumb Code     4  memseta.o(.text)
    __aeabi_memclr4                          0x08000235   Thumb Code     0  memseta.o(.text)
    __aeabi_memclr8                          0x08000235   Thumb Code     0  memseta.o(.text)
    _memset$wrapper                          0x08000239   Thumb Code    18  memseta.o(.text)
    __aeabi_llsl                             0x0800024b   Thumb Code    30  llshl.o(.text)
    _ll_shift_l                              0x0800024b   Thumb Code     0  llshl.o(.text)
    __aeabi_llsr                             0x08000269   Thumb Code    32  llushr.o(.text)
    _ll_ushift_r                             0x08000269   Thumb Code     0  llushr.o(.text)
    __scatterload                            0x08000289   Thumb Code    28  init.o(.text)
    __scatterload_rt2                        0x08000289   Thumb Code     0  init.o(.text)
    ADC_IRQHandler                           0x080002ad   Thumb Code    24  stm32f4xx_it.o(i.ADC_IRQHandler)
    BSP_LED_Init                             0x080003f9   Thumb Code     4  bsp_led.o(i.BSP_LED_Init)
    BusFault_Handler                         0x080003fd   Thumb Code     2  stm32f4xx_it.o(i.BusFault_Handler)
    DMA1_Stream3_IRQHandler                  0x08000401   Thumb Code     6  stm32f4xx_it.o(i.DMA1_Stream3_IRQHandler)
    DebugMon_Handler                         0x08000489   Thumb Code     2  stm32f4xx_it.o(i.DebugMon_Handler)
    Error_Handler                            0x0800048b   Thumb Code     4  main.o(i.Error_Handler)
    HAL_ADCEx_InjectedConfigChannel          0x08000491   Thumb Code   428  stm32f4xx_hal_adc_ex.o(i.HAL_ADCEx_InjectedConfigChannel)
    HAL_ADCEx_InjectedConvCpltCallback       0x0800064d   Thumb Code     2  stm32f4xx_hal_adc_ex.o(i.HAL_ADCEx_InjectedConvCpltCallback)
    HAL_ADC_ConfigChannel                    0x08000651   Thumb Code   316  stm32f4xx_hal_adc.o(i.HAL_ADC_ConfigChannel)
    HAL_ADC_ConvCpltCallback                 0x0800079d   Thumb Code     2  stm32f4xx_hal_adc.o(i.HAL_ADC_ConvCpltCallback)
    HAL_ADC_ErrorCallback                    0x0800079f   Thumb Code     2  stm32f4xx_hal_adc.o(i.HAL_ADC_ErrorCallback)
    HAL_ADC_IRQHandler                       0x080007a1   Thumb Code   302  stm32f4xx_hal_adc.o(i.HAL_ADC_IRQHandler)
    HAL_ADC_Init                             0x080008cf   Thumb Code    84  stm32f4xx_hal_adc.o(i.HAL_ADC_Init)
    HAL_ADC_LevelOutOfWindowCallback         0x08000923   Thumb Code     2  stm32f4xx_hal_adc.o(i.HAL_ADC_LevelOutOfWindowCallback)
    HAL_ADC_MspInit                          0x08000925   Thumb Code   234  adc.o(i.HAL_ADC_MspInit)
    HAL_CAN_Init                             0x08000a29   Thumb Code   282  stm32f4xx_hal_can.o(i.HAL_CAN_Init)
    HAL_CAN_MspInit                          0x08000b45   Thumb Code    94  can.o(i.HAL_CAN_MspInit)
    HAL_DMA_Abort                            0x08000bb1   Thumb Code   146  stm32f4xx_hal_dma.o(i.HAL_DMA_Abort)
    HAL_DMA_Abort_IT                         0x08000c43   Thumb Code    36  stm32f4xx_hal_dma.o(i.HAL_DMA_Abort_IT)
    HAL_DMA_DeInit                           0x08000c67   Thumb Code    98  stm32f4xx_hal_dma.o(i.HAL_DMA_DeInit)
    HAL_DMA_IRQHandler                       0x08000cc9   Thumb Code   412  stm32f4xx_hal_dma.o(i.HAL_DMA_IRQHandler)
    HAL_DMA_Init                             0x08000e69   Thumb Code   206  stm32f4xx_hal_dma.o(i.HAL_DMA_Init)
    HAL_GPIO_DeInit                          0x08000f3d   Thumb Code   320  stm32f4xx_hal_gpio.o(i.HAL_GPIO_DeInit)
    HAL_GPIO_Init                            0x080010a5   Thumb Code   450  stm32f4xx_hal_gpio.o(i.HAL_GPIO_Init)
    HAL_GPIO_TogglePin                       0x08001295   Thumb Code    16  stm32f4xx_hal_gpio.o(i.HAL_GPIO_TogglePin)
    HAL_GPIO_WritePin                        0x080012a5   Thumb Code    10  stm32f4xx_hal_gpio.o(i.HAL_GPIO_WritePin)
    HAL_GetTick                              0x080012b1   Thumb Code     6  stm32f4xx_hal.o(i.HAL_GetTick)
    HAL_IWDG_Init                            0x080012bd   Thumb Code    94  stm32f4xx_hal_iwdg.o(i.HAL_IWDG_Init)
    HAL_IWDG_Refresh                         0x0800131b   Thumb Code    12  stm32f4xx_hal_iwdg.o(i.HAL_IWDG_Refresh)
    HAL_IncTick                              0x08001329   Thumb Code    12  stm32f4xx_hal.o(i.HAL_IncTick)
    HAL_Init                                 0x08001339   Thumb Code    48  stm32f4xx_hal.o(i.HAL_Init)
    HAL_InitTick                             0x0800136d   Thumb Code    54  stm32f4xx_hal.o(i.HAL_InitTick)
    HAL_MspInit                              0x080013ad   Thumb Code    42  stm32f4xx_hal_msp.o(i.HAL_MspInit)
    HAL_NVIC_DisableIRQ                      0x080013dd   Thumb Code    34  stm32f4xx_hal_cortex.o(i.HAL_NVIC_DisableIRQ)
    HAL_NVIC_EnableIRQ                       0x080013ff   Thumb Code    26  stm32f4xx_hal_cortex.o(i.HAL_NVIC_EnableIRQ)
    HAL_NVIC_SetPriority                     0x08001419   Thumb Code    60  stm32f4xx_hal_cortex.o(i.HAL_NVIC_SetPriority)
    HAL_NVIC_SetPriorityGrouping             0x08001459   Thumb Code    26  stm32f4xx_hal_cortex.o(i.HAL_NVIC_SetPriorityGrouping)
    HAL_RCC_ClockConfig                      0x0800147d   Thumb Code   288  stm32f4xx_hal_rcc.o(i.HAL_RCC_ClockConfig)
    HAL_RCC_GetPCLK1Freq                     0x080015b1   Thumb Code    20  stm32f4xx_hal_rcc.o(i.HAL_RCC_GetPCLK1Freq)
    HAL_RCC_GetPCLK2Freq                     0x080015d1   Thumb Code    20  stm32f4xx_hal_rcc.o(i.HAL_RCC_GetPCLK2Freq)
    HAL_RCC_GetSysClockFreq                  0x080015f1   Thumb Code    88  stm32f4xx_hal_rcc.o(i.HAL_RCC_GetSysClockFreq)
    HAL_RCC_OscConfig                        0x08001651   Thumb Code   856  stm32f4xx_hal_rcc.o(i.HAL_RCC_OscConfig)
    HAL_SYSTICK_Config                       0x080019bd   Thumb Code    40  stm32f4xx_hal_cortex.o(i.HAL_SYSTICK_Config)
    HAL_TIMEx_BreakCallback                  0x080019e5   Thumb Code     2  stm32f4xx_hal_tim_ex.o(i.HAL_TIMEx_BreakCallback)
    HAL_TIMEx_CommutCallback                 0x080019e7   Thumb Code     2  stm32f4xx_hal_tim_ex.o(i.HAL_TIMEx_CommutCallback)
    HAL_TIMEx_ConfigBreakDeadTime            0x080019e9   Thumb Code    84  stm32f4xx_hal_tim_ex.o(i.HAL_TIMEx_ConfigBreakDeadTime)
    HAL_TIMEx_MasterConfigSynchronization    0x08001a3d   Thumb Code   116  stm32f4xx_hal_tim_ex.o(i.HAL_TIMEx_MasterConfigSynchronization)
    HAL_TIM_Base_Init                        0x08001acd   Thumb Code    90  stm32f4xx_hal_tim.o(i.HAL_TIM_Base_Init)
    HAL_TIM_Base_MspInit                     0x08001b29   Thumb Code    90  tim.o(i.HAL_TIM_Base_MspInit)
    HAL_TIM_Base_Start_IT                    0x08001b91   Thumb Code   100  stm32f4xx_hal_tim.o(i.HAL_TIM_Base_Start_IT)
    HAL_TIM_ConfigClockSource                0x08001c11   Thumb Code   220  stm32f4xx_hal_tim.o(i.HAL_TIM_ConfigClockSource)
    HAL_TIM_IC_CaptureCallback               0x08001ced   Thumb Code     2  stm32f4xx_hal_tim.o(i.HAL_TIM_IC_CaptureCallback)
    HAL_TIM_IRQHandler                       0x08001cef   Thumb Code   304  stm32f4xx_hal_tim.o(i.HAL_TIM_IRQHandler)
    HAL_TIM_MspPostInit                      0x08001e21   Thumb Code   110  tim.o(i.HAL_TIM_MspPostInit)
    HAL_TIM_OC_DelayElapsedCallback          0x08001ea1   Thumb Code     2  stm32f4xx_hal_tim.o(i.HAL_TIM_OC_DelayElapsedCallback)
    HAL_TIM_PWM_ConfigChannel                0x08001ea3   Thumb Code   204  stm32f4xx_hal_tim.o(i.HAL_TIM_PWM_ConfigChannel)
    HAL_TIM_PWM_Init                         0x08001f6f   Thumb Code    90  stm32f4xx_hal_tim.o(i.HAL_TIM_PWM_Init)
    HAL_TIM_PWM_MspInit                      0x08001fc9   Thumb Code     2  stm32f4xx_hal_tim.o(i.HAL_TIM_PWM_MspInit)
    HAL_TIM_PWM_PulseFinishedCallback        0x08001fcb   Thumb Code     2  stm32f4xx_hal_tim.o(i.HAL_TIM_PWM_PulseFinishedCallback)
    HAL_TIM_PeriodElapsedCallback            0x08001fcd   Thumb Code    14  main.o(i.HAL_TIM_PeriodElapsedCallback)
    HAL_TIM_TriggerCallback                  0x08001fe1   Thumb Code     2  stm32f4xx_hal_tim.o(i.HAL_TIM_TriggerCallback)
    HAL_UARTEx_RxEventCallback               0x08001fe3   Thumb Code     2  stm32f4xx_hal_uart.o(i.HAL_UARTEx_RxEventCallback)
    HAL_UART_DeInit                          0x08001fe5   Thumb Code    54  stm32f4xx_hal_uart.o(i.HAL_UART_DeInit)
    HAL_UART_ErrorCallback                   0x0800201d   Thumb Code    86  bsp_uart.o(i.HAL_UART_ErrorCallback)
    HAL_UART_IRQHandler                      0x08002081   Thumb Code   636  stm32f4xx_hal_uart.o(i.HAL_UART_IRQHandler)
    HAL_UART_Init                            0x08002301   Thumb Code   100  stm32f4xx_hal_uart.o(i.HAL_UART_Init)
    HAL_UART_MspDeInit                       0x08002365   Thumb Code    50  usart.o(i.HAL_UART_MspDeInit)
    HAL_UART_MspInit                         0x080023a5   Thumb Code   158  usart.o(i.HAL_UART_MspInit)
    HAL_UART_Receive_IT                      0x08002459   Thumb Code    28  stm32f4xx_hal_uart.o(i.HAL_UART_Receive_IT)
    HAL_UART_RxCpltCallback                  0x08002475   Thumb Code    34  bsp_uart.o(i.HAL_UART_RxCpltCallback)
    HAL_UART_TxCpltCallback                  0x080024a5   Thumb Code     2  stm32f4xx_hal_uart.o(i.HAL_UART_TxCpltCallback)
    HardFault_Handler                        0x080024a7   Thumb Code     2  stm32f4xx_it.o(i.HardFault_Handler)
    MX_ADC1_Init                             0x080025fd   Thumb Code   184  adc.o(i.MX_ADC1_Init)
    MX_ADC2_Init                             0x080026c1   Thumb Code   178  adc.o(i.MX_ADC2_Init)
    MX_ADC3_Init                             0x08002781   Thumb Code   106  adc.o(i.MX_ADC3_Init)
    MX_CAN1_Init                             0x080027f9   Thumb Code    52  can.o(i.MX_CAN1_Init)
    MX_DMA_Init                              0x08002835   Thumb Code    40  dma.o(i.MX_DMA_Init)
    MX_GPIO_Init                             0x08002861   Thumb Code   116  gpio.o(i.MX_GPIO_Init)
    MX_IWDG_Init                             0x080028dd   Thumb Code    36  iwdg.o(i.MX_IWDG_Init)
    MX_TIM1_Init                             0x08002909   Thumb Code   256  tim.o(i.MX_TIM1_Init)
    MX_TIM5_Init                             0x08002a11   Thumb Code    96  tim.o(i.MX_TIM5_Init)
    MX_USART3_UART_Init                      0x08002a79   Thumb Code    48  usart.o(i.MX_USART3_UART_Init)
    MemManage_Handler                        0x08002ab1   Thumb Code     2  stm32f4xx_it.o(i.MemManage_Handler)
    NMI_Handler                              0x08002ab3   Thumb Code     2  stm32f4xx_it.o(i.NMI_Handler)
    PendSV_Handler                           0x08002ab5   Thumb Code     2  stm32f4xx_it.o(i.PendSV_Handler)
    SVC_Handler                              0x08002ab7   Thumb Code     2  stm32f4xx_it.o(i.SVC_Handler)
    SysTick_Handler                          0x08002ab9   Thumb Code     4  stm32f4xx_it.o(i.SysTick_Handler)
    SystemClock_Config                       0x08002abd   Thumb Code   146  main.o(i.SystemClock_Config)
    SystemInit                               0x08002b59   Thumb Code    12  system_stm32f4xx.o(i.SystemInit)
    TIM1_BRK_TIM9_IRQHandler                 0x08002b69   Thumb Code     6  stm32f4xx_it.o(i.TIM1_BRK_TIM9_IRQHandler)
    TIM5_IRQHandler                          0x08002b75   Thumb Code     6  stm32f4xx_it.o(i.TIM5_IRQHandler)
    TIM_Base_SetConfig                       0x08002b81   Thumb Code   164  stm32f4xx_hal_tim.o(i.TIM_Base_SetConfig)
    TIM_ETR_SetConfig                        0x08002c51   Thumb Code    20  stm32f4xx_hal_tim.o(i.TIM_ETR_SetConfig)
    TIM_OC2_SetConfig                        0x08002cd5   Thumb Code    98  stm32f4xx_hal_tim.o(i.TIM_OC2_SetConfig)
    UART_Start_Receive_IT                    0x08003069   Thumb Code    54  stm32f4xx_hal_uart.o(i.UART_Start_Receive_IT)
    USART3_IRQHandler                        0x080030a1   Thumb Code     6  stm32f4xx_it.o(i.USART3_IRQHandler)
    UsageFault_Handler                       0x080030ad   Thumb Code     2  stm32f4xx_it.o(i.UsageFault_Handler)
    __scatterload_copy                       0x080030cf   Thumb Code    14  handlers.o(i.__scatterload_copy)
    __scatterload_null                       0x080030dd   Thumb Code     2  handlers.o(i.__scatterload_null)
    __scatterload_zeroinit                   0x080030df   Thumb Code    14  handlers.o(i.__scatterload_zeroinit)
    bsp_Init                                 0x08003199   Thumb Code    34  bsp.o(i.bsp_Init)
    bsp_InitKey                              0x080031c1   Thumb Code   106  bsp_key.o(i.bsp_InitKey)
    bsp_KeyScan10ms                          0x08003239   Thumb Code    20  bsp_key.o(i.bsp_KeyScan10ms)
    bsp_PutKey                               0x0800324d   Thumb Code    24  bsp_key.o(i.bsp_PutKey)
    fifo_init                                0x08003269   Thumb Code    14  bsp_ringbuff.o(i.fifo_init)
    fifo_push_byte                           0x08003277   Thumb Code    42  bsp_ringbuff.o(i.fifo_push_byte)
    get_system_time_ms                       0x080032a1   Thumb Code    18  bsp_system_time.o(i.get_system_time_ms)
    get_system_time_us                       0x080032b5   Thumb Code    40  bsp_system_time.o(i.get_system_time_us)
    hal_1000hz_loop                          0x080032e5   Thumb Code     2  bsp.o(i.hal_1000hz_loop)
    hal_100hz_loop                           0x080032e7   Thumb Code     4  bsp.o(i.hal_100hz_loop)
    hal_10hz_loop                            0x080032eb   Thumb Code     2  bsp.o(i.hal_10hz_loop)
    hal_1hz_loop                             0x080032ed   Thumb Code     2  bsp.o(i.hal_1hz_loop)
    hal_2hz_loop                             0x080032f1   Thumb Code    20  bsp.o(i.hal_2hz_loop)
    hal_50hz_loop                            0x0800330d   Thumb Code     2  bsp.o(i.hal_50hz_loop)
    hal_fast_loop                            0x0800330f   Thumb Code     2  bsp.o(i.hal_fast_loop)
    main                                     0x08003311   Thumb Code   274  main.o(i.main)
    system_timer_tick                        0x0800342d   Thumb Code    18  bsp_system_time.o(i.system_timer_tick)
    usart_configure                          0x08003445   Thumb Code    68  bsp_uart.o(i.usart_configure)
    AHBPrescTable                            0x080034cc   Data          16  system_stm32f4xx.o(.constdata)
    APBPrescTable                            0x080034dc   Data           8  system_stm32f4xx.o(.constdata)
    Region$$Table$$Base                      0x080034e4   Number         0  anon$$obj.o(Region$$Table)
    Region$$Table$$Limit                     0x08003504   Number         0  anon$$obj.o(Region$$Table)
    htim_system                              0x20000000   Data           4  main.o(.data)
    last_1Hz_timestamp                       0x20000008   Data           8  main.o(.data)
    last_2Hz_timestamp                       0x20000010   Data           8  main.o(.data)
    last_10Hz_timestamp                      0x20000018   Data           8  main.o(.data)
    last_50Hz_timestamp                      0x20000020   Data           8  main.o(.data)
    last_100Hz_timestamp                     0x20000028   Data           8  main.o(.data)
    last_1000Hz_timestamp                    0x20000030   Data           8  main.o(.data)
    LED                                      0x20000038   Data          12  bsp_led.o(.data)
    usart3_data                              0x20000044   Data           1  bsp_uart.o(.data)
    timer_tick_count                         0x20000048   Data           8  bsp_system_time.o(.data)
    uwTickFreq                               0x20000050   Data           1  stm32f4xx_hal.o(.data)
    uwTickPrio                               0x20000054   Data           4  stm32f4xx_hal.o(.data)
    uwTick                                   0x20000058   Data           4  stm32f4xx_hal.o(.data)
    SystemCoreClock                          0x2000005c   Data           4  system_stm32f4xx.o(.data)
    hadc1                                    0x20000060   Data          72  adc.o(.bss)
    hadc2                                    0x200000a8   Data          72  adc.o(.bss)
    hadc3                                    0x200000f0   Data          72  adc.o(.bss)
    hcan1                                    0x20000138   Data          40  can.o(.bss)
    hiwdg                                    0x20000160   Data          12  iwdg.o(.bss)
    htim1                                    0x2000016c   Data          72  tim.o(.bss)
    htim5                                    0x200001b4   Data          72  tim.o(.bss)
    huart3                                   0x200001fc   Data          72  usart.o(.bss)
    hdma_usart3_tx                           0x20000244   Data          96  usart.o(.bss)
    usart3_rx_buf                            0x200002e4   Data        1024  bsp_uart.o(.bss)
    usart3_rx_buffer                         0x200006e4   Data          20  bsp_uart.o(.bss)
    usart3_dma_tx_buf                        0x200006f8   Data        1024  bsp_uart.o(.bss)
    usart3_tx_buf                            0x20000af8   Data        1024  bsp_uart.o(.bss)
    usart3_tx_buffer                         0x20000ef8   Data          20  bsp_uart.o(.bss)
    __initial_sp                             0x20001310   Data           0  startup_stm32f405xx.o(STACK)



==============================================================================

Memory Map of the image

  Image Entry point : 0x08000189

  Load Region LR_IROM1 (Base: 0x08000000, Size: 0x00003564, Max: 0x00100000, ABSOLUTE)

    Execution Region ER_IROM1 (Exec base: 0x08000000, Load base: 0x08000000, Size: 0x00003504, Max: 0x00100000, ABSOLUTE)

    Exec Addr    Load Addr    Size         Type   Attr      Idx    E Section Name        Object

    0x08000000   0x08000000   0x00000188   Data   RO            3    RESET               startup_stm32f405xx.o
    0x08000188   0x08000188   0x00000000   Code   RO         4286  * .ARM.Collect$$$$00000000  mc_w.l(entry.o)
    0x08000188   0x08000188   0x00000004   Code   RO         4297    .ARM.Collect$$$$00000001  mc_w.l(entry2.o)
    0x0800018c   0x0800018c   0x00000004   Code   RO         4300    .ARM.Collect$$$$00000004  mc_w.l(entry5.o)
    0x08000190   0x08000190   0x00000000   Code   RO         4302    .ARM.Collect$$$$00000008  mc_w.l(entry7b.o)
    0x08000190   0x08000190   0x00000000   Code   RO         4304    .ARM.Collect$$$$0000000A  mc_w.l(entry8b.o)
    0x08000190   0x08000190   0x00000008   Code   RO         4305    .ARM.Collect$$$$0000000B  mc_w.l(entry9a.o)
    0x08000198   0x08000198   0x00000004   Code   RO         4312    .ARM.Collect$$$$0000000E  mc_w.l(entry12b.o)
    0x0800019c   0x0800019c   0x00000000   Code   RO         4307    .ARM.Collect$$$$0000000F  mc_w.l(entry10a.o)
    0x0800019c   0x0800019c   0x00000000   Code   RO         4309    .ARM.Collect$$$$00000011  mc_w.l(entry11a.o)
    0x0800019c   0x0800019c   0x00000004   Code   RO         4298    .ARM.Collect$$$$00002712  mc_w.l(entry2.o)
    0x080001a0   0x080001a0   0x00000024   Code   RO            4    .text               startup_stm32f405xx.o
    0x080001c4   0x080001c4   0x00000062   Code   RO         4289    .text               mc_w.l(uldiv.o)
    0x08000226   0x08000226   0x00000024   Code   RO         4293    .text               mc_w.l(memseta.o)
    0x0800024a   0x0800024a   0x0000001e   Code   RO         4313    .text               mc_w.l(llshl.o)
    0x08000268   0x08000268   0x00000020   Code   RO         4315    .text               mc_w.l(llushr.o)
    0x08000288   0x08000288   0x00000024   Code   RO         4317    .text               mc_w.l(init.o)
    0x080002ac   0x080002ac   0x00000024   Code   RO          498    i.ADC_IRQHandler    stm32f4xx_it.o
    0x080002d0   0x080002d0   0x00000128   Code   RO         1226    i.ADC_Init          stm32f4xx_hal_adc.o
    0x080003f8   0x080003f8   0x00000004   Code   RO          808    i.BSP_LED_Init      bsp_led.o
    0x080003fc   0x080003fc   0x00000002   Code   RO          499    i.BusFault_Handler  stm32f4xx_it.o
    0x080003fe   0x080003fe   0x00000002   PAD
    0x08000400   0x08000400   0x0000000c   Code   RO          500    i.DMA1_Stream3_IRQHandler  stm32f4xx_it.o
    0x0800040c   0x0800040c   0x00000028   Code   RO         1960    i.DMA_CalcBaseAndBitshift  stm32f4xx_hal_dma.o
    0x08000434   0x08000434   0x00000054   Code   RO         1961    i.DMA_CheckFifoParam  stm32f4xx_hal_dma.o
    0x08000488   0x08000488   0x00000002   Code   RO          501    i.DebugMon_Handler  stm32f4xx_it.o
    0x0800048a   0x0800048a   0x00000004   Code   RO           13    i.Error_Handler     main.o
    0x0800048e   0x0800048e   0x00000002   PAD
    0x08000490   0x08000490   0x000001bc   Code   RO         1396    i.HAL_ADCEx_InjectedConfigChannel  stm32f4xx_hal_adc_ex.o
    0x0800064c   0x0800064c   0x00000002   Code   RO         1397    i.HAL_ADCEx_InjectedConvCpltCallback  stm32f4xx_hal_adc_ex.o
    0x0800064e   0x0800064e   0x00000002   PAD
    0x08000650   0x08000650   0x0000014c   Code   RO         1228    i.HAL_ADC_ConfigChannel  stm32f4xx_hal_adc.o
    0x0800079c   0x0800079c   0x00000002   Code   RO         1229    i.HAL_ADC_ConvCpltCallback  stm32f4xx_hal_adc.o
    0x0800079e   0x0800079e   0x00000002   Code   RO         1232    i.HAL_ADC_ErrorCallback  stm32f4xx_hal_adc.o
    0x080007a0   0x080007a0   0x0000012e   Code   RO         1236    i.HAL_ADC_IRQHandler  stm32f4xx_hal_adc.o
    0x080008ce   0x080008ce   0x00000054   Code   RO         1237    i.HAL_ADC_Init      stm32f4xx_hal_adc.o
    0x08000922   0x08000922   0x00000002   Code   RO         1238    i.HAL_ADC_LevelOutOfWindowCallback  stm32f4xx_hal_adc.o
    0x08000924   0x08000924   0x00000104   Code   RO          253    i.HAL_ADC_MspInit   adc.o
    0x08000a28   0x08000a28   0x0000011a   Code   RO         2665    i.HAL_CAN_Init      stm32f4xx_hal_can.o
    0x08000b42   0x08000b42   0x00000002   PAD
    0x08000b44   0x08000b44   0x0000006c   Code   RO          307    i.HAL_CAN_MspInit   can.o
    0x08000bb0   0x08000bb0   0x00000092   Code   RO         1963    i.HAL_DMA_Abort     stm32f4xx_hal_dma.o
    0x08000c42   0x08000c42   0x00000024   Code   RO         1964    i.HAL_DMA_Abort_IT  stm32f4xx_hal_dma.o
    0x08000c66   0x08000c66   0x00000062   Code   RO         1965    i.HAL_DMA_DeInit    stm32f4xx_hal_dma.o
    0x08000cc8   0x08000cc8   0x000001a0   Code   RO         1968    i.HAL_DMA_IRQHandler  stm32f4xx_hal_dma.o
    0x08000e68   0x08000e68   0x000000d4   Code   RO         1969    i.HAL_DMA_Init      stm32f4xx_hal_dma.o
    0x08000f3c   0x08000f3c   0x00000168   Code   RO         1853    i.HAL_GPIO_DeInit   stm32f4xx_hal_gpio.o
    0x080010a4   0x080010a4   0x000001f0   Code   RO         1856    i.HAL_GPIO_Init     stm32f4xx_hal_gpio.o
    0x08001294   0x08001294   0x00000010   Code   RO         1859    i.HAL_GPIO_TogglePin  stm32f4xx_hal_gpio.o
    0x080012a4   0x080012a4   0x0000000a   Code   RO         1860    i.HAL_GPIO_WritePin  stm32f4xx_hal_gpio.o
    0x080012ae   0x080012ae   0x00000002   PAD
    0x080012b0   0x080012b0   0x0000000c   Code   RO         2406    i.HAL_GetTick       stm32f4xx_hal.o
    0x080012bc   0x080012bc   0x0000005e   Code   RO         2885    i.HAL_IWDG_Init     stm32f4xx_hal_iwdg.o
    0x0800131a   0x0800131a   0x0000000c   Code   RO         2886    i.HAL_IWDG_Refresh  stm32f4xx_hal_iwdg.o
    0x08001326   0x08001326   0x00000002   PAD
    0x08001328   0x08001328   0x00000010   Code   RO         2412    i.HAL_IncTick       stm32f4xx_hal.o
    0x08001338   0x08001338   0x00000034   Code   RO         2413    i.HAL_Init          stm32f4xx_hal.o
    0x0800136c   0x0800136c   0x00000040   Code   RO         2414    i.HAL_InitTick      stm32f4xx_hal.o
    0x080013ac   0x080013ac   0x00000030   Code   RO          604    i.HAL_MspInit       stm32f4xx_hal_msp.o
    0x080013dc   0x080013dc   0x00000022   Code   RO         2247    i.HAL_NVIC_DisableIRQ  stm32f4xx_hal_cortex.o
    0x080013fe   0x080013fe   0x0000001a   Code   RO         2248    i.HAL_NVIC_EnableIRQ  stm32f4xx_hal_cortex.o
    0x08001418   0x08001418   0x00000040   Code   RO         2254    i.HAL_NVIC_SetPriority  stm32f4xx_hal_cortex.o
    0x08001458   0x08001458   0x00000024   Code   RO         2255    i.HAL_NVIC_SetPriorityGrouping  stm32f4xx_hal_cortex.o
    0x0800147c   0x0800147c   0x00000134   Code   RO         1502    i.HAL_RCC_ClockConfig  stm32f4xx_hal_rcc.o
    0x080015b0   0x080015b0   0x00000020   Code   RO         1509    i.HAL_RCC_GetPCLK1Freq  stm32f4xx_hal_rcc.o
    0x080015d0   0x080015d0   0x00000020   Code   RO         1510    i.HAL_RCC_GetPCLK2Freq  stm32f4xx_hal_rcc.o
    0x080015f0   0x080015f0   0x00000060   Code   RO         1511    i.HAL_RCC_GetSysClockFreq  stm32f4xx_hal_rcc.o
    0x08001650   0x08001650   0x0000036c   Code   RO         1514    i.HAL_RCC_OscConfig  stm32f4xx_hal_rcc.o
    0x080019bc   0x080019bc   0x00000028   Code   RO         2259    i.HAL_SYSTICK_Config  stm32f4xx_hal_cortex.o
    0x080019e4   0x080019e4   0x00000002   Code   RO         3621    i.HAL_TIMEx_BreakCallback  stm32f4xx_hal_tim_ex.o
    0x080019e6   0x080019e6   0x00000002   Code   RO         3622    i.HAL_TIMEx_CommutCallback  stm32f4xx_hal_tim_ex.o
    0x080019e8   0x080019e8   0x00000054   Code   RO         3624    i.HAL_TIMEx_ConfigBreakDeadTime  stm32f4xx_hal_tim_ex.o
    0x08001a3c   0x08001a3c   0x00000090   Code   RO         3640    i.HAL_TIMEx_MasterConfigSynchronization  stm32f4xx_hal_tim_ex.o
    0x08001acc   0x08001acc   0x0000005a   Code   RO         2917    i.HAL_TIM_Base_Init  stm32f4xx_hal_tim.o
    0x08001b26   0x08001b26   0x00000002   PAD
    0x08001b28   0x08001b28   0x00000068   Code   RO          403    i.HAL_TIM_Base_MspInit  tim.o
    0x08001b90   0x08001b90   0x00000080   Code   RO         2922    i.HAL_TIM_Base_Start_IT  stm32f4xx_hal_tim.o
    0x08001c10   0x08001c10   0x000000dc   Code   RO         2926    i.HAL_TIM_ConfigClockSource  stm32f4xx_hal_tim.o
    0x08001cec   0x08001cec   0x00000002   Code   RO         2951    i.HAL_TIM_IC_CaptureCallback  stm32f4xx_hal_tim.o
    0x08001cee   0x08001cee   0x00000130   Code   RO         2965    i.HAL_TIM_IRQHandler  stm32f4xx_hal_tim.o
    0x08001e1e   0x08001e1e   0x00000002   PAD
    0x08001e20   0x08001e20   0x00000080   Code   RO          404    i.HAL_TIM_MspPostInit  tim.o
    0x08001ea0   0x08001ea0   0x00000002   Code   RO         2968    i.HAL_TIM_OC_DelayElapsedCallback  stm32f4xx_hal_tim.o
    0x08001ea2   0x08001ea2   0x000000cc   Code   RO         2989    i.HAL_TIM_PWM_ConfigChannel  stm32f4xx_hal_tim.o
    0x08001f6e   0x08001f6e   0x0000005a   Code   RO         2992    i.HAL_TIM_PWM_Init  stm32f4xx_hal_tim.o
    0x08001fc8   0x08001fc8   0x00000002   Code   RO         2994    i.HAL_TIM_PWM_MspInit  stm32f4xx_hal_tim.o
    0x08001fca   0x08001fca   0x00000002   Code   RO         2995    i.HAL_TIM_PWM_PulseFinishedCallback  stm32f4xx_hal_tim.o
    0x08001fcc   0x08001fcc   0x00000014   Code   RO           14    i.HAL_TIM_PeriodElapsedCallback  main.o
    0x08001fe0   0x08001fe0   0x00000002   Code   RO         3008    i.HAL_TIM_TriggerCallback  stm32f4xx_hal_tim.o
    0x08001fe2   0x08001fe2   0x00000002   Code   RO         3900    i.HAL_UARTEx_RxEventCallback  stm32f4xx_hal_uart.o
    0x08001fe4   0x08001fe4   0x00000036   Code   RO         3913    i.HAL_UART_DeInit   stm32f4xx_hal_uart.o
    0x0800201a   0x0800201a   0x00000002   PAD
    0x0800201c   0x0800201c   0x00000064   Code   RO         1017    i.HAL_UART_ErrorCallback  bsp_uart.o
    0x08002080   0x08002080   0x00000280   Code   RO         3917    i.HAL_UART_IRQHandler  stm32f4xx_hal_uart.o
    0x08002300   0x08002300   0x00000064   Code   RO         3918    i.HAL_UART_Init     stm32f4xx_hal_uart.o
    0x08002364   0x08002364   0x00000040   Code   RO          456    i.HAL_UART_MspDeInit  usart.o
    0x080023a4   0x080023a4   0x000000b4   Code   RO          457    i.HAL_UART_MspInit  usart.o
    0x08002458   0x08002458   0x0000001c   Code   RO         3923    i.HAL_UART_Receive_IT  stm32f4xx_hal_uart.o
    0x08002474   0x08002474   0x00000030   Code   RO         1018    i.HAL_UART_RxCpltCallback  bsp_uart.o
    0x080024a4   0x080024a4   0x00000002   Code   RO         3929    i.HAL_UART_TxCpltCallback  stm32f4xx_hal_uart.o
    0x080024a6   0x080024a6   0x00000002   Code   RO          502    i.HardFault_Handler  stm32f4xx_it.o
    0x080024a8   0x080024a8   0x00000060   Code   RO          859    i.IsKeyDownFunc     bsp_key.o
    0x08002508   0x08002508   0x0000002c   Code   RO          860    i.KeyPinActive      bsp_key.o
    0x08002534   0x08002534   0x0000001c   Code   RO          809    i.LED_Flip          bsp_led.o
    0x08002550   0x08002550   0x00000068   Code   RO          810    i.LED_HardwareInit  bsp_led.o
    0x080025b8   0x080025b8   0x00000028   Code   RO          811    i.LED_Off           bsp_led.o
    0x080025e0   0x080025e0   0x0000001c   Code   RO          812    i.LED_On            bsp_led.o
    0x080025fc   0x080025fc   0x000000c4   Code   RO          254    i.MX_ADC1_Init      adc.o
    0x080026c0   0x080026c0   0x000000c0   Code   RO          255    i.MX_ADC2_Init      adc.o
    0x08002780   0x08002780   0x00000078   Code   RO          256    i.MX_ADC3_Init      adc.o
    0x080027f8   0x080027f8   0x0000003c   Code   RO          308    i.MX_CAN1_Init      can.o
    0x08002834   0x08002834   0x0000002c   Code   RO          348    i.MX_DMA_Init       dma.o
    0x08002860   0x08002860   0x0000007c   Code   RO          228    i.MX_GPIO_Init      gpio.o
    0x080028dc   0x080028dc   0x0000002c   Code   RO          372    i.MX_IWDG_Init      iwdg.o
    0x08002908   0x08002908   0x00000108   Code   RO          405    i.MX_TIM1_Init      tim.o
    0x08002a10   0x08002a10   0x00000068   Code   RO          406    i.MX_TIM5_Init      tim.o
    0x08002a78   0x08002a78   0x00000038   Code   RO          458    i.MX_USART3_UART_Init  usart.o
    0x08002ab0   0x08002ab0   0x00000002   Code   RO          503    i.MemManage_Handler  stm32f4xx_it.o
    0x08002ab2   0x08002ab2   0x00000002   Code   RO          504    i.NMI_Handler       stm32f4xx_it.o
    0x08002ab4   0x08002ab4   0x00000002   Code   RO          505    i.PendSV_Handler    stm32f4xx_it.o
    0x08002ab6   0x08002ab6   0x00000002   Code   RO          506    i.SVC_Handler       stm32f4xx_it.o
    0x08002ab8   0x08002ab8   0x00000004   Code   RO          507    i.SysTick_Handler   stm32f4xx_it.o
    0x08002abc   0x08002abc   0x0000009c   Code   RO           15    i.SystemClock_Config  main.o
    0x08002b58   0x08002b58   0x00000010   Code   RO         4252    i.SystemInit        system_stm32f4xx.o
    0x08002b68   0x08002b68   0x0000000c   Code   RO          508    i.TIM1_BRK_TIM9_IRQHandler  stm32f4xx_it.o
    0x08002b74   0x08002b74   0x0000000c   Code   RO          509    i.TIM5_IRQHandler   stm32f4xx_it.o
    0x08002b80   0x08002b80   0x000000d0   Code   RO         3010    i.TIM_Base_SetConfig  stm32f4xx_hal_tim.o
    0x08002c50   0x08002c50   0x00000014   Code   RO         3021    i.TIM_ETR_SetConfig  stm32f4xx_hal_tim.o
    0x08002c64   0x08002c64   0x00000010   Code   RO         3022    i.TIM_ITRx_SetConfig  stm32f4xx_hal_tim.o
    0x08002c74   0x08002c74   0x00000060   Code   RO         3023    i.TIM_OC1_SetConfig  stm32f4xx_hal_tim.o
    0x08002cd4   0x08002cd4   0x0000006c   Code   RO         3024    i.TIM_OC2_SetConfig  stm32f4xx_hal_tim.o
    0x08002d40   0x08002d40   0x00000068   Code   RO         3025    i.TIM_OC3_SetConfig  stm32f4xx_hal_tim.o
    0x08002da8   0x08002da8   0x00000050   Code   RO         3026    i.TIM_OC4_SetConfig  stm32f4xx_hal_tim.o
    0x08002df8   0x08002df8   0x00000022   Code   RO         3028    i.TIM_TI1_ConfigInputStage  stm32f4xx_hal_tim.o
    0x08002e1a   0x08002e1a   0x00000024   Code   RO         3030    i.TIM_TI2_ConfigInputStage  stm32f4xx_hal_tim.o
    0x08002e3e   0x08002e3e   0x0000000e   Code   RO         3931    i.UART_DMAAbortOnError  stm32f4xx_hal_uart.o
    0x08002e4c   0x08002e4c   0x0000004e   Code   RO         3941    i.UART_EndRxTransfer  stm32f4xx_hal_uart.o
    0x08002e9a   0x08002e9a   0x000000c2   Code   RO         3943    i.UART_Receive_IT   stm32f4xx_hal_uart.o
    0x08002f5c   0x08002f5c   0x0000010c   Code   RO         3944    i.UART_SetConfig    stm32f4xx_hal_uart.o
    0x08003068   0x08003068   0x00000036   Code   RO         3946    i.UART_Start_Receive_IT  stm32f4xx_hal_uart.o
    0x0800309e   0x0800309e   0x00000002   PAD
    0x080030a0   0x080030a0   0x0000000c   Code   RO          510    i.USART3_IRQHandler  stm32f4xx_it.o
    0x080030ac   0x080030ac   0x00000002   Code   RO          511    i.UsageFault_Handler  stm32f4xx_it.o
    0x080030ae   0x080030ae   0x00000020   Code   RO         2261    i.__NVIC_SetPriority  stm32f4xx_hal_cortex.o
    0x080030ce   0x080030ce   0x0000000e   Code   RO         4321    i.__scatterload_copy  mc_w.l(handlers.o)
    0x080030dc   0x080030dc   0x00000002   Code   RO         4322    i.__scatterload_null  mc_w.l(handlers.o)
    0x080030de   0x080030de   0x0000000e   Code   RO         4323    i.__scatterload_zeroinit  mc_w.l(handlers.o)
    0x080030ec   0x080030ec   0x000000ac   Code   RO          863    i.bsp_DetectKey     bsp_key.o
    0x08003198   0x08003198   0x00000028   Code   RO          733    i.bsp_Init          bsp.o
    0x080031c0   0x080031c0   0x00000078   Code   RO          867    i.bsp_InitKey       bsp_key.o
    0x08003238   0x08003238   0x00000014   Code   RO          868    i.bsp_KeyScan10ms   bsp_key.o
    0x0800324c   0x0800324c   0x0000001c   Code   RO          870    i.bsp_PutKey        bsp_key.o
    0x08003268   0x08003268   0x0000000e   Code   RO         1086    i.fifo_init         bsp_ringbuff.o
    0x08003276   0x08003276   0x0000002a   Code   RO         1093    i.fifo_push_byte    bsp_ringbuff.o
    0x080032a0   0x080032a0   0x00000012   Code   RO         1203    i.get_system_time_ms  bsp_system_time.o
    0x080032b2   0x080032b2   0x00000002   PAD
    0x080032b4   0x080032b4   0x00000030   Code   RO         1198    i.get_system_time_us  bsp_system_time.o
    0x080032e4   0x080032e4   0x00000002   Code   RO          734    i.hal_1000hz_loop   bsp.o
    0x080032e6   0x080032e6   0x00000004   Code   RO          735    i.hal_100hz_loop    bsp.o
    0x080032ea   0x080032ea   0x00000002   Code   RO          736    i.hal_10hz_loop     bsp.o
    0x080032ec   0x080032ec   0x00000002   Code   RO          737    i.hal_1hz_loop      bsp.o
    0x080032ee   0x080032ee   0x00000002   PAD
    0x080032f0   0x080032f0   0x0000001c   Code   RO          738    i.hal_2hz_loop      bsp.o
    0x0800330c   0x0800330c   0x00000002   Code   RO          739    i.hal_50hz_loop     bsp.o
    0x0800330e   0x0800330e   0x00000002   Code   RO          741    i.hal_fast_loop     bsp.o
    0x08003310   0x08003310   0x0000011c   Code   RO           16    i.main              main.o
    0x0800342c   0x0800342c   0x00000018   Code   RO         1168    i.system_timer_tick  bsp_system_time.o
    0x08003444   0x08003444   0x00000058   Code   RO         1021    i.usart_configure   bsp_uart.o
    0x0800349c   0x0800349c   0x00000010   Data   RO          813    .constdata          bsp_led.o
    0x080034ac   0x080034ac   0x00000018   Data   RO          873    .constdata          bsp_key.o
    0x080034c4   0x080034c4   0x00000008   Data   RO         1975    .constdata          stm32f4xx_hal_dma.o
    0x080034cc   0x080034cc   0x00000010   Data   RO         4253    .constdata          system_stm32f4xx.o
    0x080034dc   0x080034dc   0x00000008   Data   RO         4254    .constdata          system_stm32f4xx.o
    0x080034e4   0x080034e4   0x00000020   Data   RO         4319    Region$$Table       anon$$obj.o


    Execution Region RW_IRAM1 (Exec base: 0x20000000, Load base: 0x08003504, Size: 0x00001310, Max: 0x0001c000, ABSOLUTE)

    Exec Addr    Load Addr    Size         Type   Attr      Idx    E Section Name        Object

    0x20000000   0x08003504   0x00000004   Data   RW           17    .data               main.o
    0x20000004   0x08003508   0x00000004   PAD
    0x20000008   0x0800350c   0x00000030   Data   RW           18    .data               main.o
    0x20000038   0x0800353c   0x0000000c   Data   RW          814    .data               bsp_led.o
    0x20000044   0x08003548   0x00000001   Data   RW         1024    .data               bsp_uart.o
    0x20000045   0x08003549   0x00000003   PAD
    0x20000048   0x0800354c   0x00000008   Data   RW         1169    .data               bsp_system_time.o
    0x20000050   0x08003554   0x0000000c   Data   RW         2420    .data               stm32f4xx_hal.o
    0x2000005c   0x08003560   0x00000004   Data   RW         4255    .data               system_stm32f4xx.o
    0x20000060        -       0x000000d8   Zero   RW          257    .bss                adc.o
    0x20000138        -       0x00000028   Zero   RW          309    .bss                can.o
    0x20000160        -       0x0000000c   Zero   RW          373    .bss                iwdg.o
    0x2000016c        -       0x00000090   Zero   RW          407    .bss                tim.o
    0x200001fc        -       0x000000a8   Zero   RW          459    .bss                usart.o
    0x200002a4        -       0x0000003d   Zero   RW          872    .bss                bsp_key.o
    0x200002e1   0x08003564   0x00000003   PAD
    0x200002e4        -       0x00000c28   Zero   RW         1023    .bss                bsp_uart.o
    0x20000f0c   0x08003564   0x00000004   PAD
    0x20000f10        -       0x00000400   Zero   RW            1    STACK               startup_stm32f405xx.o


    Execution Region RW_IRAM2 (Exec base: 0x2001c000, Load base: 0x08003564, Size: 0x00000000, Max: 0x00004000, ABSOLUTE)

    **** No section assigned to this execution region ****


==============================================================================

Image component sizes


      Code (inc. data)   RO Data    RW Data    ZI Data      Debug   Object Name

       768         66          0          0        216       3495   adc.o
        82         14          0          0          0       3612   bsp.o
       480         28         24          0         61       5869   bsp_key.o
       204         24         16         12          0       3925   bsp_led.o
        56          0          0          0          0       2101   bsp_ringbuff.o
        90         14          0          8          0       2017   bsp_system_time.o
       236         48          0          1       3112       3027   bsp_uart.o
       168         22          0          0         40       1717   can.o
        44          4          0          0          0        794   dma.o
       124          8          0          0          0        971   gpio.o
        44          8          0          0         12        743   iwdg.o
       464         26          0         52          0     678845   main.o
        36          8        392          0       1024        844   startup_stm32f405xx.o
       144         24          0         12          0       8837   stm32f4xx_hal.o
      1020         28          0          0          0       5574   stm32f4xx_hal_adc.o
       446         16          0          0          0       2115   stm32f4xx_hal_adc_ex.o
       282          0          0          0          0       1427   stm32f4xx_hal_can.o
       232         14          0          0          0      34585   stm32f4xx_hal_cortex.o
      1032         16          8          0          0       6424   stm32f4xx_hal_dma.o
       882         86          0          0          0       3823   stm32f4xx_hal_gpio.o
       106          0          0          0          0       1931   stm32f4xx_hal_iwdg.o
        48          6          0          0          0        878   stm32f4xx_hal_msp.o
      1344         72          0          0          0       5308   stm32f4xx_hal_rcc.o
      1748        108          0          0          0      15762   stm32f4xx_hal_tim.o
       232         28          0          0          0       3349   stm32f4xx_hal_tim_ex.o
      1434         14          0          0          0       9505   stm32f4xx_hal_uart.o
       104         36          0          0          0       6698   stm32f4xx_it.o
        16          4         24          4          0       1151   system_stm32f4xx.o
       600         48          0          0        144       3349   tim.o
       300         44          0          0        168       2450   usart.o

    ----------------------------------------------------------------------
     12790        814        496         96       4784     821126   Object Totals
         0          0         32          0          0          0   (incl. Generated)
        24          0          0          7          7          0   (incl. Padding)

    ----------------------------------------------------------------------

      Code (inc. data)   RO Data    RW Data    ZI Data      Debug   Library Member Name

         0          0          0          0          0          0   entry.o
         0          0          0          0          0          0   entry10a.o
         0          0          0          0          0          0   entry11a.o
         4          0          0          0          0          0   entry12b.o
         8          4          0          0          0          0   entry2.o
         4          0          0          0          0          0   entry5.o
         0          0          0          0          0          0   entry7b.o
         0          0          0          0          0          0   entry8b.o
         8          4          0          0          0          0   entry9a.o
        30          0          0          0          0          0   handlers.o
        36          8          0          0          0         68   init.o
        30          0          0          0          0         68   llshl.o
        32          0          0          0          0         68   llushr.o
        36          0          0          0          0        108   memseta.o
        98          0          0          0          0         92   uldiv.o

    ----------------------------------------------------------------------
       286         16          0          0          0        404   Library Totals
         0          0          0          0          0          0   (incl. Padding)

    ----------------------------------------------------------------------

      Code (inc. data)   RO Data    RW Data    ZI Data      Debug   Library Name

       286         16          0          0          0        404   mc_w.l

    ----------------------------------------------------------------------
       286         16          0          0          0        404   Library Totals

    ----------------------------------------------------------------------

==============================================================================


      Code (inc. data)   RO Data    RW Data    ZI Data      Debug   

     13076        830        496         96       4784     808730   Grand Totals
     13076        830        496         96       4784     808730   ELF Image Totals
     13076        830        496         96          0          0   ROM Totals

==============================================================================

    Total RO  Size (Code + RO Data)                13572 (  13.25kB)
    Total RW  Size (RW Data + ZI Data)              4880 (   4.77kB)
    Total ROM Size (Code + RO Data + RW Data)      13668 (  13.35kB)

==============================================================================

