Component: ARM Compiler 5.06 update 7 (build 960) Tool: armlink [4d3601]

==============================================================================

Section Cross References

    startup_stm32f405xx.o(RESET) refers to startup_stm32f405xx.o(STACK) for __initial_sp
    startup_stm32f405xx.o(RESET) refers to startup_stm32f405xx.o(.text) for Reset_Handler
    startup_stm32f405xx.o(RESET) refers to stm32f4xx_it.o(i.NMI_Handler) for NMI_Handler
    startup_stm32f405xx.o(RESET) refers to stm32f4xx_it.o(i.HardFault_Handler) for HardFault_Handler
    startup_stm32f405xx.o(RESET) refers to stm32f4xx_it.o(i.MemManage_Handler) for MemManage_Handler
    startup_stm32f405xx.o(RESET) refers to stm32f4xx_it.o(i.BusFault_Handler) for BusFault_Handler
    startup_stm32f405xx.o(RESET) refers to stm32f4xx_it.o(i.UsageFault_Handler) for UsageFault_Handler
    startup_stm32f405xx.o(RESET) refers to stm32f4xx_it.o(i.SVC_Handler) for SVC_Handler
    startup_stm32f405xx.o(RESET) refers to stm32f4xx_it.o(i.DebugMon_Handler) for DebugMon_Handler
    startup_stm32f405xx.o(RESET) refers to stm32f4xx_it.o(i.PendSV_Handler) for PendSV_Handler
    startup_stm32f405xx.o(RESET) refers to stm32f4xx_it.o(i.SysTick_Handler) for SysTick_Handler
    startup_stm32f405xx.o(RESET) refers to stm32f4xx_it.o(i.DMA1_Stream3_IRQHandler) for DMA1_Stream3_IRQHandler
    startup_stm32f405xx.o(RESET) refers to stm32f4xx_it.o(i.ADC_IRQHandler) for ADC_IRQHandler
    startup_stm32f405xx.o(RESET) refers to stm32f4xx_it.o(i.CAN1_RX0_IRQHandler) for CAN1_RX0_IRQHandler
    startup_stm32f405xx.o(RESET) refers to stm32f4xx_it.o(i.TIM1_BRK_TIM9_IRQHandler) for TIM1_BRK_TIM9_IRQHandler
    startup_stm32f405xx.o(RESET) refers to stm32f4xx_it.o(i.USART1_IRQHandler) for USART1_IRQHandler
    startup_stm32f405xx.o(RESET) refers to stm32f4xx_it.o(i.USART3_IRQHandler) for USART3_IRQHandler
    startup_stm32f405xx.o(RESET) refers to stm32f4xx_it.o(i.TIM5_IRQHandler) for TIM5_IRQHandler
    startup_stm32f405xx.o(RESET) refers to stm32f4xx_it.o(i.DMA2_Stream7_IRQHandler) for DMA2_Stream7_IRQHandler
    startup_stm32f405xx.o(.text) refers to system_stm32f4xx.o(i.SystemInit) for SystemInit
    startup_stm32f405xx.o(.text) refers to entry.o(.ARM.Collect$$$$00000000) for __main
    main.o(i.HAL_TIM_PeriodElapsedCallback) refers to bsp_system_time.o(i.system_timer_tick) for system_timer_tick
    main.o(i.SystemClock_Config) refers to memseta.o(.text) for __aeabi_memclr4
    main.o(i.SystemClock_Config) refers to stm32f4xx_hal_rcc.o(i.HAL_RCC_OscConfig) for HAL_RCC_OscConfig
    main.o(i.SystemClock_Config) refers to stm32f4xx_hal_rcc.o(i.HAL_RCC_ClockConfig) for HAL_RCC_ClockConfig
    main.o(i.main) refers to stm32f4xx_hal.o(i.HAL_Init) for HAL_Init
    main.o(i.main) refers to main.o(i.SystemClock_Config) for SystemClock_Config
    main.o(i.main) refers to gpio.o(i.MX_GPIO_Init) for MX_GPIO_Init
    main.o(i.main) refers to dma.o(i.MX_DMA_Init) for MX_DMA_Init
    main.o(i.main) refers to can.o(i.MX_CAN1_Init) for MX_CAN1_Init
    main.o(i.main) refers to tim.o(i.MX_TIM1_Init) for MX_TIM1_Init
    main.o(i.main) refers to adc.o(i.MX_ADC1_Init) for MX_ADC1_Init
    main.o(i.main) refers to usart.o(i.MX_USART1_UART_Init) for MX_USART1_UART_Init
    main.o(i.main) refers to adc.o(i.MX_ADC2_Init) for MX_ADC2_Init
    main.o(i.main) refers to iwdg.o(i.MX_IWDG_Init) for MX_IWDG_Init
    main.o(i.main) refers to tim.o(i.MX_TIM5_Init) for MX_TIM5_Init
    main.o(i.main) refers to usart.o(i.MX_USART3_UART_Init) for MX_USART3_UART_Init
    main.o(i.main) refers to bsp.o(i.bsp_Init) for bsp_Init
    main.o(i.main) refers to bsp.o(i.hal_fast_loop) for hal_fast_loop
    main.o(i.main) refers to bsp_system_time.o(i.get_system_time_ms) for get_system_time_ms
    main.o(i.main) refers to bsp.o(i.hal_1hz_loop) for hal_1hz_loop
    main.o(i.main) refers to bsp.o(i.hal_2hz_loop) for hal_2hz_loop
    main.o(i.main) refers to bsp.o(i.hal_10hz_loop) for hal_10hz_loop
    main.o(i.main) refers to bsp.o(i.hal_50hz_loop) for hal_50hz_loop
    main.o(i.main) refers to bsp.o(i.hal_100hz_loop) for hal_100hz_loop
    main.o(i.main) refers to bsp.o(i.hal_1000hz_loop) for hal_1000hz_loop
    main.o(i.main) refers to main.o(.data) for .data
    main.o(.data) refers to tim.o(.bss) for htim5
    adc.o(i.HAL_ADC_MspDeInit) refers to stm32f4xx_hal_gpio.o(i.HAL_GPIO_DeInit) for HAL_GPIO_DeInit
    adc.o(i.HAL_ADC_MspInit) refers to memseta.o(.text) for __aeabi_memclr4
    adc.o(i.HAL_ADC_MspInit) refers to stm32f4xx_hal_gpio.o(i.HAL_GPIO_Init) for HAL_GPIO_Init
    adc.o(i.HAL_ADC_MspInit) refers to stm32f4xx_hal_cortex.o(i.HAL_NVIC_SetPriority) for HAL_NVIC_SetPriority
    adc.o(i.HAL_ADC_MspInit) refers to stm32f4xx_hal_cortex.o(i.HAL_NVIC_EnableIRQ) for HAL_NVIC_EnableIRQ
    adc.o(i.MX_ADC1_Init) refers to memseta.o(.text) for __aeabi_memclr4
    adc.o(i.MX_ADC1_Init) refers to stm32f4xx_hal_adc.o(i.HAL_ADC_Init) for HAL_ADC_Init
[...]
    Removing stm32f4xx_hal_uart.o(i.HAL_UART_TxHalfCpltCallback), (2 bytes).
    Removing stm32f4xx_hal_uart.o(i.UART_DMAError), (74 bytes).
    Removing stm32f4xx_hal_uart.o(i.UART_DMAReceiveCplt), (134 bytes).
    Removing stm32f4xx_hal_uart.o(i.UART_DMARxAbortCallback), (44 bytes).
    Removing stm32f4xx_hal_uart.o(i.UART_DMARxHalfCplt), (30 bytes).
    Removing stm32f4xx_hal_uart.o(i.UART_DMARxOnlyAbortCallback), (22 bytes).
    Removing stm32f4xx_hal_uart.o(i.UART_DMATransmitCplt), (66 bytes).
    Removing stm32f4xx_hal_uart.o(i.UART_DMATxAbortCallback), (44 bytes).
    Removing stm32f4xx_hal_uart.o(i.UART_DMATxHalfCplt), (10 bytes).
    Removing stm32f4xx_hal_uart.o(i.UART_DMATxOnlyAbortCallback), (20 bytes).
    Removing stm32f4xx_hal_uart.o(i.UART_EndTxTransfer), (28 bytes).
    Removing stm32f4xx_hal_uart.o(i.UART_Start_Receive_DMA), (160 bytes).
    Removing stm32f4xx_hal_uart.o(i.UART_WaitOnFlagUntilTimeout), (114 bytes).
    Removing system_stm32f4xx.o(.rev16_text), (4 bytes).
    Removing system_stm32f4xx.o(.revsh_text), (4 bytes).
    Removing system_stm32f4xx.o(.rrx_text), (6 bytes).
    Removing system_stm32f4xx.o(i.SystemCoreClockUpdate), (120 bytes).

518 unused section(s) (total 34722 bytes) removed from the image.

==============================================================================

Image Symbol Table

    Local Symbols

    Symbol Name                              Value     Ov Type        Size  Object(Section)

    ../Core/Src/adc.c                        0x00000000   Number         0  adc.o ABSOLUTE
    ../Core/Src/can.c                        0x00000000   Number         0  can.o ABSOLUTE
    ../Core/Src/dma.c                        0x00000000   Number         0  dma.o ABSOLUTE
    ../Core/Src/gpio.c                       0x00000000   Number         0  gpio.o ABSOLUTE
    ../Core/Src/iwdg.c                       0x00000000   Number         0  iwdg.o ABSOLUTE
    ../Core/Src/main.c                       0x00000000   Number         0  main.o ABSOLUTE
    ../Core/Src/stm32f4xx_hal_msp.c          0x00000000   Number         0  stm32f4xx_hal_msp.o ABSOLUTE
    ../Core/Src/stm32f4xx_it.c               0x00000000   Number         0  stm32f4xx_it.o ABSOLUTE
    ../Core/Src/system_stm32f4xx.c           0x00000000   Number         0  system_stm32f4xx.o ABSOLUTE
    ../Core/Src/tim.c                        0x00000000   Number         0  tim.o ABSOLUTE
    ../Core/Src/usart.c                      0x00000000   Number         0  usart.o ABSOLUTE
    ../Drivers/STM32F4xx_HAL_Driver/Src/stm32f4xx_hal.c 0x00000000   Number         0  stm32f4xx_hal.o ABSOLUTE
    ../Drivers/STM32F4xx_HAL_Driver/Src/stm32f4xx_hal_adc.c 0x00000000   Number         0  stm32f4xx_hal_adc.o ABSOLUTE
    ../Drivers/STM32F4xx_HAL_Driver/Src/stm32f4xx_hal_adc_ex.c 0x00000000   Number         0  stm32f4xx_hal_adc_ex.o ABSOLUTE
    ../Drivers/STM32F4xx_HAL_Driver/Src/stm32f4xx_hal_can.c 0x00000000   Number         0  stm32f4xx_hal_can.o ABSOLUTE
    ../Drivers/STM32F4xx_HAL_Driver/Src/stm32f4xx_hal_cortex.c 0x00000000   Number         0  stm32f4xx_hal_cortex.o ABSOLUTE
    ../Drivers/STM32F4xx_HAL_Driver/Src/stm32f4xx_hal_dma.c 0x00000000   Number         0  stm32f4xx_hal_dma.o ABSOLUTE
    ../Drivers/STM32F4xx_HAL_Driver/Src/stm32f4xx_hal_dma_ex.c 0x00000000   Number         0  stm32f4xx_hal_dma_ex.o ABSOLUTE
    ../Drivers/STM32F4xx_HAL_Driver/Src/stm32f4xx_hal_exti.c 0x00000000   Number         0  stm32f4xx_hal_exti.o ABSOLUTE
    ../Drivers/STM32F4xx_HAL_Driver/Src/stm32f4xx_hal_flash.c 0x00000000   Number         0  stm32f4xx_hal_flash.o ABSOLUTE
    ../Drivers/STM32F4xx_HAL_Driver/Src/stm32f4xx_hal_flash_ex.c 0x00000000   Number         0  stm32f4xx_hal_flash_ex.o ABSOLUTE
    ../Drivers/STM32F4xx_HAL_Driver/Src/stm32f4xx_hal_flash_ramfunc.c 0x00000000   Number         0  stm32f4xx_hal_flash_ramfunc.o ABSOLUTE
    ../Drivers/STM32F4xx_HAL_Driver/Src/stm32f4xx_hal_gpio.c 0x00000000   Number         0  stm32f4xx_hal_gpio.o ABSOLUTE
    ../Drivers/STM32F4xx_HAL_Driver/Src/stm32f4xx_hal_iwdg.c 0x00000000   Number         0  stm32f4xx_hal_iwdg.o ABSOLUTE
    ../Drivers/STM32F4xx_HAL_Driver/Src/stm32f4xx_hal_pwr.c 0x00000000   Number         0  stm32f4xx_hal_pwr.o ABSOLUTE
    ../Drivers/STM32F4xx_HAL_Driver/Src/stm32f4xx_hal_pwr_ex.c 0x00000000   Number         0  stm32f4xx_hal_pwr_ex.o ABSOLUTE
    ../Drivers/STM32F4xx_HAL_Driver/Src/stm32f4xx_hal_rcc.c 0x00000000   Number         0  stm32f4xx_hal_rcc.o ABSOLUTE
    ../Drivers/STM32F4xx_HAL_Driver/Src/stm32f4xx_hal_rcc_ex.c 0x00000000   Number         0  stm32f4xx_hal_rcc_ex.o ABSOLUTE
    ../Drivers/STM32F4xx_HAL_Driver/Src/stm32f4xx_hal_tim.c 0x00000000   Number         0  stm32f4xx_hal_tim.o ABSOLUTE
    ../Drivers/STM32F4xx_HAL_Driver/Src/stm32f4xx_hal_tim_ex.c 0x00000000   Number         0  stm32f4xx_hal_tim_ex.o ABSOLUTE
    ../Drivers/STM32F4xx_HAL_Driver/Src/stm32f4xx_hal_uart.c 0x00000000   Number         0  stm32f4xx_hal_uart.o ABSOLUTE
    ../Drivers/STM32F4xx_HAL_Driver/Src/stm32f4xx_ll_adc.c 0x00000000   Number         0  stm32f4xx_ll_adc.o ABSOLUTE
    ../clib/microlib/division.c              0x00000000   Number         0  uldiv.o ABSOLUTE
    ../clib/microlib/init/entry.s            0x00000000   Number         0  entry10a.o ABSOLUTE
    ../clib/microlib/init/entry.s            0x00000000   Number         0  entry9b.o ABSOLUTE
    ../clib/microlib/init/entry.s            0x00000000   Number         0  entry9a.o ABSOLUTE
    ../clib/microlib/init/entry.s            0x00000000   Number         0  entry8b.o ABSOLUTE
    ../clib/microlib/init/entry.s            0x00000000   Number         0  entry8a.o ABSOLUTE
    ../clib/microlib/init/entry.s            0x00000000   Number         0  entry7b.o ABSOLUTE
    ../clib/microlib/init/entry.s            0x00000000   Number         0  entry7a.o ABSOLUTE
    ../clib/microlib/init/entry.s            0x00000000   Number         0  entry5.o ABSOLUTE
    ../clib/microlib/init/entry.s            0x00000000   Number         0  entry.o ABSOLUTE
    ../clib/microlib/init/entry.s            0x00000000   Number         0  entry2.o ABSOLUTE
    ../clib/microlib/init/entry.s            0x00000000   Number         0  entry12b.o ABSOLUTE
    ../clib/microlib/init/entry.s            0x00000000   Number         0  entry12a.o ABSOLUTE
    ../clib/microlib/init/entry.s            0x00000000   Number         0  entry11b.o ABSOLUTE
    ../clib/microlib/init/entry.s            0x00000000   Number         0  entry11a.o ABSOLUTE
    ../clib/microlib/init/entry.s            0x00000000   Number         0  entry10b.o ABSOLUTE
    ../clib/microlib/longlong.c              0x00000000   Number         0  llushr.o ABSOLUTE
    ../clib/microlib/longlong.c              0x00000000   Number         0  llshl.o ABSOLUTE
    ../clib/microlib/string/memcpy.c         0x00000000   Number         0  memcpyb.o ABSOLUTE
    ../clib/microlib/string/memcpy.c         0x00000000   Number         0  memcpya.o ABSOLUTE
    ../clib/microlib/string/memset.c         0x00000000   Number         0  memseta.o ABSOLUTE
    ..\APP\app_motor_uart_parse.c            0x00000000   Number         0  app_motor_uart_parse.o ABSOLUTE
    ..\BSP\bsp.c                             0x00000000   Number         0  bsp.o ABSOLUTE
    ..\BSP\bsp_ringbuff.c                    0x00000000   Number         0  bsp_ringbuff.o ABSOLUTE
    ..\BSP\bsp_system_time.c                 0x00000000   Number         0  bsp_system_time.o ABSOLUTE
    ..\BSP\src\bsp_key.c                     0x00000000   Number         0  bsp_key.o ABSOLUTE
    ..\BSP\src\bsp_led.c                     0x00000000   Number         0  bsp_led.o ABSOLUTE
    ..\BSP\src\bsp_uart.c                    0x00000000   Number         0  bsp_uart.o ABSOLUTE
    ..\Core\Src\adc.c                        0x00000000   Number         0  adc.o ABSOLUTE
    ..\Core\Src\can.c                        0x00000000   Number         0  can.o ABSOLUTE
    ..\Core\Src\dma.c                        0x00000000   Number         0  dma.o ABSOLUTE
    ..\Core\Src\gpio.c                       0x00000000   Number         0  gpio.o ABSOLUTE
    ..\Core\Src\iwdg.c                       0x00000000   Number         0  iwdg.o ABSOLUTE
    ..\Core\Src\main.c                       0x00000000   Number         0  main.o ABSOLUTE
    ..\Core\Src\stm32f4xx_hal_msp.c          0x00000000   Number         0  stm32f4xx_hal_msp.o ABSOLUTE
    ..\Core\Src\stm32f4xx_it.c               0x00000000   Number         0  stm32f4xx_it.o ABSOLUTE
    ..\Core\Src\system_stm32f4xx.c           0x00000000   Number         0  system_stm32f4xx.o ABSOLUTE
    ..\Core\Src\tim.c                        0x00000000   Number         0  tim.o ABSOLUTE
    ..\Core\Src\usart.c                      0x00000000   Number         0  usart.o ABSOLUTE
    ..\Drivers\STM32F4xx_HAL_Driver\Src\stm32f4xx_hal.c 0x00000000   Number         0  stm32f4xx_hal.o ABSOLUTE
    ..\Drivers\STM32F4xx_HAL_Driver\Src\stm32f4xx_hal_adc.c 0x00000000   Number         0  stm32f4xx_hal_adc.o ABSOLUTE
    ..\Drivers\STM32F4xx_HAL_Driver\Src\stm32f4xx_hal_adc_ex.c 0x00000000   Number         0  stm32f4xx_hal_adc_ex.o ABSOLUTE
    ..\Drivers\STM32F4xx_HAL_Driver\Src\stm32f4xx_hal_can.c 0x00000000   Number         0  stm32f4xx_hal_can.o ABSOLUTE
    ..\Drivers\STM32F4xx_HAL_Driver\Src\stm32f4xx_hal_cortex.c 0x00000000   Number         0  stm32f4xx_hal_cortex.o ABSOLUTE
    ..\Drivers\STM32F4xx_HAL_Driver\Src\stm32f4xx_hal_dma.c 0x00000000   Number         0  stm32f4xx_hal_dma.o ABSOLUTE
    ..\Drivers\STM32F4xx_HAL_Driver\Src\stm32f4xx_hal_dma_ex.c 0x00000000   Number         0  stm32f4xx_hal_dma_ex.o ABSOLUTE
    ..\Drivers\STM32F4xx_HAL_Driver\Src\stm32f4xx_hal_exti.c 0x00000000   Number         0  stm32f4xx_hal_exti.o ABSOLUTE
    ..\Drivers\STM32F4xx_HAL_Driver\Src\stm32f4xx_hal_flash.c 0x00000000   Number         0  stm32f4xx_hal_flash.o ABSOLUTE
    ..\Drivers\STM32F4xx_HAL_Driver\Src\stm32f4xx_hal_flash_ex.c 0x00000000   Number         0  stm32f4xx_hal_flash_ex.o ABSOLUTE
    ..\Drivers\STM32F4xx_HAL_Driver\Src\stm32f4xx_hal_flash_ramfunc.c 0x00000000   Number         0  stm32f4xx_hal_flash_ramfunc.o ABSOLUTE
    ..\Drivers\STM32F4xx_HAL_Driver\Src\stm32f4xx_hal_gpio.c 0x00000000   Number         0  stm32f4xx_hal_gpio.o ABSOLUTE
    ..\Drivers\STM32F4xx_HAL_Driver\Src\stm32f4xx_hal_iwdg.c 0x00000000   Number         0  stm32f4xx_hal_iwdg.o ABSOLUTE
    ..\Drivers\STM32F4xx_HAL_Driver\Src\stm32f4xx_hal_pwr.c 0x00000000   Number         0  stm32f4xx_hal_pwr.o ABSOLUTE
    ..\Drivers\STM32F4xx_HAL_Driver\Src\stm32f4xx_hal_pwr_ex.c 0x00000000   Number         0  stm32f4xx_hal_pwr_ex.o ABSOLUTE
    ..\Drivers\STM32F4xx_HAL_Driver\Src\stm32f4xx_hal_rcc.c 0x00000000   Number         0  stm32f4xx_hal_rcc.o ABSOLUTE
    ..\Drivers\STM32F4xx_HAL_Driver\Src\stm32f4xx_hal_rcc_ex.c 0x00000000   Number         0  stm32f4xx_hal_rcc_ex.o ABSOLUTE
    ..\Drivers\STM32F4xx_HAL_Driver\Src\stm32f4xx_hal_tim.c 0x00000000   Number         0  stm32f4xx_hal_tim.o ABSOLUTE
    ..\Drivers\STM32F4xx_HAL_Driver\Src\stm32f4xx_hal_tim_ex.c 0x00000000   Number         0  stm32f4xx_hal_tim_ex.o ABSOLUTE
    ..\Drivers\STM32F4xx_HAL_Driver\Src\stm32f4xx_hal_uart.c 0x00000000   Number         0  stm32f4xx_hal_uart.o ABSOLUTE
    ..\\APP\\app_motor_uart_parse.c          0x00000000   Number         0  app_motor_uart_parse.o ABSOLUTE
    ..\\BSP\\bsp.c                           0x00000000   Number         0  bsp.o ABSOLUTE
    ..\\BSP\\bsp_system_time.c               0x00000000   Number         0  bsp_system_time.o ABSOLUTE
    ..\\BSP\\src\\bsp_key.c                  0x00000000   Number         0  bsp_key.o ABSOLUTE
    ..\\BSP\\src\\bsp_led.c                  0x00000000   Number         0  bsp_led.o ABSOLUTE
    ..\\BSP\\src\\bsp_uart.c                 0x00000000   Number         0  bsp_uart.o ABSOLUTE
    dc.s                                     0x00000000   Number         0  dc.o ABSOLUTE
    handlers.s                               0x00000000   Number         0  handlers.o ABSOLUTE
    init.s                                   0x00000000   Number         0  init.o ABSOLUTE
    startup_stm32f405xx.s                    0x00000000   Number         0  startup_stm32f405xx.o ABSOLUTE
    RESET                                    0x08000000   Section      392  startup_stm32f405xx.o(RESET)
    .ARM.Collect$$$$00000000                 0x08000188   Section        0  entry.o(.ARM.Collect$$$$00000000)
    .ARM.Collect$$$$00000001                 0x08000188   Section        4  entry2.o(.ARM.Collect$$$$00000001)
    .ARM.Collect$$$$00000004                 0x0800018c   Section        4  entry5.o(.ARM.Collect$$$$00000004)
    .ARM.Collect$$$$00000008                 0x08000190   Section        0  entry7b.o(.ARM.Collect$$$$00000008)
    .ARM.Collect$$$$0000000A                 0x08000190   Section        0  entry8b.o(.ARM.Collect$$$$0000000A)
    .ARM.Collect$$$$0000000B                 0x08000190   Section        8  entry9a.o(.ARM.Collect$$$$0000000B)
    .ARM.Collect$$$$0000000E                 0x08000198   Section        4  entry12b.o(.ARM.Collect$$$$0000000E)
    .ARM.Collect$$$$0000000F                 0x0800019c   Section        0  entry10a.o(.ARM.Collect$$$$0000000F)
    .ARM.Collect$$$$00000011                 0x0800019c   Section        0  entry11a.o(.ARM.Collect$$$$00000011)
    .ARM.Collect$$$$00002712                 0x0800019c   Section        4  entry2.o(.ARM.Collect$$$$00002712)
    __lit__00000000                          0x0800019c   Data           4  entry2.o(.ARM.Collect$$$$00002712)
    .text                                    0x080001a0   Section       36  startup_stm32f405xx.o(.text)
    $v0                                      0x080001a0   Number         0  startup_stm32f405xx.o(.text)
    .text                                    0x080001c4   Section        0  uldiv.o(.text)
    .text                                    0x08000226   Section        0  memseta.o(.text)
    .text                                    0x0800024a   Section        0  llshl.o(.text)
    .text                                    0x08000268   Section        0  llushr.o(.text)
    .text                                    0x08000288   Section       36  init.o(.text)
    i.ADC_IRQHandler                         0x080002ac   Section        0  stm32f4xx_it.o(i.ADC_IRQHandler)
    i.ADC_Init                               0x080002c8   Section        0  stm32f4xx_hal_adc.o(i.ADC_Init)
    ADC_Init                                 0x080002c9   Thumb Code   284  stm32f4xx_hal_adc.o(i.ADC_Init)
    i.BSP_LED_Init                           0x080003f0   Section        0  bsp_led.o(i.BSP_LED_Init)
    i.BusFault_Handler                       0x080003f4   Section        0  stm32f4xx_it.o(i.BusFault_Handler)
    i.CAN1_RX0_IRQHandler                    0x080003f8   Section        0  stm32f4xx_it.o(i.CAN1_RX0_IRQHandler)
    i.DMA1_Stream3_IRQHandler                0x08000404   Section        0  stm32f4xx_it.o(i.DMA1_Stream3_IRQHandler)
    i.DMA2_Stream7_IRQHandler                0x08000410   Section        0  stm32f4xx_it.o(i.DMA2_Stream7_IRQHandler)
    i.DMA_CalcBaseAndBitshift                0x0800041c   Section        0  stm32f4xx_hal_dma.o(i.DMA_CalcBaseAndBitshift)
    DMA_CalcBaseAndBitshift                  0x0800041d   Thumb Code    34  stm32f4xx_hal_dma.o(i.DMA_CalcBaseAndBitshift)
    i.DMA_CheckFifoParam                     0x08000444   Section        0  stm32f4xx_hal_dma.o(i.DMA_CheckFifoParam)
    DMA_CheckFifoParam                       0x08000445   Thumb Code    84  stm32f4xx_hal_dma.o(i.DMA_CheckFifoParam)
    i.DebugMon_Handler                       0x08000498   Section        0  stm32f4xx_it.o(i.DebugMon_Handler)
    i.Error_Handler                          0x0800049a   Section        0  main.o(i.Error_Handler)
    i.HAL_ADCEx_InjectedConfigChannel        0x080004a0   Section        0  stm32f4xx_hal_adc_ex.o(i.HAL_ADCEx_InjectedConfigChannel)
    i.HAL_ADCEx_InjectedConvCpltCallback     0x0800065c   Section        0  stm32f4xx_hal_adc_ex.o(i.HAL_ADCEx_InjectedConvCpltCallback)
    i.HAL_ADC_ConfigChannel                  0x08000660   Section        0  stm32f4xx_hal_adc.o(i.HAL_ADC_ConfigChannel)
    i.HAL_ADC_ConvCpltCallback               0x080007ac   Section        0  stm32f4xx_hal_adc.o(i.HAL_ADC_ConvCpltCallback)
    i.HAL_ADC_ErrorCallback                  0x080007ae   Section        0  stm32f4xx_hal_adc.o(i.HAL_ADC_ErrorCallback)
    i.HAL_ADC_IRQHandler                     0x080007b0   Section        0  stm32f4xx_hal_adc.o(i.HAL_ADC_IRQHandler)
    i.HAL_ADC_Init                           0x080008de   Section        0  stm32f4xx_hal_adc.o(i.HAL_ADC_Init)
    i.HAL_ADC_LevelOutOfWindowCallback       0x08000932   Section        0  stm32f4xx_hal_adc.o(i.HAL_ADC_LevelOutOfWindowCallback)
    i.HAL_ADC_MspInit                        0x08000934   Section        0  adc.o(i.HAL_ADC_MspInit)
    i.HAL_CAN_ErrorCallback                  0x080009d4   Section        0  stm32f4xx_hal_can.o(i.HAL_CAN_ErrorCallback)
    i.HAL_CAN_IRQHandler                     0x080009d6   Section        0  stm32f4xx_hal_can.o(i.HAL_CAN_IRQHandler)
    i.HAL_CAN_Init                           0x08000bd2   Section        0  stm32f4xx_hal_can.o(i.HAL_CAN_Init)
    i.HAL_CAN_MspInit                        0x08000cec   Section        0  can.o(i.HAL_CAN_MspInit)
    i.HAL_CAN_RxFifo0FullCallback            0x08000d68   Section        0  stm32f4xx_hal_can.o(i.HAL_CAN_RxFifo0FullCallback)
    i.HAL_CAN_RxFifo0MsgPendingCallback      0x08000d6a   Section        0  stm32f4xx_hal_can.o(i.HAL_CAN_RxFifo0MsgPendingCallback)
    i.HAL_CAN_RxFifo1FullCallback            0x08000d6c   Section        0  stm32f4xx_hal_can.o(i.HAL_CAN_RxFifo1FullCallback)
    i.HAL_CAN_RxFifo1MsgPendingCallback      0x08000d6e   Section        0  stm32f4xx_hal_can.o(i.HAL_CAN_RxFifo1MsgPendingCallback)
    i.HAL_CAN_SleepCallback                  0x08000d70   Section        0  stm32f4xx_hal_can.o(i.HAL_CAN_SleepCallback)
    i.HAL_CAN_TxMailbox0AbortCallback        0x08000d72   Section        0  stm32f4xx_hal_can.o(i.HAL_CAN_TxMailbox0AbortCallback)
    i.HAL_CAN_TxMailbox0CompleteCallback     0x08000d74   Section        0  stm32f4xx_hal_can.o(i.HAL_CAN_TxMailbox0CompleteCallback)
    i.HAL_CAN_TxMailbox1AbortCallback        0x08000d76   Section        0  stm32f4xx_hal_can.o(i.HAL_CAN_TxMailbox1AbortCallback)
    i.HAL_CAN_TxMailbox1CompleteCallback     0x08000d78   Section        0  stm32f4xx_hal_can.o(i.HAL_CAN_TxMailbox1CompleteCallback)
    i.HAL_CAN_TxMailbox2AbortCallback        0x08000d7a   Section        0  stm32f4xx_hal_can.o(i.HAL_CAN_TxMailbox2AbortCallback)
    i.HAL_CAN_TxMailbox2CompleteCallback     0x08000d7c   Section        0  stm32f4xx_hal_can.o(i.HAL_CAN_TxMailbox2CompleteCallback)
    i.HAL_CAN_WakeUpFromRxMsgCallback        0x08000d7e   Section        0  stm32f4xx_hal_can.o(i.HAL_CAN_WakeUpFromRxMsgCallback)
    i.HAL_DMA_Abort                          0x08000d80   Section        0  stm32f4xx_hal_dma.o(i.HAL_DMA_Abort)
    i.HAL_DMA_Abort_IT                       0x08000e12   Section        0  stm32f4xx_hal_dma.o(i.HAL_DMA_Abort_IT)
    i.HAL_DMA_DeInit                         0x08000e36   Section        0  stm32f4xx_hal_dma.o(i.HAL_DMA_DeInit)
    i.HAL_DMA_IRQHandler                     0x08000e98   Section        0  stm32f4xx_hal_dma.o(i.HAL_DMA_IRQHandler)
    i.HAL_DMA_Init                           0x08001038   Section        0  stm32f4xx_hal_dma.o(i.HAL_DMA_Init)
    i.HAL_GPIO_DeInit                        0x0800110c   Section        0  stm32f4xx_hal_gpio.o(i.HAL_GPIO_DeInit)
    i.HAL_GPIO_Init                          0x08001274   Section        0  stm32f4xx_hal_gpio.o(i.HAL_GPIO_Init)
    i.HAL_GPIO_TogglePin                     0x08001464   Section        0  stm32f4xx_hal_gpio.o(i.HAL_GPIO_TogglePin)
    i.HAL_GPIO_WritePin                      0x08001474   Section        0  stm32f4xx_hal_gpio.o(i.HAL_GPIO_WritePin)
    i.HAL_GetTick                            0x08001480   Section        0  stm32f4xx_hal.o(i.HAL_GetTick)
    i.HAL_IWDG_Init                          0x0800148c   Section        0  stm32f4xx_hal_iwdg.o(i.HAL_IWDG_Init)
    i.HAL_IWDG_Refresh                       0x080014ea   Section        0  stm32f4xx_hal_iwdg.o(i.HAL_IWDG_Refresh)
    i.HAL_IncTick                            0x080014f8   Section        0  stm32f4xx_hal.o(i.HAL_IncTick)
    i.HAL_Init                               0x08001508   Section        0  stm32f4xx_hal.o(i.HAL_Init)
    i.HAL_InitTick                           0x0800153c   Section        0  stm32f4xx_hal.o(i.HAL_InitTick)
    i.HAL_MspInit                            0x0800157c   Section        0  stm32f4xx_hal_msp.o(i.HAL_MspInit)
    i.HAL_NVIC_DisableIRQ                    0x080015ac   Section        0  stm32f4xx_hal_cortex.o(i.HAL_NVIC_DisableIRQ)
    i.HAL_NVIC_EnableIRQ                     0x080015ce   Section        0  stm32f4xx_hal_cortex.o(i.HAL_NVIC_EnableIRQ)
    i.HAL_NVIC_SetPriority                   0x080015e8   Section        0  stm32f4xx_hal_cortex.o(i.HAL_NVIC_SetPriority)
    i.HAL_NVIC_SetPriorityGrouping           0x08001628   Section        0  stm32f4xx_hal_cortex.o(i.HAL_NVIC_SetPriorityGrouping)
    i.HAL_RCC_ClockConfig                    0x0800164c   Section        0  stm32f4xx_hal_rcc.o(i.HAL_RCC_ClockConfig)
    i.HAL_RCC_GetPCLK1Freq                   0x08001780   Section        0  stm32f4xx_hal_rcc.o(i.HAL_RCC_GetPCLK1Freq)
    i.HAL_RCC_GetPCLK2Freq                   0x080017a0   Section        0  stm32f4xx_hal_rcc.o(i.HAL_RCC_GetPCLK2Freq)
    i.HAL_RCC_GetSysClockFreq                0x080017c0   Section        0  stm32f4xx_hal_rcc.o(i.HAL_RCC_GetSysClockFreq)
    i.HAL_RCC_OscConfig                      0x08001820   Section        0  stm32f4xx_hal_rcc.o(i.HAL_RCC_OscConfig)
    i.HAL_SYSTICK_Config                     0x08001b8c   Section        0  stm32f4xx_hal_cortex.o(i.HAL_SYSTICK_Config)
    i.HAL_TIMEx_BreakCallback                0x08001bb4   Section        0  stm32f4xx_hal_tim_ex.o(i.HAL_TIMEx_BreakCallback)
    i.HAL_TIMEx_CommutCallback               0x08001bb6   Section        0  stm32f4xx_hal_tim_ex.o(i.HAL_TIMEx_CommutCallback)
    i.HAL_TIMEx_ConfigBreakDeadTime          0x08001bb8   Section        0  stm32f4xx_hal_tim_ex.o(i.HAL_TIMEx_ConfigBreakDeadTime)
    i.HAL_TIMEx_MasterConfigSynchronization  0x08001c0c   Section        0  stm32f4xx_hal_tim_ex.o(i.HAL_TIMEx_MasterConfigSynchronization)
    i.HAL_TIM_Base_Init                      0x08001c9c   Section        0  stm32f4xx_hal_tim.o(i.HAL_TIM_Base_Init)
    i.HAL_TIM_Base_MspInit                   0x08001cf8   Section        0  tim.o(i.HAL_TIM_Base_MspInit)
    i.HAL_TIM_Base_Start_IT                  0x08001d60   Section        0  stm32f4xx_hal_tim.o(i.HAL_TIM_Base_Start_IT)
    i.HAL_TIM_ConfigClockSource              0x08001de0   Section        0  stm32f4xx_hal_tim.o(i.HAL_TIM_ConfigClockSource)
    i.HAL_TIM_IC_CaptureCallback             0x08001ebc   Section        0  stm32f4xx_hal_tim.o(i.HAL_TIM_IC_CaptureCallback)
    i.HAL_TIM_IRQHandler                     0x08001ebe   Section        0  stm32f4xx_hal_tim.o(i.HAL_TIM_IRQHandler)
    i.HAL_TIM_MspPostInit                    0x08001ff0   Section        0  tim.o(i.HAL_TIM_MspPostInit)
    i.HAL_TIM_OC_DelayElapsedCallback        0x0800206c   Section        0  stm32f4xx_hal_tim.o(i.HAL_TIM_OC_DelayElapsedCallback)
    i.HAL_TIM_PWM_ConfigChannel              0x0800206e   Section        0  stm32f4xx_hal_tim.o(i.HAL_TIM_PWM_ConfigChannel)
    i.HAL_TIM_PWM_Init                       0x0800213a   Section        0  stm32f4xx_hal_tim.o(i.HAL_TIM_PWM_Init)
    i.HAL_TIM_PWM_MspInit                    0x08002194   Section        0  stm32f4xx_hal_tim.o(i.HAL_TIM_PWM_MspInit)
    i.HAL_TIM_PWM_PulseFinishedCallback      0x08002196   Section        0  stm32f4xx_hal_tim.o(i.HAL_TIM_PWM_PulseFinishedCallback)
    i.HAL_TIM_PeriodElapsedCallback          0x08002198   Section        0  main.o(i.HAL_TIM_PeriodElapsedCallback)
    i.HAL_TIM_TriggerCallback                0x080021ac   Section        0  stm32f4xx_hal_tim.o(i.HAL_TIM_TriggerCallback)
    i.HAL_UARTEx_RxEventCallback             0x080021ae   Section        0  stm32f4xx_hal_uart.o(i.HAL_UARTEx_RxEventCallback)
    i.HAL_UART_DeInit                        0x080021b0   Section        0  stm32f4xx_hal_uart.o(i.HAL_UART_DeInit)
    i.HAL_UART_ErrorCallback                 0x080021e8   Section        0  bsp_uart.o(i.HAL_UART_ErrorCallback)
    i.HAL_UART_IRQHandler                    0x0800224c   Section        0  stm32f4xx_hal_uart.o(i.HAL_UART_IRQHandler)
    i.HAL_UART_Init                          0x080024cc   Section        0  stm32f4xx_hal_uart.o(i.HAL_UART_Init)
    i.HAL_UART_MspDeInit                     0x08002530   Section        0  usart.o(i.HAL_UART_MspDeInit)
    i.HAL_UART_MspInit                       0x08002598   Section        0  usart.o(i.HAL_UART_MspInit)
    i.HAL_UART_Receive_IT                    0x080026f4   Section        0  stm32f4xx_hal_uart.o(i.HAL_UART_Receive_IT)
    i.HAL_UART_RxCpltCallback                0x08002710   Section        0  bsp_uart.o(i.HAL_UART_RxCpltCallback)
    i.HAL_UART_TxCpltCallback                0x08002740   Section        0  stm32f4xx_hal_uart.o(i.HAL_UART_TxCpltCallback)
    i.HardFault_Handler                      0x08002742   Section        0  stm32f4xx_it.o(i.HardFault_Handler)
    i.IsKeyDownFunc                          0x08002744   Section        0  bsp_key.o(i.IsKeyDownFunc)
    IsKeyDownFunc                            0x08002745   Thumb Code    96  bsp_key.o(i.IsKeyDownFunc)
    i.KeyPinActive                           0x080027a4   Section        0  bsp_key.o(i.KeyPinActive)
    KeyPinActive                             0x080027a5   Thumb Code    38  bsp_key.o(i.KeyPinActive)
    i.LED_Flip                               0x080027d0   Section        0  bsp_led.o(i.LED_Flip)
    LED_Flip                                 0x080027d1   Thumb Code    22  bsp_led.o(i.LED_Flip)
    i.LED_HardwareInit                       0x080027ec   Section        0  bsp_led.o(i.LED_HardwareInit)
    LED_HardwareInit                         0x080027ed   Thumb Code    96  bsp_led.o(i.LED_HardwareInit)
    i.LED_Off                                0x08002854   Section        0  bsp_led.o(i.LED_Off)
    LED_Off                                  0x08002855   Thumb Code    34  bsp_led.o(i.LED_Off)
    i.LED_On                                 0x0800287c   Section        0  bsp_led.o(i.LED_On)
    LED_On                                   0x0800287d   Thumb Code    24  bsp_led.o(i.LED_On)
    i.MX_ADC1_Init                           0x08002898   Section        0  adc.o(i.MX_ADC1_Init)
    i.MX_ADC2_Init                           0x0800293c   Section        0  adc.o(i.MX_ADC2_Init)
    i.MX_CAN1_Init                           0x080029a0   Section        0  can.o(i.MX_CAN1_Init)
    i.MX_DMA_Init                            0x080029e8   Section        0  dma.o(i.MX_DMA_Init)
    i.MX_GPIO_Init                           0x08002a34   Section        0  gpio.o(i.MX_GPIO_Init)
    i.MX_IWDG_Init                           0x08002a70   Section        0  iwdg.o(i.MX_IWDG_Init)
    i.MX_TIM1_Init                           0x08002a9c   Section        0  tim.o(i.MX_TIM1_Init)
    i.MX_TIM5_Init                           0x08002ba4   Section        0  tim.o(i.MX_TIM5_Init)
    i.MX_USART1_UART_Init                    0x08002c0c   Section        0  usart.o(i.MX_USART1_UART_Init)
    i.MX_USART3_UART_Init                    0x08002c44   Section        0  usart.o(i.MX_USART3_UART_Init)
    i.MemManage_Handler                      0x08002c7c   Section        0  stm32f4xx_it.o(i.MemManage_Handler)
    i.NMI_Handler                            0x08002c7e   Section        0  stm32f4xx_it.o(i.NMI_Handler)
    i.PendSV_Handler                         0x08002c80   Section        0  stm32f4xx_it.o(i.PendSV_Handler)
    i.SVC_Handler                            0x08002c82   Section        0  stm32f4xx_it.o(i.SVC_Handler)
    i.SysTick_Handler                        0x08002c84   Section        0  stm32f4xx_it.o(i.SysTick_Handler)
    i.SystemClock_Config                     0x08002c88   Section        0  main.o(i.SystemClock_Config)
    i.SystemInit                             0x08002d20   Section        0  system_stm32f4xx.o(i.SystemInit)
    i.TIM1_BRK_TIM9_IRQHandler               0x08002d30   Section        0  stm32f4xx_it.o(i.TIM1_BRK_TIM9_IRQHandler)
    i.TIM5_IRQHandler                        0x08002d3c   Section        0  stm32f4xx_it.o(i.TIM5_IRQHandler)
    i.TIM_Base_SetConfig                     0x08002d48   Section        0  stm32f4xx_hal_tim.o(i.TIM_Base_SetConfig)
    i.TIM_ETR_SetConfig                      0x08002e18   Section        0  stm32f4xx_hal_tim.o(i.TIM_ETR_SetConfig)
    i.TIM_ITRx_SetConfig                     0x08002e2c   Section        0  stm32f4xx_hal_tim.o(i.TIM_ITRx_SetConfig)
    TIM_ITRx_SetConfig                       0x08002e2d   Thumb Code    16  stm32f4xx_hal_tim.o(i.TIM_ITRx_SetConfig)
    i.TIM_OC1_SetConfig                      0x08002e3c   Section        0  stm32f4xx_hal_tim.o(i.TIM_OC1_SetConfig)
    TIM_OC1_SetConfig                        0x08002e3d   Thumb Code    88  stm32f4xx_hal_tim.o(i.TIM_OC1_SetConfig)
    i.TIM_OC2_SetConfig                      0x08002e9c   Section        0  stm32f4xx_hal_tim.o(i.TIM_OC2_SetConfig)
    i.TIM_OC3_SetConfig                      0x08002f08   Section        0  stm32f4xx_hal_tim.o(i.TIM_OC3_SetConfig)
    TIM_OC3_SetConfig                        0x08002f09   Thumb Code    96  stm32f4xx_hal_tim.o(i.TIM_OC3_SetConfig)
    i.TIM_OC4_SetConfig                      0x08002f70   Section        0  stm32f4xx_hal_tim.o(i.TIM_OC4_SetConfig)
    TIM_OC4_SetConfig                        0x08002f71   Thumb Code    70  stm32f4xx_hal_tim.o(i.TIM_OC4_SetConfig)
    i.TIM_TI1_ConfigInputStage               0x08002fc0   Section        0  stm32f4xx_hal_tim.o(i.TIM_TI1_ConfigInputStage)
    TIM_TI1_ConfigInputStage                 0x08002fc1   Thumb Code    34  stm32f4xx_hal_tim.o(i.TIM_TI1_ConfigInputStage)
    i.TIM_TI2_ConfigInputStage               0x08002fe2   Section        0  stm32f4xx_hal_tim.o(i.TIM_TI2_ConfigInputStage)
    TIM_TI2_ConfigInputStage                 0x08002fe3   Thumb Code    36  stm32f4xx_hal_tim.o(i.TIM_TI2_ConfigInputStage)
    i.UART_DMAAbortOnError                   0x08003006   Section        0  stm32f4xx_hal_uart.o(i.UART_DMAAbortOnError)
    UART_DMAAbortOnError                     0x08003007   Thumb Code    14  stm32f4xx_hal_uart.o(i.UART_DMAAbortOnError)
    i.UART_EndRxTransfer                     0x08003014   Section        0  stm32f4xx_hal_uart.o(i.UART_EndRxTransfer)
    UART_EndRxTransfer                       0x08003015   Thumb Code    78  stm32f4xx_hal_uart.o(i.UART_EndRxTransfer)
    i.UART_Receive_IT                        0x08003062   Section        0  stm32f4xx_hal_uart.o(i.UART_Receive_IT)
    UART_Receive_IT                          0x08003063   Thumb Code   194  stm32f4xx_hal_uart.o(i.UART_Receive_IT)
    i.UART_SetConfig                         0x08003124   Section        0  stm32f4xx_hal_uart.o(i.UART_SetConfig)
    UART_SetConfig                           0x08003125   Thumb Code   258  stm32f4xx_hal_uart.o(i.UART_SetConfig)
    i.UART_Start_Receive_IT                  0x08003230   Section        0  stm32f4xx_hal_uart.o(i.UART_Start_Receive_IT)
    i.USART1_IRQHandler                      0x08003268   Section        0  stm32f4xx_it.o(i.USART1_IRQHandler)
    i.USART3_IRQHandler                      0x08003274   Section        0  stm32f4xx_it.o(i.USART3_IRQHandler)
    i.UsageFault_Handler                     0x08003280   Section        0  stm32f4xx_it.o(i.UsageFault_Handler)
    i.__NVIC_SetPriority                     0x08003282   Section        0  stm32f4xx_hal_cortex.o(i.__NVIC_SetPriority)
    __NVIC_SetPriority                       0x08003283   Thumb Code    32  stm32f4xx_hal_cortex.o(i.__NVIC_SetPriority)
    i.__scatterload_copy                     0x080032a2   Section       14  handlers.o(i.__scatterload_copy)
    i.__scatterload_null                     0x080032b0   Section        2  handlers.o(i.__scatterload_null)
    i.__scatterload_zeroinit                 0x080032b2   Section       14  handlers.o(i.__scatterload_zeroinit)
    i.bsp_DetectKey                          0x080032c0   Section        0  bsp_key.o(i.bsp_DetectKey)
    bsp_DetectKey                            0x080032c1   Thumb Code   168  bsp_key.o(i.bsp_DetectKey)
    i.bsp_Init                               0x0800336c   Section        0  bsp.o(i.bsp_Init)
    i.bsp_InitKey                            0x08003394   Section        0  bsp_key.o(i.bsp_InitKey)
    i.bsp_KeyScan10ms                        0x0800340c   Section        0  bsp_key.o(i.bsp_KeyScan10ms)
    i.bsp_PutKey                             0x08003420   Section        0  bsp_key.o(i.bsp_PutKey)
    i.fifo_init                              0x0800343c   Section        0  bsp_ringbuff.o(i.fifo_init)
    i.fifo_push_byte                         0x0800344a   Section        0  bsp_ringbuff.o(i.fifo_push_byte)
    i.get_system_time_ms                     0x08003474   Section        0  bsp_system_time.o(i.get_system_time_ms)
    i.get_system_time_us                     0x08003488   Section        0  bsp_system_time.o(i.get_system_time_us)
    i.hal_1000hz_loop                        0x080034b8   Section        0  bsp.o(i.hal_1000hz_loop)
    i.hal_100hz_loop                         0x080034ba   Section        0  bsp.o(i.hal_100hz_loop)
    i.hal_10hz_loop                          0x080034be   Section        0  bsp.o(i.hal_10hz_loop)
    i.hal_1hz_loop                           0x080034c0   Section        0  bsp.o(i.hal_1hz_loop)
    i.hal_2hz_loop                           0x080034c4   Section        0  bsp.o(i.hal_2hz_loop)
    i.hal_50hz_loop                          0x080034e0   Section        0  bsp.o(i.hal_50hz_loop)
    i.hal_fast_loop                          0x080034e2   Section        0  bsp.o(i.hal_fast_loop)
    i.main                                   0x080034e4   Section        0  main.o(i.main)
    i.system_timer_tick                      0x08003600   Section        0  bsp_system_time.o(i.system_timer_tick)
    i.usart_configure                        0x08003618   Section        0  bsp_uart.o(i.usart_configure)
    .constdata                               0x08003670   Section       16  bsp_led.o(.constdata)
    ledTable                                 0x08003670   Data          16  bsp_led.o(.constdata)
    .constdata                               0x08003680   Section       24  bsp_key.o(.constdata)
    s_gpio_list                              0x08003680   Data          24  bsp_key.o(.constdata)
    .constdata                               0x08003698   Section        8  stm32f4xx_hal_dma.o(.constdata)
    flagBitshiftOffset                       0x08003698   Data           8  stm32f4xx_hal_dma.o(.constdata)
    .constdata                               0x080036a0   Section       16  system_stm32f4xx.o(.constdata)
    .constdata                               0x080036b0   Section        8  system_stm32f4xx.o(.constdata)
    .data                                    0x20000000   Section        4  main.o(.data)
    .data                                    0x20000008   Section       48  main.o(.data)
    .data                                    0x20000038   Section       12  bsp_led.o(.data)
    .data                                    0x20000044   Section        1  bsp_uart.o(.data)
    .data                                    0x20000048   Section        8  bsp_system_time.o(.data)
    .data                                    0x20000050   Section       12  stm32f4xx_hal.o(.data)
    .data                                    0x2000005c   Section        4  system_stm32f4xx.o(.data)
    .bss                                     0x20000060   Section      144  adc.o(.bss)
    .bss                                     0x200000f0   Section       40  can.o(.bss)
    .bss                                     0x20000118   Section       12  iwdg.o(.bss)
    .bss                                     0x20000124   Section      144  tim.o(.bss)
    .bss                                     0x200001b4   Section      336  usart.o(.bss)
    .bss                                     0x20000304   Section       61  bsp_key.o(.bss)
    s_tBtn                                   0x20000304   Data          48  bsp_key.o(.bss)
    s_tKey                                   0x20000334   Data          13  bsp_key.o(.bss)
    .bss                                     0x20000344   Section     3112  bsp_uart.o(.bss)
    STACK                                    0x20000f70   Section     1024  startup_stm32f405xx.o(STACK)

    Global Symbols

    Symbol Name                              Value     Ov Type        Size  Object(Section)

    BuildAttributes$$THM_ISAv4$E$P$D$K$B$S$7EM$VFPi3$EXTD16$VFPS$VFMA$PE$A:L22UL41UL21$X:L11$S22US41US21$IEEE1$IW$USESV6$~STKCKD$USESV7$~SHL$OSPACE$EBA8$MICROLIB$REQ8$PRES8$EABIv2 0x00000000   Number         0  anon$$obj.o ABSOLUTE
    __ARM_use_no_argv                        0x00000000   Number         0  main.o ABSOLUTE
    __arm_fini_                               - Undefined Weak Reference
    __cpp_initialize__aeabi_                  - Undefined Weak Reference
    __cxa_finalize                            - Undefined Weak Reference
    __decompress                              - Undefined Weak Reference
    _clock_init                               - Undefined Weak Reference
    _microlib_exit                            - Undefined Weak Reference
    __Vectors_Size                           0x00000188   Number         0  startup_stm32f405xx.o ABSOLUTE
    __Vectors                                0x08000000   Data           4  startup_stm32f405xx.o(RESET)
    __Vectors_End                            0x08000188   Data           0  startup_stm32f405xx.o(RESET)
    __main                                   0x08000189   Thumb Code     0  entry.o(.ARM.Collect$$$$00000000)
    _main_stk                                0x08000189   Thumb Code     0  entry2.o(.ARM.Collect$$$$00000001)
    _main_scatterload                        0x0800018d   Thumb Code     0  entry5.o(.ARM.Collect$$$$00000004)
    __main_after_scatterload                 0x08000191   Thumb Code     0  entry5.o(.ARM.Collect$$$$00000004)
    _main_clock                              0x08000191   Thumb Code     0  entry7b.o(.ARM.Collect$$$$00000008)
    _main_cpp_init                           0x08000191   Thumb Code     0  entry8b.o(.ARM.Collect$$$$0000000A)
    _main_init                               0x08000191   Thumb Code     0  entry9a.o(.ARM.Collect$$$$0000000B)
    __rt_lib_shutdown_fini                   0x08000199   Thumb Code     0  entry12b.o(.ARM.Collect$$$$0000000E)
    __rt_final_cpp                           0x0800019d   Thumb Code     0  entry10a.o(.ARM.Collect$$$$0000000F)
    __rt_final_exit                          0x0800019d   Thumb Code     0  entry11a.o(.ARM.Collect$$$$00000011)
    Reset_Handler                            0x080001a1   Thumb Code     8  startup_stm32f405xx.o(.text)
    CAN1_RX1_IRQHandler                      0x080001bb   Thumb Code     0  startup_stm32f405xx.o(.text)
    CAN1_SCE_IRQHandler                      0x080001bb   Thumb Code     0  startup_stm32f405xx.o(.text)
    CAN1_TX_IRQHandler                       0x080001bb   Thumb Code     0  startup_stm32f405xx.o(.text)
    CAN2_RX0_IRQHandler                      0x080001bb   Thumb Code     0  startup_stm32f405xx.o(.text)
    CAN2_RX1_IRQHandler                      0x080001bb   Thumb Code     0  startup_stm32f405xx.o(.text)
    CAN2_SCE_IRQHandler                      0x080001bb   Thumb Code     0  startup_stm32f405xx.o(.text)
    CAN2_TX_IRQHandler                       0x080001bb   Thumb Code     0  startup_stm32f405xx.o(.text)
    DMA1_Stream0_IRQHandler                  0x080001bb   Thumb Code     0  startup_stm32f405xx.o(.text)
    DMA1_Stream1_IRQHandler                  0x080001bb   Thumb Code     0  startup_stm32f405xx.o(.text)
    DMA1_Stream2_IRQHandler                  0x080001bb   Thumb Code     0  startup_stm32f405xx.o(.text)
    DMA1_Stream4_IRQHandler                  0x080001bb   Thumb Code     0  startup_stm32f405xx.o(.text)
    DMA1_Stream5_IRQHandler                  0x080001bb   Thumb Code     0  startup_stm32f405xx.o(.text)
    DMA1_Stream6_IRQHandler                  0x080001bb   Thumb Code     0  startup_stm32f405xx.o(.text)
    DMA1_Stream7_IRQHandler                  0x080001bb   Thumb Code     0  startup_stm32f405xx.o(.text)
    DMA2_Stream0_IRQHandler                  0x080001bb   Thumb Code     0  startup_stm32f405xx.o(.text)
    DMA2_Stream1_IRQHandler                  0x080001bb   Thumb Code     0  startup_stm32f405xx.o(.text)
    DMA2_Stream2_IRQHandler                  0x080001bb   Thumb Code     0  startup_stm32f405xx.o(.text)
    DMA2_Stream3_IRQHandler                  0x080001bb   Thumb Code     0  startup_stm32f405xx.o(.text)
    DMA2_Stream4_IRQHandler                  0x080001bb   Thumb Code     0  startup_stm32f405xx.o(.text)
    DMA2_Stream5_IRQHandler                  0x080001bb   Thumb Code     0  startup_stm32f405xx.o(.text)
    DMA2_Stream6_IRQHandler                  0x080001bb   Thumb Code     0  startup_stm32f405xx.o(.text)
    EXTI0_IRQHandler                         0x080001bb   Thumb Code     0  startup_stm32f405xx.o(.text)
    EXTI15_10_IRQHandler                     0x080001bb   Thumb Code     0  startup_stm32f405xx.o(.text)
    EXTI1_IRQHandler                         0x080001bb   Thumb Code     0  startup_stm32f405xx.o(.text)
    EXTI2_IRQHandler                         0x080001bb   Thumb Code     0  startup_stm32f405xx.o(.text)
    EXTI3_IRQHandler                         0x080001bb   Thumb Code     0  startup_stm32f405xx.o(.text)
    EXTI4_IRQHandler                         0x080001bb   Thumb Code     0  startup_stm32f405xx.o(.text)
    EXTI9_5_IRQHandler                       0x080001bb   Thumb Code     0  startup_stm32f405xx.o(.text)
    FLASH_IRQHandler                         0x080001bb   Thumb Code     0  startup_stm32f405xx.o(.text)
    FMC_IRQHandler                           0x080001bb   Thumb Code     0  startup_stm32f405xx.o(.text)
    FPU_IRQHandler                           0x080001bb   Thumb Code     0  startup_stm32f405xx.o(.text)
    HASH_RNG_IRQHandler                      0x080001bb   Thumb Code     0  startup_stm32f405xx.o(.text)
    I2C1_ER_IRQHandler                       0x080001bb   Thumb Code     0  startup_stm32f405xx.o(.text)
    I2C1_EV_IRQHandler                       0x080001bb   Thumb Code     0  startup_stm32f405xx.o(.text)
    I2C2_ER_IRQHandler                       0x080001bb   Thumb Code     0  startup_stm32f405xx.o(.text)
    I2C2_EV_IRQHandler                       0x080001bb   Thumb Code     0  startup_stm32f405xx.o(.text)
    I2C3_ER_IRQHandler                       0x080001bb   Thumb Code     0  startup_stm32f405xx.o(.text)
    I2C3_EV_IRQHandler                       0x080001bb   Thumb Code     0  startup_stm32f405xx.o(.text)
    OTG_FS_IRQHandler                        0x080001bb   Thumb Code     0  startup_stm32f405xx.o(.text)
    OTG_FS_WKUP_IRQHandler                   0x080001bb   Thumb Code     0  startup_stm32f405xx.o(.text)
    OTG_HS_EP1_IN_IRQHandler                 0x080001bb   Thumb Code     0  startup_stm32f405xx.o(.text)
    OTG_HS_EP1_OUT_IRQHandler                0x080001bb   Thumb Code     0  startup_stm32f405xx.o(.text)
    OTG_HS_IRQHandler                        0x080001bb   Thumb Code     0  startup_stm32f405xx.o(.text)
    OTG_HS_WKUP_IRQHandler                   0x080001bb   Thumb Code     0  startup_stm32f405xx.o(.text)
    PVD_IRQHandler                           0x080001bb   Thumb Code     0  startup_stm32f405xx.o(.text)
    RCC_IRQHandler                           0x080001bb   Thumb Code     0  startup_stm32f405xx.o(.text)
    RTC_Alarm_IRQHandler                     0x080001bb   Thumb Code     0  startup_stm32f405xx.o(.text)
    RTC_WKUP_IRQHandler                      0x080001bb   Thumb Code     0  startup_stm32f405xx.o(.text)
    SDIO_IRQHandler                          0x080001bb   Thumb Code     0  startup_stm32f405xx.o(.text)
    SPI1_IRQHandler                          0x080001bb   Thumb Code     0  startup_stm32f405xx.o(.text)
    SPI2_IRQHandler                          0x080001bb   Thumb Code     0  startup_stm32f405xx.o(.text)
    SPI3_IRQHandler                          0x080001bb   Thumb Code     0  startup_stm32f405xx.o(.text)
    TAMP_STAMP_IRQHandler                    0x080001bb   Thumb Code     0  startup_stm32f405xx.o(.text)
    TIM1_CC_IRQHandler                       0x080001bb   Thumb Code     0  startup_stm32f405xx.o(.text)
    TIM1_TRG_COM_TIM11_IRQHandler            0x080001bb   Thumb Code     0  startup_stm32f405xx.o(.text)
    TIM1_UP_TIM10_IRQHandler                 0x080001bb   Thumb Code     0  startup_stm32f405xx.o(.text)
    TIM2_IRQHandler                          0x080001bb   Thumb Code     0  startup_stm32f405xx.o(.text)
    TIM3_IRQHandler                          0x080001bb   Thumb Code     0  startup_stm32f405xx.o(.text)
    TIM4_IRQHandler                          0x080001bb   Thumb Code     0  startup_stm32f405xx.o(.text)
    TIM6_DAC_IRQHandler                      0x080001bb   Thumb Code     0  startup_stm32f405xx.o(.text)
    TIM7_IRQHandler                          0x080001bb   Thumb Code     0  startup_stm32f405xx.o(.text)
    TIM8_BRK_TIM12_IRQHandler                0x080001bb   Thumb Code     0  startup_stm32f405xx.o(.text)
    TIM8_CC_IRQHandler                       0x080001bb   Thumb Code     0  startup_stm32f405xx.o(.text)
    TIM8_TRG_COM_TIM14_IRQHandler            0x080001bb   Thumb Code     0  startup_stm32f405xx.o(.text)
    TIM8_UP_TIM13_IRQHandler                 0x080001bb   Thumb Code     0  startup_stm32f405xx.o(.text)
    UART4_IRQHandler                         0x080001bb   Thumb Code     0  startup_stm32f405xx.o(.text)
    UART5_IRQHandler                         0x080001bb   Thumb Code     0  startup_stm32f405xx.o(.text)
    USART2_IRQHandler                        0x080001bb   Thumb Code     0  startup_stm32f405xx.o(.text)
    USART6_IRQHandler                        0x080001bb   Thumb Code     0  startup_stm32f405xx.o(.text)
    WWDG_IRQHandler                          0x080001bb   Thumb Code     0  startup_stm32f405xx.o(.text)
    __aeabi_uldivmod                         0x080001c5   Thumb Code    98  uldiv.o(.text)
    __aeabi_memset                           0x08000227   Thumb Code    14  memseta.o(.text)
    __aeabi_memset4                          0x08000227   Thumb Code     0  memseta.o(.text)
    __aeabi_memset8                          0x08000227   Thumb Code     0  memseta.o(.text)
    __aeabi_memclr                           0x08000235   Thumb Code     4  memseta.o(.text)
    __aeabi_memclr4                          0x08000235   Thumb Code     0  memseta.o(.text)
    __aeabi_memclr8                          0x08000235   Thumb Code     0  memseta.o(.text)
    _memset$wrapper                          0x08000239   Thumb Code    18  memseta.o(.text)
    __aeabi_llsl                             0x0800024b   Thumb Code    30  llshl.o(.text)
    _ll_shift_l                              0x0800024b   Thumb Code     0  llshl.o(.text)
    __aeabi_llsr                             0x08000269   Thumb Code    32  llushr.o(.text)
    _ll_ushift_r                             0x08000269   Thumb Code     0  llushr.o(.text)
    __scatterload                            0x08000289   Thumb Code    28  init.o(.text)
    __scatterload_rt2                        0x08000289   Thumb Code     0  init.o(.text)
    ADC_IRQHandler                           0x080002ad   Thumb Code    18  stm32f4xx_it.o(i.ADC_IRQHandler)
    BSP_LED_Init                             0x080003f1   Thumb Code     4  bsp_led.o(i.BSP_LED_Init)
    BusFault_Handler                         0x080003f5   Thumb Code     2  stm32f4xx_it.o(i.BusFault_Handler)
    CAN1_RX0_IRQHandler                      0x080003f9   Thumb Code     6  stm32f4xx_it.o(i.CAN1_RX0_IRQHandler)
    DMA1_Stream3_IRQHandler                  0x08000405   Thumb Code     6  stm32f4xx_it.o(i.DMA1_Stream3_IRQHandler)
    DMA2_Stream7_IRQHandler                  0x08000411   Thumb Code     6  stm32f4xx_it.o(i.DMA2_Stream7_IRQHandler)
    DebugMon_Handler                         0x08000499   Thumb Code     2  stm32f4xx_it.o(i.DebugMon_Handler)
    Error_Handler                            0x0800049b   Thumb Code     4  main.o(i.Error_Handler)
    HAL_ADCEx_InjectedConfigChannel          0x080004a1   Thumb Code   428  stm32f4xx_hal_adc_ex.o(i.HAL_ADCEx_InjectedConfigChannel)
    HAL_ADCEx_InjectedConvCpltCallback       0x0800065d   Thumb Code     2  stm32f4xx_hal_adc_ex.o(i.HAL_ADCEx_InjectedConvCpltCallback)
    HAL_ADC_ConfigChannel                    0x08000661   Thumb Code   316  stm32f4xx_hal_adc.o(i.HAL_ADC_ConfigChannel)
    HAL_ADC_ConvCpltCallback                 0x080007ad   Thumb Code     2  stm32f4xx_hal_adc.o(i.HAL_ADC_ConvCpltCallback)
    HAL_ADC_ErrorCallback                    0x080007af   Thumb Code     2  stm32f4xx_hal_adc.o(i.HAL_ADC_ErrorCallback)
    HAL_ADC_IRQHandler                       0x080007b1   Thumb Code   302  stm32f4xx_hal_adc.o(i.HAL_ADC_IRQHandler)
    HAL_ADC_Init                             0x080008df   Thumb Code    84  stm32f4xx_hal_adc.o(i.HAL_ADC_Init)
    HAL_ADC_LevelOutOfWindowCallback         0x08000933   Thumb Code     2  stm32f4xx_hal_adc.o(i.HAL_ADC_LevelOutOfWindowCallback)
    HAL_ADC_MspInit                          0x08000935   Thumb Code   142  adc.o(i.HAL_ADC_MspInit)
    HAL_CAN_ErrorCallback                    0x080009d5   Thumb Code     2  stm32f4xx_hal_can.o(i.HAL_CAN_ErrorCallback)
    HAL_CAN_IRQHandler                       0x080009d7   Thumb Code   508  stm32f4xx_hal_can.o(i.HAL_CAN_IRQHandler)
    HAL_CAN_Init                             0x08000bd3   Thumb Code   282  stm32f4xx_hal_can.o(i.HAL_CAN_Init)
    HAL_CAN_MspInit                          0x08000ced   Thumb Code   110  can.o(i.HAL_CAN_MspInit)
    HAL_CAN_RxFifo0FullCallback              0x08000d69   Thumb Code     2  stm32f4xx_hal_can.o(i.HAL_CAN_RxFifo0FullCallback)
    HAL_CAN_RxFifo0MsgPendingCallback        0x08000d6b   Thumb Code     2  stm32f4xx_hal_can.o(i.HAL_CAN_RxFifo0MsgPendingCallback)
    HAL_CAN_RxFifo1FullCallback              0x08000d6d   Thumb Code     2  stm32f4xx_hal_can.o(i.HAL_CAN_RxFifo1FullCallback)
    HAL_CAN_RxFifo1MsgPendingCallback        0x08000d6f   Thumb Code     2  stm32f4xx_hal_can.o(i.HAL_CAN_RxFifo1MsgPendingCallback)
    HAL_CAN_SleepCallback                    0x08000d71   Thumb Code     2  stm32f4xx_hal_can.o(i.HAL_CAN_SleepCallback)
    HAL_CAN_TxMailbox0AbortCallback          0x08000d73   Thumb Code     2  stm32f4xx_hal_can.o(i.HAL_CAN_TxMailbox0AbortCallback)
    HAL_CAN_TxMailbox0CompleteCallback       0x08000d75   Thumb Code     2  stm32f4xx_hal_can.o(i.HAL_CAN_TxMailbox0CompleteCallback)
    HAL_CAN_TxMailbox1AbortCallback          0x08000d77   Thumb Code     2  stm32f4xx_hal_can.o(i.HAL_CAN_TxMailbox1AbortCallback)
    HAL_CAN_TxMailbox1CompleteCallback       0x08000d79   Thumb Code     2  stm32f4xx_hal_can.o(i.HAL_CAN_TxMailbox1CompleteCallback)
    HAL_CAN_TxMailbox2AbortCallback          0x08000d7b   Thumb Code     2  stm32f4xx_hal_can.o(i.HAL_CAN_TxMailbox2AbortCallback)
    HAL_CAN_TxMailbox2CompleteCallback       0x08000d7d   Thumb Code     2  stm32f4xx_hal_can.o(i.HAL_CAN_TxMailbox2CompleteCallback)
    HAL_CAN_WakeUpFromRxMsgCallback          0x08000d7f   Thumb Code     2  stm32f4xx_hal_can.o(i.HAL_CAN_WakeUpFromRxMsgCallback)
    HAL_DMA_Abort                            0x08000d81   Thumb Code   146  stm32f4xx_hal_dma.o(i.HAL_DMA_Abort)
    HAL_DMA_Abort_IT                         0x08000e13   Thumb Code    36  stm32f4xx_hal_dma.o(i.HAL_DMA_Abort_IT)
    HAL_DMA_DeInit                           0x08000e37   Thumb Code    98  stm32f4xx_hal_dma.o(i.HAL_DMA_DeInit)
    HAL_DMA_IRQHandler                       0x08000e99   Thumb Code   412  stm32f4xx_hal_dma.o(i.HAL_DMA_IRQHandler)
    HAL_DMA_Init                             0x08001039   Thumb Code   206  stm32f4xx_hal_dma.o(i.HAL_DMA_Init)
    HAL_GPIO_DeInit                          0x0800110d   Thumb Code   320  stm32f4xx_hal_gpio.o(i.HAL_GPIO_DeInit)
    HAL_GPIO_Init                            0x08001275   Thumb Code   450  stm32f4xx_hal_gpio.o(i.HAL_GPIO_Init)
    HAL_GPIO_TogglePin                       0x08001465   Thumb Code    16  stm32f4xx_hal_gpio.o(i.HAL_GPIO_TogglePin)
    HAL_GPIO_WritePin                        0x08001475   Thumb Code    10  stm32f4xx_hal_gpio.o(i.HAL_GPIO_WritePin)
    HAL_GetTick                              0x08001481   Thumb Code     6  stm32f4xx_hal.o(i.HAL_GetTick)
    HAL_IWDG_Init                            0x0800148d   Thumb Code    94  stm32f4xx_hal_iwdg.o(i.HAL_IWDG_Init)
    HAL_IWDG_Refresh                         0x080014eb   Thumb Code    12  stm32f4xx_hal_iwdg.o(i.HAL_IWDG_Refresh)
    HAL_IncTick                              0x080014f9   Thumb Code    12  stm32f4xx_hal.o(i.HAL_IncTick)
    HAL_Init                                 0x08001509   Thumb Code    48  stm32f4xx_hal.o(i.HAL_Init)
    HAL_InitTick                             0x0800153d   Thumb Code    54  stm32f4xx_hal.o(i.HAL_InitTick)
    HAL_MspInit                              0x0800157d   Thumb Code    42  stm32f4xx_hal_msp.o(i.HAL_MspInit)
    HAL_NVIC_DisableIRQ                      0x080015ad   Thumb Code    34  stm32f4xx_hal_cortex.o(i.HAL_NVIC_DisableIRQ)
    HAL_NVIC_EnableIRQ                       0x080015cf   Thumb Code    26  stm32f4xx_hal_cortex.o(i.HAL_NVIC_EnableIRQ)
    HAL_NVIC_SetPriority                     0x080015e9   Thumb Code    60  stm32f4xx_hal_cortex.o(i.HAL_NVIC_SetPriority)
    HAL_NVIC_SetPriorityGrouping             0x08001629   Thumb Code    26  stm32f4xx_hal_cortex.o(i.HAL_NVIC_SetPriorityGrouping)
    HAL_RCC_ClockConfig                      0x0800164d   Thumb Code   288  stm32f4xx_hal_rcc.o(i.HAL_RCC_ClockConfig)
    HAL_RCC_GetPCLK1Freq                     0x08001781   Thumb Code    20  stm32f4xx_hal_rcc.o(i.HAL_RCC_GetPCLK1Freq)
    HAL_RCC_GetPCLK2Freq                     0x080017a1   Thumb Code    20  stm32f4xx_hal_rcc.o(i.HAL_RCC_GetPCLK2Freq)
    HAL_RCC_GetSysClockFreq                  0x080017c1   Thumb Code    88  stm32f4xx_hal_rcc.o(i.HAL_RCC_GetSysClockFreq)
    HAL_RCC_OscConfig                        0x08001821   Thumb Code   856  stm32f4xx_hal_rcc.o(i.HAL_RCC_OscConfig)
    HAL_SYSTICK_Config                       0x08001b8d   Thumb Code    40  stm32f4xx_hal_cortex.o(i.HAL_SYSTICK_Config)
    HAL_TIMEx_BreakCallback                  0x08001bb5   Thumb Code     2  stm32f4xx_hal_tim_ex.o(i.HAL_TIMEx_BreakCallback)
    HAL_TIMEx_CommutCallback                 0x08001bb7   Thumb Code     2  stm32f4xx_hal_tim_ex.o(i.HAL_TIMEx_CommutCallback)
    HAL_TIMEx_ConfigBreakDeadTime            0x08001bb9   Thumb Code    84  stm32f4xx_hal_tim_ex.o(i.HAL_TIMEx_ConfigBreakDeadTime)
    HAL_TIMEx_MasterConfigSynchronization    0x08001c0d   Thumb Code   116  stm32f4xx_hal_tim_ex.o(i.HAL_TIMEx_MasterConfigSynchronization)
    HAL_TIM_Base_Init                        0x08001c9d   Thumb Code    90  stm32f4xx_hal_tim.o(i.HAL_TIM_Base_Init)
    HAL_TIM_Base_MspInit                     0x08001cf9   Thumb Code    90  tim.o(i.HAL_TIM_Base_MspInit)
    HAL_TIM_Base_Start_IT                    0x08001d61   Thumb Code   100  stm32f4xx_hal_tim.o(i.HAL_TIM_Base_Start_IT)
    HAL_TIM_ConfigClockSource                0x08001de1   Thumb Code   220  stm32f4xx_hal_tim.o(i.HAL_TIM_ConfigClockSource)
    HAL_TIM_IC_CaptureCallback               0x08001ebd   Thumb Code     2  stm32f4xx_hal_tim.o(i.HAL_TIM_IC_CaptureCallback)
    HAL_TIM_IRQHandler                       0x08001ebf   Thumb Code   304  stm32f4xx_hal_tim.o(i.HAL_TIM_IRQHandler)
    HAL_TIM_MspPostInit                      0x08001ff1   Thumb Code   108  tim.o(i.HAL_TIM_MspPostInit)
    HAL_TIM_OC_DelayElapsedCallback          0x0800206d   Thumb Code     2  stm32f4xx_hal_tim.o(i.HAL_TIM_OC_DelayElapsedCallback)
    HAL_TIM_PWM_ConfigChannel                0x0800206f   Thumb Code   204  stm32f4xx_hal_tim.o(i.HAL_TIM_PWM_ConfigChannel)
    HAL_TIM_PWM_Init                         0x0800213b   Thumb Code    90  stm32f4xx_hal_tim.o(i.HAL_TIM_PWM_Init)
    HAL_TIM_PWM_MspInit                      0x08002195   Thumb Code     2  stm32f4xx_hal_tim.o(i.HAL_TIM_PWM_MspInit)
    HAL_TIM_PWM_PulseFinishedCallback        0x08002197   Thumb Code     2  stm32f4xx_hal_tim.o(i.HAL_TIM_PWM_PulseFinishedCallback)
    HAL_TIM_PeriodElapsedCallback            0x08002199   Thumb Code    14  main.o(i.HAL_TIM_PeriodElapsedCallback)
    HAL_TIM_TriggerCallback                  0x080021ad   Thumb Code     2  stm32f4xx_hal_tim.o(i.HAL_TIM_TriggerCallback)
    HAL_UARTEx_RxEventCallback               0x080021af   Thumb Code     2  stm32f4xx_hal_uart.o(i.HAL_UARTEx_RxEventCallback)
    HAL_UART_DeInit                          0x080021b1   Thumb Code    54  stm32f4xx_hal_uart.o(i.HAL_UART_DeInit)
    HAL_UART_ErrorCallback                   0x080021e9   Thumb Code    86  bsp_uart.o(i.HAL_UART_ErrorCallback)
    HAL_UART_IRQHandler                      0x0800224d   Thumb Code   636  stm32f4xx_hal_uart.o(i.HAL_UART_IRQHandler)
    HAL_UART_Init                            0x080024cd   Thumb Code   100  stm32f4xx_hal_uart.o(i.HAL_UART_Init)
    HAL_UART_MspDeInit                       0x08002531   Thumb Code    88  usart.o(i.HAL_UART_MspDeInit)
    HAL_UART_MspInit                         0x08002599   Thumb Code   318  usart.o(i.HAL_UART_MspInit)
    HAL_UART_Receive_IT                      0x080026f5   Thumb Code    28  stm32f4xx_hal_uart.o(i.HAL_UART_Receive_IT)
    HAL_UART_RxCpltCallback                  0x08002711   Thumb Code    34  bsp_uart.o(i.HAL_UART_RxCpltCallback)
    HAL_UART_TxCpltCallback                  0x08002741   Thumb Code     2  stm32f4xx_hal_uart.o(i.HAL_UART_TxCpltCallback)
    HardFault_Handler                        0x08002743   Thumb Code     2  stm32f4xx_it.o(i.HardFault_Handler)
    MX_ADC1_Init                             0x08002899   Thumb Code   150  adc.o(i.MX_ADC1_Init)
    MX_ADC2_Init                             0x0800293d   Thumb Code    86  adc.o(i.MX_ADC2_Init)
    MX_CAN1_Init                             0x080029a1   Thumb Code    62  can.o(i.MX_CAN1_Init)
    MX_DMA_Init                              0x080029e9   Thumb Code    72  dma.o(i.MX_DMA_Init)
    MX_GPIO_Init                             0x08002a35   Thumb Code    54  gpio.o(i.MX_GPIO_Init)
    MX_IWDG_Init                             0x08002a71   Thumb Code    36  iwdg.o(i.MX_IWDG_Init)
    MX_TIM1_Init                             0x08002a9d   Thumb Code   256  tim.o(i.MX_TIM1_Init)
    MX_TIM5_Init                             0x08002ba5   Thumb Code    96  tim.o(i.MX_TIM5_Init)
    MX_USART1_UART_Init                      0x08002c0d   Thumb Code    48  usart.o(i.MX_USART1_UART_Init)
    MX_USART3_UART_Init                      0x08002c45   Thumb Code    48  usart.o(i.MX_USART3_UART_Init)
    MemManage_Handler                        0x08002c7d   Thumb Code     2  stm32f4xx_it.o(i.MemManage_Handler)
    NMI_Handler                              0x08002c7f   Thumb Code     2  stm32f4xx_it.o(i.NMI_Handler)
    PendSV_Handler                           0x08002c81   Thumb Code     2  stm32f4xx_it.o(i.PendSV_Handler)
    SVC_Handler                              0x08002c83   Thumb Code     2  stm32f4xx_it.o(i.SVC_Handler)
    SysTick_Handler                          0x08002c85   Thumb Code     4  stm32f4xx_it.o(i.SysTick_Handler)
    SystemClock_Config                       0x08002c89   Thumb Code   144  main.o(i.SystemClock_Config)
    SystemInit                               0x08002d21   Thumb Code    12  system_stm32f4xx.o(i.SystemInit)
    TIM1_BRK_TIM9_IRQHandler                 0x08002d31   Thumb Code     6  stm32f4xx_it.o(i.TIM1_BRK_TIM9_IRQHandler)
    TIM5_IRQHandler                          0x08002d3d   Thumb Code     6  stm32f4xx_it.o(i.TIM5_IRQHandler)
    TIM_Base_SetConfig                       0x08002d49   Thumb Code   164  stm32f4xx_hal_tim.o(i.TIM_Base_SetConfig)
    TIM_ETR_SetConfig                        0x08002e19   Thumb Code    20  stm32f4xx_hal_tim.o(i.TIM_ETR_SetConfig)
    TIM_OC2_SetConfig                        0x08002e9d   Thumb Code    98  stm32f4xx_hal_tim.o(i.TIM_OC2_SetConfig)
    UART_Start_Receive_IT                    0x08003231   Thumb Code    54  stm32f4xx_hal_uart.o(i.UART_Start_Receive_IT)
    USART1_IRQHandler                        0x08003269   Thumb Code     6  stm32f4xx_it.o(i.USART1_IRQHandler)
    USART3_IRQHandler                        0x08003275   Thumb Code     6  stm32f4xx_it.o(i.USART3_IRQHandler)
    UsageFault_Handler                       0x08003281   Thumb Code     2  stm32f4xx_it.o(i.UsageFault_Handler)
    __scatterload_copy                       0x080032a3   Thumb Code    14  handlers.o(i.__scatterload_copy)
    __scatterload_null                       0x080032b1   Thumb Code     2  handlers.o(i.__scatterload_null)
    __scatterload_zeroinit                   0x080032b3   Thumb Code    14  handlers.o(i.__scatterload_zeroinit)
    bsp_Init                                 0x0800336d   Thumb Code    34  bsp.o(i.bsp_Init)
    bsp_InitKey                              0x08003395   Thumb Code   106  bsp_key.o(i.bsp_InitKey)
    bsp_KeyScan10ms                          0x0800340d   Thumb Code    20  bsp_key.o(i.bsp_KeyScan10ms)
    bsp_PutKey                               0x08003421   Thumb Code    24  bsp_key.o(i.bsp_PutKey)
    fifo_init                                0x0800343d   Thumb Code    14  bsp_ringbuff.o(i.fifo_init)
    fifo_push_byte                           0x0800344b   Thumb Code    42  bsp_ringbuff.o(i.fifo_push_byte)
    get_system_time_ms                       0x08003475   Thumb Code    18  bsp_system_time.o(i.get_system_time_ms)
    get_system_time_us                       0x08003489   Thumb Code    40  bsp_system_time.o(i.get_system_time_us)
    hal_1000hz_loop                          0x080034b9   Thumb Code     2  bsp.o(i.hal_1000hz_loop)
    hal_100hz_loop                           0x080034bb   Thumb Code     4  bsp.o(i.hal_100hz_loop)
    hal_10hz_loop                            0x080034bf   Thumb Code     2  bsp.o(i.hal_10hz_loop)
    hal_1hz_loop                             0x080034c1   Thumb Code     2  bsp.o(i.hal_1hz_loop)
    hal_2hz_loop                             0x080034c5   Thumb Code    20  bsp.o(i.hal_2hz_loop)
    hal_50hz_loop                            0x080034e1   Thumb Code     2  bsp.o(i.hal_50hz_loop)
    hal_fast_loop                            0x080034e3   Thumb Code     2  bsp.o(i.hal_fast_loop)
    main                                     0x080034e5   Thumb Code   274  main.o(i.main)
    system_timer_tick                        0x08003601   Thumb Code    18  bsp_system_time.o(i.system_timer_tick)
    usart_configure                          0x08003619   Thumb Code    68  bsp_uart.o(i.usart_configure)
    AHBPrescTable                            0x080036a0   Data          16  system_stm32f4xx.o(.constdata)
    APBPrescTable                            0x080036b0   Data           8  system_stm32f4xx.o(.constdata)
    Region$$Table$$Base                      0x080036b8   Number         0  anon$$obj.o(Region$$Table)
    Region$$Table$$Limit                     0x080036d8   Number         0  anon$$obj.o(Region$$Table)
    htim_system                              0x20000000   Data           4  main.o(.data)
    last_1Hz_timestamp                       0x20000008   Data           8  main.o(.data)
    last_2Hz_timestamp                       0x20000010   Data           8  main.o(.data)
    last_10Hz_timestamp                      0x20000018   Data           8  main.o(.data)
    last_50Hz_timestamp                      0x20000020   Data           8  main.o(.data)
    last_100Hz_timestamp                     0x20000028   Data           8  main.o(.data)
    last_1000Hz_timestamp                    0x20000030   Data           8  main.o(.data)
    LED                                      0x20000038   Data          12  bsp_led.o(.data)
    usart3_data                              0x20000044   Data           1  bsp_uart.o(.data)
    timer_tick_count                         0x20000048   Data           8  bsp_system_time.o(.data)
    uwTickFreq                               0x20000050   Data           1  stm32f4xx_hal.o(.data)
    uwTickPrio                               0x20000054   Data           4  stm32f4xx_hal.o(.data)
    uwTick                                   0x20000058   Data           4  stm32f4xx_hal.o(.data)
    SystemCoreClock                          0x2000005c   Data           4  system_stm32f4xx.o(.data)
    hadc1                                    0x20000060   Data          72  adc.o(.bss)
    hadc2                                    0x200000a8   Data          72  adc.o(.bss)
    hcan1                                    0x200000f0   Data          40  can.o(.bss)
    hiwdg                                    0x20000118   Data          12  iwdg.o(.bss)
    htim1                                    0x20000124   Data          72  tim.o(.bss)
    htim5                                    0x2000016c   Data          72  tim.o(.bss)
    huart1                                   0x200001b4   Data          72  usart.o(.bss)
    huart3                                   0x200001fc   Data          72  usart.o(.bss)
    hdma_usart1_tx                           0x20000244   Data          96  usart.o(.bss)
    hdma_usart3_tx                           0x200002a4   Data          96  usart.o(.bss)
    usart3_rx_buf                            0x20000344   Data        1024  bsp_uart.o(.bss)
    usart3_rx_buffer                         0x20000744   Data          20  bsp_uart.o(.bss)
    usart3_dma_tx_buf                        0x20000758   Data        1024  bsp_uart.o(.bss)
    usart3_tx_buf                            0x20000b58   Data        1024  bsp_uart.o(.bss)
    usart3_tx_buffer                         0x20000f58   Data          20  bsp_uart.o(.bss)
    __initial_sp                             0x20001370   Data           0  startup_stm32f405xx.o(STACK)



==============================================================================

Memory Map of the image

  Image Entry point : 0x08000189

  Load Region LR_IROM1 (Base: 0x08000000, Size: 0x00003738, Max: 0x00100000, ABSOLUTE)

    Execution Region ER_IROM1 (Exec base: 0x08000000, Load base: 0x08000000, Size: 0x000036d8, Max: 0x00100000, ABSOLUTE)

    Exec Addr    Load Addr    Size         Type   Attr      Idx    E Section Name        Object

    0x08000000   0x08000000   0x00000188   Data   RO            3    RESET               startup_stm32f405xx.o
    0x08000188   0x08000188   0x00000000   Code   RO         4247  * .ARM.Collect$$$$00000000  mc_w.l(entry.o)
    0x08000188   0x08000188   0x00000004   Code   RO         4258    .ARM.Collect$$$$00000001  mc_w.l(entry2.o)
    0x0800018c   0x0800018c   0x00000004   Code   RO         4261    .ARM.Collect$$$$00000004  mc_w.l(entry5.o)
    0x08000190   0x08000190   0x00000000   Code   RO         4263    .ARM.Collect$$$$00000008  mc_w.l(entry7b.o)
    0x08000190   0x08000190   0x00000000   Code   RO         4265    .ARM.Collect$$$$0000000A  mc_w.l(entry8b.o)
    0x08000190   0x08000190   0x00000008   Code   RO         4266    .ARM.Collect$$$$0000000B  mc_w.l(entry9a.o)
    0x08000198   0x08000198   0x00000004   Code   RO         4273    .ARM.Collect$$$$0000000E  mc_w.l(entry12b.o)
    0x0800019c   0x0800019c   0x00000000   Code   RO         4268    .ARM.Collect$$$$0000000F  mc_w.l(entry10a.o)
    0x0800019c   0x0800019c   0x00000000   Code   RO         4270    .ARM.Collect$$$$00000011  mc_w.l(entry11a.o)
    0x0800019c   0x0800019c   0x00000004   Code   RO         4259    .ARM.Collect$$$$00002712  mc_w.l(entry2.o)
    0x080001a0   0x080001a0   0x00000024   Code   RO            4    .text               startup_stm32f405xx.o
    0x080001c4   0x080001c4   0x00000062   Code   RO         4250    .text               mc_w.l(uldiv.o)
    0x08000226   0x08000226   0x00000024   Code   RO         4254    .text               mc_w.l(memseta.o)
    0x0800024a   0x0800024a   0x0000001e   Code   RO         4274    .text               mc_w.l(llshl.o)
    0x08000268   0x08000268   0x00000020   Code   RO         4276    .text               mc_w.l(llushr.o)
    0x08000288   0x08000288   0x00000024   Code   RO         4278    .text               mc_w.l(init.o)
    0x080002ac   0x080002ac   0x0000001c   Code   RO          498    i.ADC_IRQHandler    stm32f4xx_it.o
    0x080002c8   0x080002c8   0x00000128   Code   RO         1187    i.ADC_Init          stm32f4xx_hal_adc.o
    0x080003f0   0x080003f0   0x00000004   Code   RO          826    i.BSP_LED_Init      bsp_led.o
    0x080003f4   0x080003f4   0x00000002   Code   RO          499    i.BusFault_Handler  stm32f4xx_it.o
    0x080003f6   0x080003f6   0x00000002   PAD
    0x080003f8   0x080003f8   0x0000000c   Code   RO          500    i.CAN1_RX0_IRQHandler  stm32f4xx_it.o
    0x08000404   0x08000404   0x0000000c   Code   RO          501    i.DMA1_Stream3_IRQHandler  stm32f4xx_it.o
    0x08000410   0x08000410   0x0000000c   Code   RO          502    i.DMA2_Stream7_IRQHandler  stm32f4xx_it.o
    0x0800041c   0x0800041c   0x00000028   Code   RO         1921    i.DMA_CalcBaseAndBitshift  stm32f4xx_hal_dma.o
    0x08000444   0x08000444   0x00000054   Code   RO         1922    i.DMA_CheckFifoParam  stm32f4xx_hal_dma.o
    0x08000498   0x08000498   0x00000002   Code   RO          503    i.DebugMon_Handler  stm32f4xx_it.o
    0x0800049a   0x0800049a   0x00000004   Code   RO           13    i.Error_Handler     main.o
    0x0800049e   0x0800049e   0x00000002   PAD
    0x080004a0   0x080004a0   0x000001bc   Code   RO         1357    i.HAL_ADCEx_InjectedConfigChannel  stm32f4xx_hal_adc_ex.o
    0x0800065c   0x0800065c   0x00000002   Code   RO         1358    i.HAL_ADCEx_InjectedConvCpltCallback  stm32f4xx_hal_adc_ex.o
    0x0800065e   0x0800065e   0x00000002   PAD
    0x08000660   0x08000660   0x0000014c   Code   RO         1189    i.HAL_ADC_ConfigChannel  stm32f4xx_hal_adc.o
    0x080007ac   0x080007ac   0x00000002   Code   RO         1190    i.HAL_ADC_ConvCpltCallback  stm32f4xx_hal_adc.o
    0x080007ae   0x080007ae   0x00000002   Code   RO         1193    i.HAL_ADC_ErrorCallback  stm32f4xx_hal_adc.o
    0x080007b0   0x080007b0   0x0000012e   Code   RO         1197    i.HAL_ADC_IRQHandler  stm32f4xx_hal_adc.o
    0x080008de   0x080008de   0x00000054   Code   RO         1198    i.HAL_ADC_Init      stm32f4xx_hal_adc.o
    0x08000932   0x08000932   0x00000002   Code   RO         1199    i.HAL_ADC_LevelOutOfWindowCallback  stm32f4xx_hal_adc.o
    0x08000934   0x08000934   0x000000a0   Code   RO          253    i.HAL_ADC_MspInit   adc.o
    0x080009d4   0x080009d4   0x00000002   Code   RO         2618    i.HAL_CAN_ErrorCallback  stm32f4xx_hal_can.o
    0x080009d6   0x080009d6   0x000001fc   Code   RO         2625    i.HAL_CAN_IRQHandler  stm32f4xx_hal_can.o
    0x08000bd2   0x08000bd2   0x0000011a   Code   RO         2626    i.HAL_CAN_Init      stm32f4xx_hal_can.o
    0x08000cec   0x08000cec   0x0000007c   Code   RO          301    i.HAL_CAN_MspInit   can.o
    0x08000d68   0x08000d68   0x00000002   Code   RO         2633    i.HAL_CAN_RxFifo0FullCallback  stm32f4xx_hal_can.o
    0x08000d6a   0x08000d6a   0x00000002   Code   RO         2634    i.HAL_CAN_RxFifo0MsgPendingCallback  stm32f4xx_hal_can.o
    0x08000d6c   0x08000d6c   0x00000002   Code   RO         2635    i.HAL_CAN_RxFifo1FullCallback  stm32f4xx_hal_can.o
    0x08000d6e   0x08000d6e   0x00000002   Code   RO         2636    i.HAL_CAN_RxFifo1MsgPendingCallback  stm32f4xx_hal_can.o
    0x08000d70   0x08000d70   0x00000002   Code   RO         2637    i.HAL_CAN_SleepCallback  stm32f4xx_hal_can.o
    0x08000d72   0x08000d72   0x00000002   Code   RO         2640    i.HAL_CAN_TxMailbox0AbortCallback  stm32f4xx_hal_can.o
    0x08000d74   0x08000d74   0x00000002   Code   RO         2641    i.HAL_CAN_TxMailbox0CompleteCallback  stm32f4xx_hal_can.o
    0x08000d76   0x08000d76   0x00000002   Code   RO         2642    i.HAL_CAN_TxMailbox1AbortCallback  stm32f4xx_hal_can.o
    0x08000d78   0x08000d78   0x00000002   Code   RO         2643    i.HAL_CAN_TxMailbox1CompleteCallback  stm32f4xx_hal_can.o
    0x08000d7a   0x08000d7a   0x00000002   Code   RO         2644    i.HAL_CAN_TxMailbox2AbortCallback  stm32f4xx_hal_can.o
    0x08000d7c   0x08000d7c   0x00000002   Code   RO         2645    i.HAL_CAN_TxMailbox2CompleteCallback  stm32f4xx_hal_can.o
    0x08000d7e   0x08000d7e   0x00000002   Code   RO         2647    i.HAL_CAN_WakeUpFromRxMsgCallback  stm32f4xx_hal_can.o
    0x08000d80   0x08000d80   0x00000092   Code   RO         1924    i.HAL_DMA_Abort     stm32f4xx_hal_dma.o
    0x08000e12   0x08000e12   0x00000024   Code   RO         1925    i.HAL_DMA_Abort_IT  stm32f4xx_hal_dma.o
    0x08000e36   0x08000e36   0x00000062   Code   RO         1926    i.HAL_DMA_DeInit    stm32f4xx_hal_dma.o
    0x08000e98   0x08000e98   0x000001a0   Code   RO         1929    i.HAL_DMA_IRQHandler  stm32f4xx_hal_dma.o
    0x08001038   0x08001038   0x000000d4   Code   RO         1930    i.HAL_DMA_Init      stm32f4xx_hal_dma.o
    0x0800110c   0x0800110c   0x00000168   Code   RO         1814    i.HAL_GPIO_DeInit   stm32f4xx_hal_gpio.o
    0x08001274   0x08001274   0x000001f0   Code   RO         1817    i.HAL_GPIO_Init     stm32f4xx_hal_gpio.o
    0x08001464   0x08001464   0x00000010   Code   RO         1820    i.HAL_GPIO_TogglePin  stm32f4xx_hal_gpio.o
    0x08001474   0x08001474   0x0000000a   Code   RO         1821    i.HAL_GPIO_WritePin  stm32f4xx_hal_gpio.o
    0x0800147e   0x0800147e   0x00000002   PAD
    0x08001480   0x08001480   0x0000000c   Code   RO         2367    i.HAL_GetTick       stm32f4xx_hal.o
    0x0800148c   0x0800148c   0x0000005e   Code   RO         2846    i.HAL_IWDG_Init     stm32f4xx_hal_iwdg.o
    0x080014ea   0x080014ea   0x0000000c   Code   RO         2847    i.HAL_IWDG_Refresh  stm32f4xx_hal_iwdg.o
    0x080014f6   0x080014f6   0x00000002   PAD
    0x080014f8   0x080014f8   0x00000010   Code   RO         2373    i.HAL_IncTick       stm32f4xx_hal.o
    0x08001508   0x08001508   0x00000034   Code   RO         2374    i.HAL_Init          stm32f4xx_hal.o
    0x0800153c   0x0800153c   0x00000040   Code   RO         2375    i.HAL_InitTick      stm32f4xx_hal.o
    0x0800157c   0x0800157c   0x00000030   Code   RO          622    i.HAL_MspInit       stm32f4xx_hal_msp.o
    0x080015ac   0x080015ac   0x00000022   Code   RO         2208    i.HAL_NVIC_DisableIRQ  stm32f4xx_hal_cortex.o
    0x080015ce   0x080015ce   0x0000001a   Code   RO         2209    i.HAL_NVIC_EnableIRQ  stm32f4xx_hal_cortex.o
    0x080015e8   0x080015e8   0x00000040   Code   RO         2215    i.HAL_NVIC_SetPriority  stm32f4xx_hal_cortex.o
    0x08001628   0x08001628   0x00000024   Code   RO         2216    i.HAL_NVIC_SetPriorityGrouping  stm32f4xx_hal_cortex.o
    0x0800164c   0x0800164c   0x00000134   Code   RO         1463    i.HAL_RCC_ClockConfig  stm32f4xx_hal_rcc.o
    0x08001780   0x08001780   0x00000020   Code   RO         1470    i.HAL_RCC_GetPCLK1Freq  stm32f4xx_hal_rcc.o
    0x080017a0   0x080017a0   0x00000020   Code   RO         1471    i.HAL_RCC_GetPCLK2Freq  stm32f4xx_hal_rcc.o
    0x080017c0   0x080017c0   0x00000060   Code   RO         1472    i.HAL_RCC_GetSysClockFreq  stm32f4xx_hal_rcc.o
    0x08001820   0x08001820   0x0000036c   Code   RO         1475    i.HAL_RCC_OscConfig  stm32f4xx_hal_rcc.o
    0x08001b8c   0x08001b8c   0x00000028   Code   RO         2220    i.HAL_SYSTICK_Config  stm32f4xx_hal_cortex.o
    0x08001bb4   0x08001bb4   0x00000002   Code   RO         3582    i.HAL_TIMEx_BreakCallback  stm32f4xx_hal_tim_ex.o
    0x08001bb6   0x08001bb6   0x00000002   Code   RO         3583    i.HAL_TIMEx_CommutCallback  stm32f4xx_hal_tim_ex.o
    0x08001bb8   0x08001bb8   0x00000054   Code   RO         3585    i.HAL_TIMEx_ConfigBreakDeadTime  stm32f4xx_hal_tim_ex.o
    0x08001c0c   0x08001c0c   0x00000090   Code   RO         3601    i.HAL_TIMEx_MasterConfigSynchronization  stm32f4xx_hal_tim_ex.o
    0x08001c9c   0x08001c9c   0x0000005a   Code   RO         2878    i.HAL_TIM_Base_Init  stm32f4xx_hal_tim.o
    0x08001cf6   0x08001cf6   0x00000002   PAD
    0x08001cf8   0x08001cf8   0x00000068   Code   RO          397    i.HAL_TIM_Base_MspInit  tim.o
    0x08001d60   0x08001d60   0x00000080   Code   RO         2883    i.HAL_TIM_Base_Start_IT  stm32f4xx_hal_tim.o
    0x08001de0   0x08001de0   0x000000dc   Code   RO         2887    i.HAL_TIM_ConfigClockSource  stm32f4xx_hal_tim.o
    0x08001ebc   0x08001ebc   0x00000002   Code   RO         2912    i.HAL_TIM_IC_CaptureCallback  stm32f4xx_hal_tim.o
    0x08001ebe   0x08001ebe   0x00000130   Code   RO         2926    i.HAL_TIM_IRQHandler  stm32f4xx_hal_tim.o
    0x08001fee   0x08001fee   0x00000002   PAD
    0x08001ff0   0x08001ff0   0x0000007c   Code   RO          398    i.HAL_TIM_MspPostInit  tim.o
    0x0800206c   0x0800206c   0x00000002   Code   RO         2929    i.HAL_TIM_OC_DelayElapsedCallback  stm32f4xx_hal_tim.o
    0x0800206e   0x0800206e   0x000000cc   Code   RO         2950    i.HAL_TIM_PWM_ConfigChannel  stm32f4xx_hal_tim.o
    0x0800213a   0x0800213a   0x0000005a   Code   RO         2953    i.HAL_TIM_PWM_Init  stm32f4xx_hal_tim.o
    0x08002194   0x08002194   0x00000002   Code   RO         2955    i.HAL_TIM_PWM_MspInit  stm32f4xx_hal_tim.o
    0x08002196   0x08002196   0x00000002   Code   RO         2956    i.HAL_TIM_PWM_PulseFinishedCallback  stm32f4xx_hal_tim.o
    0x08002198   0x08002198   0x00000014   Code   RO           14    i.HAL_TIM_PeriodElapsedCallback  main.o
    0x080021ac   0x080021ac   0x00000002   Code   RO         2969    i.HAL_TIM_TriggerCallback  stm32f4xx_hal_tim.o
    0x080021ae   0x080021ae   0x00000002   Code   RO         3861    i.HAL_UARTEx_RxEventCallback  stm32f4xx_hal_uart.o
    0x080021b0   0x080021b0   0x00000036   Code   RO         3874    i.HAL_UART_DeInit   stm32f4xx_hal_uart.o
    0x080021e6   0x080021e6   0x00000002   PAD
    0x080021e8   0x080021e8   0x00000064   Code   RO          978    i.HAL_UART_ErrorCallback  bsp_uart.o
    0x0800224c   0x0800224c   0x00000280   Code   RO         3878    i.HAL_UART_IRQHandler  stm32f4xx_hal_uart.o
    0x080024cc   0x080024cc   0x00000064   Code   RO         3879    i.HAL_UART_Init     stm32f4xx_hal_uart.o
    0x08002530   0x08002530   0x00000068   Code   RO          450    i.HAL_UART_MspDeInit  usart.o
    0x08002598   0x08002598   0x0000015c   Code   RO          451    i.HAL_UART_MspInit  usart.o
    0x080026f4   0x080026f4   0x0000001c   Code   RO         3884    i.HAL_UART_Receive_IT  stm32f4xx_hal_uart.o
    0x08002710   0x08002710   0x00000030   Code   RO          979    i.HAL_UART_RxCpltCallback  bsp_uart.o
    0x08002740   0x08002740   0x00000002   Code   RO         3890    i.HAL_UART_TxCpltCallback  stm32f4xx_hal_uart.o
    0x08002742   0x08002742   0x00000002   Code   RO          504    i.HardFault_Handler  stm32f4xx_it.o
    0x08002744   0x08002744   0x00000060   Code   RO          877    i.IsKeyDownFunc     bsp_key.o
    0x080027a4   0x080027a4   0x0000002c   Code   RO          878    i.KeyPinActive      bsp_key.o
    0x080027d0   0x080027d0   0x0000001c   Code   RO          827    i.LED_Flip          bsp_led.o
    0x080027ec   0x080027ec   0x00000068   Code   RO          828    i.LED_HardwareInit  bsp_led.o
    0x08002854   0x08002854   0x00000028   Code   RO          829    i.LED_Off           bsp_led.o
    0x0800287c   0x0800287c   0x0000001c   Code   RO          830    i.LED_On            bsp_led.o
    0x08002898   0x08002898   0x000000a4   Code   RO          254    i.MX_ADC1_Init      adc.o
    0x0800293c   0x0800293c   0x00000064   Code   RO          255    i.MX_ADC2_Init      adc.o
    0x080029a0   0x080029a0   0x00000048   Code   RO          302    i.MX_CAN1_Init      can.o
    0x080029e8   0x080029e8   0x0000004c   Code   RO          342    i.MX_DMA_Init       dma.o
    0x08002a34   0x08002a34   0x0000003c   Code   RO          228    i.MX_GPIO_Init      gpio.o
    0x08002a70   0x08002a70   0x0000002c   Code   RO          366    i.MX_IWDG_Init      iwdg.o
    0x08002a9c   0x08002a9c   0x00000108   Code   RO          399    i.MX_TIM1_Init      tim.o
    0x08002ba4   0x08002ba4   0x00000068   Code   RO          400    i.MX_TIM5_Init      tim.o
    0x08002c0c   0x08002c0c   0x00000038   Code   RO          452    i.MX_USART1_UART_Init  usart.o
    0x08002c44   0x08002c44   0x00000038   Code   RO          453    i.MX_USART3_UART_Init  usart.o
    0x08002c7c   0x08002c7c   0x00000002   Code   RO          505    i.MemManage_Handler  stm32f4xx_it.o
    0x08002c7e   0x08002c7e   0x00000002   Code   RO          506    i.NMI_Handler       stm32f4xx_it.o
    0x08002c80   0x08002c80   0x00000002   Code   RO          507    i.PendSV_Handler    stm32f4xx_it.o
    0x08002c82   0x08002c82   0x00000002   Code   RO          508    i.SVC_Handler       stm32f4xx_it.o
    0x08002c84   0x08002c84   0x00000004   Code   RO          509    i.SysTick_Handler   stm32f4xx_it.o
    0x08002c88   0x08002c88   0x00000098   Code   RO           15    i.SystemClock_Config  main.o
    0x08002d20   0x08002d20   0x00000010   Code   RO         4213    i.SystemInit        system_stm32f4xx.o
    0x08002d30   0x08002d30   0x0000000c   Code   RO          510    i.TIM1_BRK_TIM9_IRQHandler  stm32f4xx_it.o
    0x08002d3c   0x08002d3c   0x0000000c   Code   RO          511    i.TIM5_IRQHandler   stm32f4xx_it.o
    0x08002d48   0x08002d48   0x000000d0   Code   RO         2971    i.TIM_Base_SetConfig  stm32f4xx_hal_tim.o
    0x08002e18   0x08002e18   0x00000014   Code   RO         2982    i.TIM_ETR_SetConfig  stm32f4xx_hal_tim.o
    0x08002e2c   0x08002e2c   0x00000010   Code   RO         2983    i.TIM_ITRx_SetConfig  stm32f4xx_hal_tim.o
    0x08002e3c   0x08002e3c   0x00000060   Code   RO         2984    i.TIM_OC1_SetConfig  stm32f4xx_hal_tim.o
    0x08002e9c   0x08002e9c   0x0000006c   Code   RO         2985    i.TIM_OC2_SetConfig  stm32f4xx_hal_tim.o
    0x08002f08   0x08002f08   0x00000068   Code   RO         2986    i.TIM_OC3_SetConfig  stm32f4xx_hal_tim.o
    0x08002f70   0x08002f70   0x00000050   Code   RO         2987    i.TIM_OC4_SetConfig  stm32f4xx_hal_tim.o
    0x08002fc0   0x08002fc0   0x00000022   Code   RO         2989    i.TIM_TI1_ConfigInputStage  stm32f4xx_hal_tim.o
    0x08002fe2   0x08002fe2   0x00000024   Code   RO         2991    i.TIM_TI2_ConfigInputStage  stm32f4xx_hal_tim.o
    0x08003006   0x08003006   0x0000000e   Code   RO         3892    i.UART_DMAAbortOnError  stm32f4xx_hal_uart.o
    0x08003014   0x08003014   0x0000004e   Code   RO         3902    i.UART_EndRxTransfer  stm32f4xx_hal_uart.o
    0x08003062   0x08003062   0x000000c2   Code   RO         3904    i.UART_Receive_IT   stm32f4xx_hal_uart.o
    0x08003124   0x08003124   0x0000010c   Code   RO         3905    i.UART_SetConfig    stm32f4xx_hal_uart.o
    0x08003230   0x08003230   0x00000036   Code   RO         3907    i.UART_Start_Receive_IT  stm32f4xx_hal_uart.o
    0x08003266   0x08003266   0x00000002   PAD
    0x08003268   0x08003268   0x0000000c   Code   RO          512    i.USART1_IRQHandler  stm32f4xx_it.o
    0x08003274   0x08003274   0x0000000c   Code   RO          513    i.USART3_IRQHandler  stm32f4xx_it.o
    0x08003280   0x08003280   0x00000002   Code   RO          514    i.UsageFault_Handler  stm32f4xx_it.o
    0x08003282   0x08003282   0x00000020   Code   RO         2222    i.__NVIC_SetPriority  stm32f4xx_hal_cortex.o
    0x080032a2   0x080032a2   0x0000000e   Code   RO         4282    i.__scatterload_copy  mc_w.l(handlers.o)
    0x080032b0   0x080032b0   0x00000002   Code   RO         4283    i.__scatterload_null  mc_w.l(handlers.o)
    0x080032b2   0x080032b2   0x0000000e   Code   RO         4284    i.__scatterload_zeroinit  mc_w.l(handlers.o)
    0x080032c0   0x080032c0   0x000000ac   Code   RO          881    i.bsp_DetectKey     bsp_key.o
    0x0800336c   0x0800336c   0x00000028   Code   RO          751    i.bsp_Init          bsp.o
    0x08003394   0x08003394   0x00000078   Code   RO          885    i.bsp_InitKey       bsp_key.o
    0x0800340c   0x0800340c   0x00000014   Code   RO          886    i.bsp_KeyScan10ms   bsp_key.o
    0x08003420   0x08003420   0x0000001c   Code   RO          888    i.bsp_PutKey        bsp_key.o
    0x0800343c   0x0800343c   0x0000000e   Code   RO         1047    i.fifo_init         bsp_ringbuff.o
    0x0800344a   0x0800344a   0x0000002a   Code   RO         1054    i.fifo_push_byte    bsp_ringbuff.o
    0x08003474   0x08003474   0x00000012   Code   RO         1164    i.get_system_time_ms  bsp_system_time.o
    0x08003486   0x08003486   0x00000002   PAD
    0x08003488   0x08003488   0x00000030   Code   RO         1159    i.get_system_time_us  bsp_system_time.o
    0x080034b8   0x080034b8   0x00000002   Code   RO          752    i.hal_1000hz_loop   bsp.o
    0x080034ba   0x080034ba   0x00000004   Code   RO          753    i.hal_100hz_loop    bsp.o
    0x080034be   0x080034be   0x00000002   Code   RO          754    i.hal_10hz_loop     bsp.o
    0x080034c0   0x080034c0   0x00000002   Code   RO          755    i.hal_1hz_loop      bsp.o
    0x080034c2   0x080034c2   0x00000002   PAD
    0x080034c4   0x080034c4   0x0000001c   Code   RO          756    i.hal_2hz_loop      bsp.o
    0x080034e0   0x080034e0   0x00000002   Code   RO          757    i.hal_50hz_loop     bsp.o
    0x080034e2   0x080034e2   0x00000002   Code   RO          759    i.hal_fast_loop     bsp.o
    0x080034e4   0x080034e4   0x0000011c   Code   RO           16    i.main              main.o
    0x08003600   0x08003600   0x00000018   Code   RO         1129    i.system_timer_tick  bsp_system_time.o
    0x08003618   0x08003618   0x00000058   Code   RO          982    i.usart_configure   bsp_uart.o
    0x08003670   0x08003670   0x00000010   Data   RO          831    .constdata          bsp_led.o
    0x08003680   0x08003680   0x00000018   Data   RO          891    .constdata          bsp_key.o
    0x08003698   0x08003698   0x00000008   Data   RO         1936    .constdata          stm32f4xx_hal_dma.o
    0x080036a0   0x080036a0   0x00000010   Data   RO         4214    .constdata          system_stm32f4xx.o
    0x080036b0   0x080036b0   0x00000008   Data   RO         4215    .constdata          system_stm32f4xx.o
    0x080036b8   0x080036b8   0x00000020   Data   RO         4280    Region$$Table       anon$$obj.o


    Execution Region RW_IRAM1 (Exec base: 0x20000000, Load base: 0x080036d8, Size: 0x00001370, Max: 0x0001c000, ABSOLUTE)

    Exec Addr    Load Addr    Size         Type   Attr      Idx    E Section Name        Object

    0x20000000   0x080036d8   0x00000004   Data   RW           17    .data               main.o
    0x20000004   0x080036dc   0x00000004   PAD
    0x20000008   0x080036e0   0x00000030   Data   RW           18    .data               main.o
    0x20000038   0x08003710   0x0000000c   Data   RW          832    .data               bsp_led.o
    0x20000044   0x0800371c   0x00000001   Data   RW          985    .data               bsp_uart.o
    0x20000045   0x0800371d   0x00000003   PAD
    0x20000048   0x08003720   0x00000008   Data   RW         1130    .data               bsp_system_time.o
    0x20000050   0x08003728   0x0000000c   Data   RW         2381    .data               stm32f4xx_hal.o
    0x2000005c   0x08003734   0x00000004   Data   RW         4216    .data               system_stm32f4xx.o
    0x20000060        -       0x00000090   Zero   RW          256    .bss                adc.o
    0x200000f0        -       0x00000028   Zero   RW          303    .bss                can.o
    0x20000118        -       0x0000000c   Zero   RW          367    .bss                iwdg.o
    0x20000124        -       0x00000090   Zero   RW          401    .bss                tim.o
    0x200001b4        -       0x00000150   Zero   RW          454    .bss                usart.o
    0x20000304        -       0x0000003d   Zero   RW          890    .bss                bsp_key.o
    0x20000341   0x08003738   0x00000003   PAD
    0x20000344        -       0x00000c28   Zero   RW          984    .bss                bsp_uart.o
    0x20000f6c   0x08003738   0x00000004   PAD
    0x20000f70        -       0x00000400   Zero   RW            1    STACK               startup_stm32f405xx.o


    Execution Region RW_IRAM2 (Exec base: 0x2001c000, Load base: 0x08003738, Size: 0x00000000, Max: 0x00004000, ABSOLUTE)

    **** No section assigned to this execution region ****


==============================================================================

Image component sizes


      Code (inc. data)   RO Data    RW Data    ZI Data      Debug   Object Name

       424         46          0          0        144       2558   adc.o
        82         14          0          0          0       3612   bsp.o
       480         28         24          0         61       5869   bsp_key.o
       204         24         16         12          0       3925   bsp_led.o
        56          0          0          0          0       2101   bsp_ringbuff.o
        90         14          0          8          0       2017   bsp_system_time.o
       236         48          0          1       3112       3027   bsp_uart.o
       196         24          0          0         40       1733   can.o
        76          4          0          0          0        838   dma.o
        60          6          0          0          0        855   gpio.o
        44          8          0          0         12        743   iwdg.o
       460         24          0         52          0     678849   main.o
        36          8        392          0       1024        844   startup_stm32f405xx.o
       144         24          0         12          0       8837   stm32f4xx_hal.o
      1020         28          0          0          0       5574   stm32f4xx_hal_adc.o
       446         16          0          0          0       2115   stm32f4xx_hal_adc_ex.o
       816          0          0          0          0      10323   stm32f4xx_hal_can.o
       232         14          0          0          0      34585   stm32f4xx_hal_cortex.o
      1032         16          8          0          0       6424   stm32f4xx_hal_dma.o
       882         86          0          0          0       3823   stm32f4xx_hal_gpio.o
       106          0          0          0          0       1931   stm32f4xx_hal_iwdg.o
        48          6          0          0          0        878   stm32f4xx_hal_msp.o
      1344         72          0          0          0       5308   stm32f4xx_hal_rcc.o
      1748        108          0          0          0      15762   stm32f4xx_hal_tim.o
       232         28          0          0          0       3349   stm32f4xx_hal_tim_ex.o
      1434         14          0          0          0       9505   stm32f4xx_hal_uart.o
       132         52          0          0          0       8142   stm32f4xx_it.o
        16          4         24          4          0       1151   system_stm32f4xx.o
       596         46          0          0        144       3349   tim.o
       564         62          0          0        336       3306   usart.o

    ----------------------------------------------------------------------
     13258        824        496         96       4880     831333   Object Totals
         0          0         32          0          0          0   (incl. Generated)
        22          0          0          7          7          0   (incl. Padding)

    ----------------------------------------------------------------------

      Code (inc. data)   RO Data    RW Data    ZI Data      Debug   Library Member Name

         0          0          0          0          0          0   entry.o
         0          0          0          0          0          0   entry10a.o
         0          0          0          0          0          0   entry11a.o
         4          0          0          0          0          0   entry12b.o
         8          4          0          0          0          0   entry2.o
         4          0          0          0          0          0   entry5.o
         0          0          0          0          0          0   entry7b.o
         0          0          0          0          0          0   entry8b.o
         8          4          0          0          0          0   entry9a.o
        30          0          0          0          0          0   handlers.o
        36          8          0          0          0         68   init.o
        30          0          0          0          0         68   llshl.o
        32          0          0          0          0         68   llushr.o
        36          0          0          0          0        108   memseta.o
        98          0          0          0          0         92   uldiv.o

    ----------------------------------------------------------------------
       286         16          0          0          0        404   Library Totals
         0          0          0          0          0          0   (incl. Padding)

    ----------------------------------------------------------------------

      Code (inc. data)   RO Data    RW Data    ZI Data      Debug   Library Name

       286         16          0          0          0        404   mc_w.l

    ----------------------------------------------------------------------
       286         16          0          0          0        404   Library Totals

    ----------------------------------------------------------------------

==============================================================================


      Code (inc. data)   RO Data    RW Data    ZI Data      Debug   

     13544        840        496         96       4880     817237   Grand Totals
     13544        840        496         96       4880     817237   ELF Image Totals
     13544        840        496         96          0          0   ROM Totals

==============================================================================

    Total RO  Size (Code + RO Data)                14040 (  13.71kB)
    Total RW  Size (RW Data + ZI Data)              4976 (   4.86kB)
    Total ROM Size (Code + RO Data + RW Data)      14136 (  13.80kB)

==============================================================================

